src/a11y/LiveMessage.tsx(19,25): error TS2345: Argument of type 'string' is not assignable to parameter of type 'AnnounceOptions'.
src/a11y/LiveMessage.tsx(21,22): error TS2345: Argument of type 'string' is not assignable to parameter of type 'AnnounceOptions'.
src/a11y/LiveMessage.tsx(28,27): error TS2345: Argument of type 'string' is not assignable to parameter of type 'AnnounceOptions'.
src/a11y/LiveMessage.tsx(29,24): error TS2345: Argument of type 'string' is not assignable to parameter of type 'AnnounceOptions'.
src/common/agents-types.ts(1,10): error TS2614: Module '"librechat-data-provider"' has no exported member 'AgentCapabilities'. Did you mean to use 'import AgentCapabilities from "librechat-data-provider"' instead?
src/common/agents-types.ts(1,29): error TS2614: Module '"librechat-data-provider"' has no exported member 'ArtifactModes'. Did you mean to use 'import ArtifactModes from "librechat-data-provider"' instead?
src/common/agents-types.ts(2,22): error TS2614: Module '"librechat-data-provider"' has no exported member 'AgentProvider'. Did you mean to use 'import AgentProvider from "librechat-data-provider"' instead?
src/common/agents-types.ts(2,37): error TS2614: Module '"librechat-data-provider"' has no exported member 'AgentModelParameters'. Did you mean to use 'import AgentModelParameters from "librechat-data-provider"' instead?
src/common/assistants-types.ts(1,10): error TS2614: Module '"librechat-data-provider"' has no exported member 'Capabilities'. Did you mean to use 'import Capabilities from "librechat-data-provider"' instead?
src/common/assistants-types.ts(2,26): error TS2724: '"librechat-data-provider"' has no exported member named 'AssistantsEndpoint'. Did you mean 'isAssistantsEndpoint'?
src/common/assistants-types.ts(5,52): error TS2503: Cannot find namespace 'EModelEndpoint'.
src/common/mcp.ts(2,3): error TS2614: Module '"librechat-data-provider"' has no exported member 'AuthorizationTypeEnum'. Did you mean to use 'import AuthorizationTypeEnum from "librechat-data-provider"' instead?
src/common/mcp.ts(3,3): error TS2614: Module '"librechat-data-provider"' has no exported member 'AuthTypeEnum'. Did you mean to use 'import AuthTypeEnum from "librechat-data-provider"' instead?
src/common/mcp.ts(4,3): error TS2614: Module '"librechat-data-provider"' has no exported member 'TokenExchangeMethodEnum'. Did you mean to use 'import TokenExchangeMethodEnum from "librechat-data-provider"' instead?
src/common/tools.ts(1,15): error TS2614: Module '"librechat-data-provider"' has no exported member 'AuthType'. Did you mean to use 'import AuthType from "librechat-data-provider"' instead?
src/common/types.ts(2,10): error TS2614: Module '"librechat-data-provider"' has no exported member 'FileSources'. Did you mean to use 'import FileSources from "librechat-data-provider"' instead?
src/common/types.ts(75,41): error TS2749: 't.EModelEndpoint' refers to a value, but is being used as a type here. Did you mean 'typeof t.EModelEndpoint'?
src/common/types.ts(110,11): error TS2749: 't.EModelEndpoint' refers to a value, but is being used as a type here. Did you mean 'typeof t.EModelEndpoint'?
src/common/types.ts(155,11): error TS2694: Namespace '"librechat-data-provider"' has no exported member 'AuthTypeEnum'.
src/common/types.ts(159,25): error TS2694: Namespace '"librechat-data-provider"' has no exported member 'AuthorizationTypeEnum'.
src/common/types.ts(167,28): error TS2694: Namespace '"librechat-data-provider"' has no exported member 'TokenExchangeMethodEnum'.
src/common/types.ts(179,49): error TS2694: Namespace '"librechat-data-provider"' has no exported member 'Action'.
src/common/types.ts(180,15): error TS2694: Namespace '"librechat-data-provider"' has no exported member 'ActionMetadata'.
src/common/types.ts(186,15): error TS2694: Namespace '"librechat-data-provider"' has no exported member 'Action'.
src/common/types.ts(189,15): error TS2724: '"librechat-data-provider"' has no exported member named 'AssistantsEndpoint'. Did you mean 'isAssistantsEndpoint'?
src/common/types.ts(191,31): error TS2694: Namespace '"librechat-data-provider"' has no exported member 'AssistantDocument'.
src/common/types.ts(192,52): error TS2694: Namespace '"librechat-data-provider"' has no exported member 'Action'.
src/common/types.ts(201,11): error TS2694: Namespace '"librechat-data-provider"' has no exported member 'MCP'.
src/common/types.ts(202,12): error TS2694: Namespace '"librechat-data-provider"' has no exported member 'MCP'.
src/common/types.ts(203,14): error TS2694: Namespace '"librechat-data-provider"' has no exported member 'Action'.
src/common/types.ts(204,15): error TS2694: Namespace '"librechat-data-provider"' has no exported member 'Action'.
src/common/types.ts(205,55): error TS2694: Namespace '"librechat-data-provider"' has no exported member 'AgentCreateParams'.
src/common/types.ts(207,49): error TS2694: Namespace '"librechat-data-provider"' has no exported member 'MCP'.
src/common/types.ts(208,52): error TS2694: Namespace '"librechat-data-provider"' has no exported member 'Action'.
src/common/types.ts(211,20): error TS2724: '"librechat-data-provider"' has no exported member named 'TAgentsEndpoint'. Did you mean 'isAgentsEndpoint'?
src/common/types.ts(215,14): error TS2694: Namespace '"librechat-data-provider"' has no exported member 'Action'.
src/common/types.ts(216,15): error TS2694: Namespace '"librechat-data-provider"' has no exported member 'Action'.
src/common/types.ts(217,52): error TS2694: Namespace '"librechat-data-provider"' has no exported member 'Action'.
src/common/types.ts(218,11): error TS2694: Namespace '"librechat-data-provider"' has no exported member 'MCP'.
src/common/types.ts(219,12): error TS2694: Namespace '"librechat-data-provider"' has no exported member 'MCP'.
src/common/types.ts(220,49): error TS2694: Namespace '"librechat-data-provider"' has no exported member 'MCP'.
src/common/types.ts(221,50): error TS2694: Namespace '"librechat-data-provider"' has no exported member 'MCP'.
src/common/types.ts(222,34): error TS2694: Namespace '"librechat-data-provider"' has no exported member 'AgentToolType'.
src/common/types.ts(222,62): error TS2694: Namespace '"librechat-data-provider"' has no exported member 'AgentToolType'.
src/common/types.ts(223,12): error TS2694: Namespace '"librechat-data-provider"' has no exported member 'AgentToolType'.
src/common/types.ts(239,28): error TS2694: Namespace '"librechat-data-provider"' has no exported member 'TSetOption'.
src/common/types.ts(404,13): error TS2749: 't.EModelEndpoint' refers to a value, but is being used as a type here. Did you mean 'typeof t.EModelEndpoint'?
src/common/types.ts(443,19): error TS2694: Namespace '"librechat-data-provider"' has no exported member 'TLoginUser'.
src/common/types.ts(446,28): error TS2694: Namespace '"librechat-data-provider"' has no exported member 'TRole'.
src/common/types.ts(469,16): error TS2749: 't.EModelEndpoint' refers to a value, but is being used as a type here. Did you mean 'typeof t.EModelEndpoint'?
src/common/types.ts(470,20): error TS2749: 't.EModelEndpoint' refers to a value, but is being used as a type here. Did you mean 'typeof t.EModelEndpoint'?
src/common/types.ts(537,16): error TS2694: Namespace '"librechat-data-provider"' has no exported member 'TFile'.
src/common/types.ts(542,13): error TS2749: 'EModelEndpoint' refers to a value, but is being used as a type here. Did you mean 'typeof EModelEndpoint'?
src/common/types.ts(556,14): error TS2749: 't.EModelEndpoint' refers to a value, but is being used as a type here. Did you mean 'typeof t.EModelEndpoint'?
src/common/types.ts(573,18): error TS2694: Namespace '"librechat-data-provider"' has no exported member 'TModelsConfig'.
src/common/types.ts(583,14): error TS2724: '"librechat-data-provider"' has no exported member named 'TResPlugin'. Did you mean 'TPlugin'?
src/components/Artifacts/Mermaid.tsx(2,21): error TS2307: Cannot find module 'mermaid' or its corresponding type declarations.
src/components/Artifacts/Mermaid.tsx(4,76): error TS2307: Cannot find module 'react-zoom-pan-pinch' or its corresponding type declarations.
src/components/Artifacts/Mermaid.tsx(159,13): error TS7031: Binding element 'zoomIn' implicitly has an 'any' type.
src/components/Artifacts/Mermaid.tsx(159,21): error TS7031: Binding element 'zoomOut' implicitly has an 'any' type.
src/components/Auth/__tests__/Login.spec.tsx(124,36): error TS2339: Property 'toBeInTheDocument' does not exist on type 'JestMatchers<HTMLElement>'.
src/components/Auth/__tests__/Login.spec.tsx(125,39): error TS2339: Property 'toBeInTheDocument' does not exist on type 'JestMatchers<HTMLElement>'.
src/components/Auth/__tests__/Login.spec.tsx(126,54): error TS2339: Property 'toBeInTheDocument' does not exist on type 'JestMatchers<HTMLElement>'.
src/components/Auth/__tests__/Login.spec.tsx(127,51): error TS2339: Property 'toBeInTheDocument' does not exist on type 'JestMatchers<HTMLElement>'.
src/components/Auth/__tests__/Login.spec.tsx(128,51): error TS2339: Property 'toHaveAttribute' does not exist on type 'JestMatchers<HTMLElement>'.
src/components/Auth/__tests__/Login.spec.tsx(129,64): error TS2339: Property 'toBeInTheDocument' does not exist on type 'JestMatchers<HTMLElement>'.
src/components/Auth/__tests__/Login.spec.tsx(130,64): error TS2339: Property 'toHaveAttribute' does not exist on type 'JestMatchers<HTMLElement>'.
src/components/Auth/__tests__/Login.spec.tsx(134,66): error TS2339: Property 'toBeInTheDocument' does not exist on type 'JestMatchers<HTMLElement>'.
src/components/Auth/__tests__/Login.spec.tsx(135,66): error TS2339: Property 'toHaveAttribute' does not exist on type 'JestMatchers<HTMLElement>'.
src/components/Auth/__tests__/Login.spec.tsx(139,64): error TS2339: Property 'toBeInTheDocument' does not exist on type 'JestMatchers<HTMLElement>'.
src/components/Auth/__tests__/Login.spec.tsx(140,64): error TS2339: Property 'toHaveAttribute' does not exist on type 'JestMatchers<HTMLElement>'.
src/components/Auth/__tests__/Login.spec.tsx(144,65): error TS2339: Property 'toBeInTheDocument' does not exist on type 'JestMatchers<HTMLElement>'.
src/components/Auth/__tests__/Login.spec.tsx(145,65): error TS2339: Property 'toHaveAttribute' does not exist on type 'JestMatchers<HTMLElement>'.
src/components/Auth/__tests__/Login.spec.tsx(149,53): error TS2339: Property 'toBeInTheDocument' does not exist on type 'JestMatchers<HTMLElement>'.
src/components/Auth/__tests__/Login.spec.tsx(150,53): error TS2339: Property 'toHaveAttribute' does not exist on type 'JestMatchers<HTMLElement>'.
src/components/Auth/__tests__/Login.spec.tsx(179,27): error TS2339: Property 'history' does not exist on type '{ mockUseLoginUser: SpyInstance<UseMutationResult<t.TLoginResponse, unknown, t.TLoginUser, unknown>, [options?: any], any>; mockUseGetUserQuery: SpyInstance<QueryObserverResult<t.TUser>, [config?: ...], any>; ... 57 more ...; findAllByTestId: (id: Matcher, options?: MatcherOptions | undefined, waitForElementOptions?...'.
src/components/Auth/__tests__/LoginForm.spec.tsx(109,6): error TS2739: Type '{ onSubmit: Mock<any, any, any>; startupConfig: any; }' is missing the following properties from type 'TLoginFormProps': error, setError
src/components/Auth/__tests__/LoginForm.spec.tsx(111,36): error TS2339: Property 'toBeInTheDocument' does not exist on type 'JestMatchers<HTMLElement>'.
src/components/Auth/__tests__/LoginForm.spec.tsx(112,39): error TS2339: Property 'toBeInTheDocument' does not exist on type 'JestMatchers<HTMLElement>'.
src/components/Auth/__tests__/LoginForm.spec.tsx(117,6): error TS2739: Type '{ onSubmit: Mock<any, any, any>; startupConfig: any; }' is missing the following properties from type 'TLoginFormProps': error, setError
src/components/Auth/__tests__/LoginForm.spec.tsx(132,6): error TS2739: Type '{ onSubmit: Mock<any, any, any>; startupConfig: any; }' is missing the following properties from type 'TLoginFormProps': error, setError
src/components/Auth/__tests__/LoginForm.spec.tsx(142,62): error TS2339: Property 'toBeInTheDocument' does not exist on type 'JestMatchers<HTMLElement>'.
src/components/Auth/__tests__/LoginForm.spec.tsx(143,64): error TS2339: Property 'toBeInTheDocument' does not exist on type 'JestMatchers<HTMLElement>'.
src/components/Auth/__tests__/Registration.spec.tsx(122,45): error TS2339: Property 'toBeInTheDocument' does not exist on type 'JestMatchers<HTMLElement>'.
src/components/Auth/__tests__/Registration.spec.tsx(123,56): error TS2339: Property 'toBeInTheDocument' does not exist on type 'JestMatchers<HTMLElement>'.
src/components/Auth/__tests__/Registration.spec.tsx(124,61): error TS2339: Property 'toBeVisible' does not exist on type 'JestMatchers<HTMLElement>'.
src/components/Auth/__tests__/Registration.spec.tsx(125,55): error TS2339: Property 'toBeInTheDocument' does not exist on type 'JestMatchers<HTMLElement>'.
src/components/Auth/__tests__/Registration.spec.tsx(126,52): error TS2339: Property 'toBeInTheDocument' does not exist on type 'JestMatchers<HTMLElement>'.
src/components/Auth/__tests__/Registration.spec.tsx(127,35): error TS2339: Property 'toBeInTheDocument' does not exist on type 'JestMatchers<HTMLElement>'.
src/components/Auth/__tests__/Registration.spec.tsx(128,43): error TS2339: Property 'toBeInTheDocument' does not exist on type 'JestMatchers<HTMLElement>'.
src/components/Auth/__tests__/Registration.spec.tsx(129,65): error TS2339: Property 'toBeInTheDocument' does not exist on type 'JestMatchers<HTMLElement>'.
src/components/Auth/__tests__/Registration.spec.tsx(130,48): error TS2339: Property 'toBeInTheDocument' does not exist on type 'JestMatchers<HTMLElement>'.
src/components/Auth/__tests__/Registration.spec.tsx(131,48): error TS2339: Property 'toHaveAttribute' does not exist on type 'JestMatchers<HTMLElement>'.
src/components/Auth/__tests__/Registration.spec.tsx(132,64): error TS2339: Property 'toBeInTheDocument' does not exist on type 'JestMatchers<HTMLElement>'.
src/components/Auth/__tests__/Registration.spec.tsx(133,64): error TS2339: Property 'toHaveAttribute' does not exist on type 'JestMatchers<HTMLElement>'.
src/components/Auth/__tests__/Registration.spec.tsx(137,66): error TS2339: Property 'toBeInTheDocument' does not exist on type 'JestMatchers<HTMLElement>'.
src/components/Auth/__tests__/Registration.spec.tsx(138,66): error TS2339: Property 'toHaveAttribute' does not exist on type 'JestMatchers<HTMLElement>'.
src/components/Auth/__tests__/Registration.spec.tsx(142,64): error TS2339: Property 'toBeInTheDocument' does not exist on type 'JestMatchers<HTMLElement>'.
src/components/Auth/__tests__/Registration.spec.tsx(143,64): error TS2339: Property 'toHaveAttribute' does not exist on type 'JestMatchers<HTMLElement>'.
src/components/Auth/__tests__/Registration.spec.tsx(147,65): error TS2339: Property 'toBeInTheDocument' does not exist on type 'JestMatchers<HTMLElement>'.
src/components/Auth/__tests__/Registration.spec.tsx(148,65): error TS2339: Property 'toHaveAttribute' does not exist on type 'JestMatchers<HTMLElement>'.
src/components/Auth/__tests__/Registration.spec.tsx(152,53): error TS2339: Property 'toBeInTheDocument' does not exist on type 'JestMatchers<HTMLElement>'.
src/components/Auth/__tests__/Registration.spec.tsx(153,53): error TS2339: Property 'toHaveAttribute' does not exist on type 'JestMatchers<HTMLElement>'.
src/components/Auth/__tests__/Registration.spec.tsx(194,21): error TS2339: Property 'toHaveTextContent' does not exist on type 'JestMatchers<HTMLElement>'.
src/components/Auth/__tests__/Registration.spec.tsx(195,21): error TS2339: Property 'toHaveTextContent' does not exist on type 'JestMatchers<HTMLElement>'.
src/components/Auth/__tests__/Registration.spec.tsx(196,21): error TS2339: Property 'toHaveTextContent' does not exist on type 'JestMatchers<HTMLElement>'.
src/components/Auth/__tests__/Registration.spec.tsx(197,21): error TS2339: Property 'toHaveTextContent' does not exist on type 'JestMatchers<HTMLElement>'.
src/components/Auth/__tests__/Registration.spec.tsx(198,21): error TS2339: Property 'toHaveTextContent' does not exist on type 'JestMatchers<HTMLElement>'.
src/components/Auth/__tests__/Registration.spec.tsx(222,54): error TS2339: Property 'toBeInTheDocument' does not exist on type 'JestMatchers<HTMLElement>'.
src/components/Auth/__tests__/Registration.spec.tsx(223,54): error TS2339: Property 'toHaveTextContent' does not exist on type 'JestMatchers<HTMLElement>'.
src/components/Auth/LoginForm.tsx(5,15): error TS2614: Module '"librechat-data-provider"' has no exported member 'TLoginUser'. Did you mean to use 'import TLoginUser from "librechat-data-provider"' instead?
src/components/Auth/Registration.tsx(7,15): error TS2614: Module '"librechat-data-provider"' has no exported member 'TRegisterUser'. Did you mean to use 'import TRegisterUser from "librechat-data-provider"' instead?
src/components/Auth/Registration.tsx(7,30): error TS2614: Module '"librechat-data-provider"' has no exported member 'TError'. Did you mean to use 'import TError from "librechat-data-provider"' instead?
src/components/Auth/RequestPasswordReset.tsx(6,15): error TS2614: Module '"librechat-data-provider"' has no exported member 'TRequestPasswordReset'. Did you mean to use 'import TRequestPasswordReset from "librechat-data-provider"' instead?
src/components/Auth/RequestPasswordReset.tsx(6,38): error TS2614: Module '"librechat-data-provider"' has no exported member 'TRequestPasswordResetResponse'. Did you mean to use 'import TRequestPasswordResetResponse from "librechat-data-provider"' instead?
src/components/Auth/ResetPassword.tsx(6,15): error TS2614: Module '"librechat-data-provider"' has no exported member 'TResetPassword'. Did you mean to use 'import TResetPassword from "librechat-data-provider"' instead?
src/components/Auth/SocialButton.tsx(3,25): error TS7031: Binding element 'id' implicitly has an 'any' type.
src/components/Auth/SocialButton.tsx(3,29): error TS7031: Binding element 'enabled' implicitly has an 'any' type.
src/components/Auth/SocialButton.tsx(3,38): error TS7031: Binding element 'serverDomain' implicitly has an 'any' type.
src/components/Auth/SocialButton.tsx(3,52): error TS7031: Binding element 'oauthPath' implicitly has an 'any' type.
src/components/Auth/SocialButton.tsx(3,63): error TS7031: Binding element 'Icon' implicitly has an 'any' type.
src/components/Auth/SocialButton.tsx(3,69): error TS7031: Binding element 'label' implicitly has an 'any' type.
src/components/Auth/SocialLoginRender.tsx(134,45): error TS7006: Parameter 'provider' implicitly has an 'any' type.
src/components/Auth/SocialLoginRender.tsx(134,58): error TS7053: Element implicitly has an 'any' type because expression of type 'any' can't be used to index type '{ discord: any; facebook: any; github: any; google: any; apple: any; openid: any; saml: any; }'.
src/components/Auth/TwoFactorScreen.tsx(36,17): error TS7006: Parameter 'result' implicitly has an 'any' type.
src/components/Bookmarks/BookmarkEditDialog.tsx(2,10): error TS2724: '"librechat-data-provider"' has no exported member named 'TConversationTag'. Did you mean 'TConversation'?
src/components/Bookmarks/BookmarkEditDialog.tsx(41,19): error TS7006: Parameter '_data' implicitly has an 'any' type.
src/components/Bookmarks/BookmarkEditDialog.tsx(41,26): error TS7006: Parameter 'vars' implicitly has an 'any' type.
src/components/Bookmarks/BookmarkForm.tsx(6,15): error TS2724: '"librechat-data-provider"' has no exported member named 'TConversationTag'. Did you mean 'TConversation'?
src/components/Bookmarks/BookmarkForm.tsx(119,65): error TS2322: Type 'string | FieldError | Merge<FieldError, FieldErrorsImpl<any>> | undefined' is not assignable to type 'ReactI18NextChildren | Iterable<ReactI18NextChildren>'.
  Type 'FieldError' is not assignable to type 'ReactI18NextChildren | Iterable<ReactI18NextChildren>'.
    Type 'FieldError' is missing the following properties from type 'ReactPortal': children, props, key
src/components/Bookmarks/EditBookmarkButton.tsx(3,15): error TS2724: '"librechat-data-provider"' has no exported member named 'TConversationTag'. Did you mean 'TConversation'?
src/components/Chat/Footer.tsx(55,51): error TS7006: Parameter 'text' implicitly has an 'any' type.
src/components/Chat/Footer.tsx(55,57): error TS7006: Parameter 'index' implicitly has an 'any' type.
src/components/Chat/Header.tsx(4,10): error TS2614: Module '"librechat-data-provider"' has no exported member 'getConfigDefaults'. Did you mean to use 'import getConfigDefaults from "librechat-data-provider"' instead?
src/components/Chat/Header.tsx(4,29): error TS2614: Module '"librechat-data-provider"' has no exported member 'PermissionTypes'. Did you mean to use 'import PermissionTypes from "librechat-data-provider"' instead?
src/components/Chat/Header.tsx(4,46): error TS2614: Module '"librechat-data-provider"' has no exported member 'Permissions'. Did you mean to use 'import Permissions from "librechat-data-provider"' instead?
src/components/Chat/Input/AddedConvo.tsx(2,30): error TS2614: Module '"librechat-data-provider"' has no exported member 'TEndpointOption'. Did you mean to use 'import TEndpointOption from "librechat-data-provider"' instead?
src/components/Chat/Input/Artifacts.tsx(4,10): error TS2614: Module '"librechat-data-provider"' has no exported member 'ArtifactModes'. Did you mean to use 'import ArtifactModes from "librechat-data-provider"' instead?
src/components/Chat/Input/Artifacts.tsx(80,23): error TS7006: Parameter 'e' implicitly has an 'any' type.
src/components/Chat/Input/ArtifactsSubMenu.tsx(5,10): error TS2614: Module '"librechat-data-provider"' has no exported member 'ArtifactModes'. Did you mean to use 'import ArtifactModes from "librechat-data-provider"' instead?
src/components/Chat/Input/CircleRender.tsx(2,10): error TS2614: Module '"librechat-data-provider"' has no exported member 'ECallState'. Did you mean to use 'import ECallState from "librechat-data-provider"' instead?
src/components/Chat/Input/CircleRender.tsx(3,10): error TS2305: Module '"@librechat/client"' has no exported member 'CircleIcon'.
src/components/Chat/Input/CircleRender.tsx(3,22): error TS2305: Module '"@librechat/client"' has no exported member 'CircleDotsIcon'.
src/components/Chat/Input/CircleRender.tsx(5,25): error TS7031: Binding element 'rmsLevel' implicitly has an 'any' type.
src/components/Chat/Input/CircleRender.tsx(5,35): error TS7031: Binding element 'isCameraOn' implicitly has an 'any' type.
src/components/Chat/Input/CircleRender.tsx(5,47): error TS7031: Binding element 'state' implicitly has an 'any' type.
src/components/Chat/Input/CircleRender.tsx(6,29): error TS7006: Parameter 'state' implicitly has an 'any' type.
src/components/Chat/Input/CodeInterpreter.tsx(4,10): error TS2614: Module '"librechat-data-provider"' has no exported member 'PermissionTypes'. Did you mean to use 'import PermissionTypes from "librechat-data-provider"' instead?
src/components/Chat/Input/CodeInterpreter.tsx(4,27): error TS2614: Module '"librechat-data-provider"' has no exported member 'Permissions'. Did you mean to use 'import Permissions from "librechat-data-provider"' instead?
src/components/Chat/Input/CodeInterpreter.tsx(28,9): error TS2322: Type 'ToolValue' is not assignable to type 'boolean | undefined'.
  Type 'string' is not assignable to type 'boolean | undefined'.
src/components/Chat/Input/ConversationStarters.tsx(21,24): error TS2749: 'EModelEndpoint' refers to a value, but is being used as a type here. Did you mean 'typeof EModelEndpoint'?
src/components/Chat/Input/Files/AttachFileChat.tsx(4,3): error TS2614: Module '"librechat-data-provider"' has no exported member 'supportsFiles'. Did you mean to use 'import supportsFiles from "librechat-data-provider"' instead?
src/components/Chat/Input/Files/AttachFileChat.tsx(10,15): error TS2724: '"librechat-data-provider"' has no exported member named 'EndpointFileConfig'. Did you mean 'TEndpointsConfig'?
src/components/Chat/Input/Files/AttachFileMenu.tsx(6,10): error TS2614: Module '"librechat-data-provider"' has no exported member 'EToolResources'. Did you mean to use 'import EToolResources from "librechat-data-provider"' instead?
src/components/Chat/Input/Files/AttachFileMenu.tsx(6,42): error TS2614: Module '"librechat-data-provider"' has no exported member 'defaultAgentCapabilities'. Did you mean to use 'import defaultAgentCapabilities from "librechat-data-provider"' instead?
src/components/Chat/Input/Files/AttachFileMenu.tsx(7,15): error TS2724: '"librechat-data-provider"' has no exported member named 'EndpointFileConfig'. Did you mean 'TEndpointsConfig'?
src/components/Chat/Input/Files/AttachFileMenu.tsx(87,30): error TS7006: Parameter 'prev' implicitly has an 'any' type.
src/components/Chat/Input/Files/DragDropModal.tsx(4,10): error TS2614: Module '"librechat-data-provider"' has no exported member 'EToolResources'. Did you mean to use 'import EToolResources from "librechat-data-provider"' instead?
src/components/Chat/Input/Files/DragDropModal.tsx(4,26): error TS2614: Module '"librechat-data-provider"' has no exported member 'defaultAgentCapabilities'. Did you mean to use 'import defaultAgentCapabilities from "librechat-data-provider"' instead?
src/components/Chat/Input/Files/FileContainer.tsx(1,15): error TS2614: Module '"librechat-data-provider"' has no exported member 'TFile'. Did you mean to use 'import TFile from "librechat-data-provider"' instead?
src/components/Chat/Input/Files/FilePreview.tsx(2,15): error TS2614: Module '"librechat-data-provider"' has no exported member 'TFile'. Did you mean to use 'import TFile from "librechat-data-provider"' instead?
src/components/Chat/Input/Files/FileRow.tsx(3,10): error TS2614: Module '"librechat-data-provider"' has no exported member 'EToolResources'. Did you mean to use 'import EToolResources from "librechat-data-provider"' instead?
src/components/Chat/Input/Files/FileRow.tsx(53,15): error TS7006: Parameter 'error' implicitly has an 'any' type.
src/components/Chat/Input/Files/FilesView.tsx(1,10): error TS2614: Module '"librechat-data-provider"' has no exported member 'FileSources'. Did you mean to use 'import FileSources from "librechat-data-provider"' instead?
src/components/Chat/Input/Files/FilesView.tsx(1,23): error TS2614: Module '"librechat-data-provider"' has no exported member 'FileContext'. Did you mean to use 'import FileContext from "librechat-data-provider"' instead?
src/components/Chat/Input/Files/FilesView.tsx(2,15): error TS2614: Module '"librechat-data-provider"' has no exported member 'TFile'. Did you mean to use 'import TFile from "librechat-data-provider"' instead?
src/components/Chat/Input/Files/FilesView.tsx(8,33): error TS7031: Binding element 'open' implicitly has an 'any' type.
src/components/Chat/Input/Files/FilesView.tsx(8,39): error TS7031: Binding element 'onOpenChange' implicitly has an 'any' type.
src/components/Chat/Input/Files/Image.tsx(1,10): error TS2614: Module '"librechat-data-provider"' has no exported member 'FileSources'. Did you mean to use 'import FileSources from "librechat-data-provider"' instead?
src/components/Chat/Input/Files/ImagePreview.tsx(3,10): error TS2614: Module '"librechat-data-provider"' has no exported member 'FileSources'. Did you mean to use 'import FileSources from "librechat-data-provider"' instead?
src/components/Chat/Input/Files/SourceIcon.tsx(2,26): error TS2614: Module '"librechat-data-provider"' has no exported member 'FileSources'. Did you mean to use 'import FileSources from "librechat-data-provider"' instead?
src/components/Chat/Input/Files/SourceIcon.tsx(70,10): error TS2741: Property 'model' is missing in type '{ endpoint: any; size: number; isCreatedByUser: boolean; iconClassName: string; }' but required in type 'Pick<any, "model" | "isCreatedByUser">'.
src/components/Chat/Input/Files/Table/Columns.tsx(3,10): error TS2614: Module '"librechat-data-provider"' has no exported member 'FileSources'. Did you mean to use 'import FileSources from "librechat-data-provider"' instead?
src/components/Chat/Input/Files/Table/Columns.tsx(3,23): error TS2614: Module '"librechat-data-provider"' has no exported member 'FileContext'. Did you mean to use 'import FileContext from "librechat-data-provider"' instead?
src/components/Chat/Input/Files/Table/Columns.tsx(12,15): error TS2614: Module '"librechat-data-provider"' has no exported member 'TFile'. Did you mean to use 'import TFile from "librechat-data-provider"' instead?
src/components/Chat/Input/Files/Table/Columns.tsx(128,13): error TS2322: Type 'unknown[]' is not assignable to type 'string[] | number[]'.
  Type 'unknown[]' is not assignable to type 'string[]'.
    Type 'unknown' is not assignable to type 'string'.
src/components/Chat/Input/Files/Table/Columns.tsx(178,13): error TS2322: Type 'unknown[]' is not assignable to type 'string[] | number[]'.
  Type 'unknown[]' is not assignable to type 'string[]'.
    Type 'unknown' is not assignable to type 'string'.
src/components/Chat/Input/Files/Table/DataTable.tsx(18,10): error TS2614: Module '"librechat-data-provider"' has no exported member 'FileContext'. Did you mean to use 'import FileContext from "librechat-data-provider"' instead?
src/components/Chat/Input/Files/Table/DataTable.tsx(36,15): error TS2614: Module '"librechat-data-provider"' has no exported member 'TFile'. Did you mean to use 'import TFile from "librechat-data-provider"' instead?
src/components/Chat/Input/Files/Table/DataTable.tsx(143,40): error TS7015: Element implicitly has an 'any' type because index expression is not of type 'number'.
src/components/Chat/Input/Files/Table/fakeData.ts(1,10): error TS2614: Module '"librechat-data-provider"' has no exported member 'FileSources'. Did you mean to use 'import FileSources from "librechat-data-provider"' instead?
src/components/Chat/Input/Files/Table/fakeData.ts(2,15): error TS2614: Module '"librechat-data-provider"' has no exported member 'TFile'. Did you mean to use 'import TFile from "librechat-data-provider"' instead?
src/components/Chat/Input/FileSearch.tsx(3,10): error TS2614: Module '"librechat-data-provider"' has no exported member 'PermissionTypes'. Did you mean to use 'import PermissionTypes from "librechat-data-provider"' instead?
src/components/Chat/Input/FileSearch.tsx(3,27): error TS2614: Module '"librechat-data-provider"' has no exported member 'Permissions'. Did you mean to use 'import Permissions from "librechat-data-provider"' instead?
src/components/Chat/Input/FileSearch.tsx(26,11): error TS2322: Type 'ToolValue' is not assignable to type 'boolean | undefined'.
  Type 'string' is not assignable to type 'boolean | undefined'.
src/components/Chat/Input/HeaderOptions.tsx(5,10): error TS2305: Module '"@librechat/client"' has no exported member 'PluginStoreDialog'.
src/components/Chat/Input/HeaderOptions.tsx(7,26): error TS2614: Module '"librechat-data-provider"' has no exported member 'isParamEndpoint'. Did you mean to use 'import isParamEndpoint from "librechat-data-provider"' instead?
src/components/Chat/Input/HeaderOptions.tsx(7,43): error TS2614: Module '"librechat-data-provider"' has no exported member 'tConvoUpdateSchema'. Did you mean to use 'import tConvoUpdateSchema from "librechat-data-provider"' instead?
src/components/Chat/Input/HeaderOptions.tsx(8,24): error TS2614: Module '"librechat-data-provider"' has no exported member 'TInterfaceConfig'. Did you mean to use 'import TInterfaceConfig from "librechat-data-provider"' instead?
src/components/Chat/Input/MCPConfigDialog.tsx(37,26): error TS2339: Property '_' does not exist on type 'FormState<Record<string, string>>'.
src/components/Chat/Input/MCPSelect.tsx(18,5): error TS2339: Property 'localize' does not exist on type '{ configuredServers: string[]; connectionStatus: any; initializeServer: (serverName: string, autoOpenOAuth?: boolean) => Promise<void>; cancelOAuthFlow: (serverName: string) => void; ... 19 more ...; getConfigDialogProps: () => { ...; } | null; }'.
src/components/Chat/Input/PopoverButtons.tsx(27,14): error TS2749: 'EModelEndpoint' refers to a value, but is being used as a type here. Did you mean 'typeof EModelEndpoint'?
src/components/Chat/Input/PopoverButtons.tsx(28,18): error TS2749: 'EModelEndpoint' refers to a value, but is being used as a type here. Did you mean 'typeof EModelEndpoint'?
src/components/Chat/Input/PromptsCommand.tsx(5,10): error TS2614: Module '"librechat-data-provider"' has no exported member 'PermissionTypes'. Did you mean to use 'import PermissionTypes from "librechat-data-provider"' instead?
src/components/Chat/Input/PromptsCommand.tsx(5,27): error TS2614: Module '"librechat-data-provider"' has no exported member 'Permissions'. Did you mean to use 'import Permissions from "librechat-data-provider"' instead?
src/components/Chat/Input/PromptsCommand.tsx(6,15): error TS2614: Module '"librechat-data-provider"' has no exported member 'TPromptGroup'. Did you mean to use 'import TPromptGroup from "librechat-data-provider"' instead?
src/components/Chat/Input/PromptsCommand.tsx(66,37): error TS7006: Parameter 'group' implicitly has an 'any' type.
src/components/Chat/Input/StopButton.tsx(5,38): error TS7031: Binding element 'stop' implicitly has an 'any' type.
src/components/Chat/Input/StopButton.tsx(5,44): error TS7031: Binding element 'setShowStopButton' implicitly has an 'any' type.
src/components/Chat/Input/StreamAudio.tsx(166,13): error TS7053: Element implicitly has an 'any' type because expression of type '"message"' can't be used to index type '{}'.
  Property 'message' does not exist on type '{}'.
src/components/Chat/Input/ToolDialogs.tsx(2,10): error TS2614: Module '"librechat-data-provider"' has no exported member 'AuthType'. Did you mean to use 'import AuthType from "librechat-data-provider"' instead?
src/components/Chat/Input/ToolsDropdown.tsx(7,3): error TS2614: Module '"librechat-data-provider"' has no exported member 'AuthType'. Did you mean to use 'import AuthType from "librechat-data-provider"' instead?
src/components/Chat/Input/ToolsDropdown.tsx(8,3): error TS2614: Module '"librechat-data-provider"' has no exported member 'Permissions'. Did you mean to use 'import Permissions from "librechat-data-provider"' instead?
src/components/Chat/Input/ToolsDropdown.tsx(9,3): error TS2614: Module '"librechat-data-provider"' has no exported member 'ArtifactModes'. Did you mean to use 'import ArtifactModes from "librechat-data-provider"' instead?
src/components/Chat/Input/ToolsDropdown.tsx(10,3): error TS2614: Module '"librechat-data-provider"' has no exported member 'PermissionTypes'. Did you mean to use 'import PermissionTypes from "librechat-data-provider"' instead?
src/components/Chat/Input/ToolsDropdown.tsx(11,3): error TS2614: Module '"librechat-data-provider"' has no exported member 'defaultAgentCapabilities'. Did you mean to use 'import defaultAgentCapabilities from "librechat-data-provider"' instead?
src/components/Chat/Input/ToolsDropdown.tsx(77,33): error TS7031: Binding element 'authType' implicitly has an 'any' type.
src/components/Chat/Input/WebSearch.tsx(4,10): error TS2614: Module '"librechat-data-provider"' has no exported member 'Permissions'. Did you mean to use 'import Permissions from "librechat-data-provider"' instead?
src/components/Chat/Input/WebSearch.tsx(4,23): error TS2614: Module '"librechat-data-provider"' has no exported member 'PermissionTypes'. Did you mean to use 'import PermissionTypes from "librechat-data-provider"' instead?
src/components/Chat/Input/WebSearch.tsx(28,9): error TS2322: Type 'ToolValue' is not assignable to type 'boolean | undefined'.
  Type 'string' is not assignable to type 'boolean | undefined'.
src/components/Chat/Landing.tsx(51,24): error TS2749: 'EModelEndpoint' refers to a value, but is being used as a type here. Did you mean 'typeof EModelEndpoint'?
src/components/Chat/Menus/BookmarkMenu.tsx(9,15): error TS2724: '"librechat-data-provider"' has no exported member named 'TConversationTag'. Did you mean 'TConversation'?
src/components/Chat/Menus/BookmarkMenu.tsx(36,36): error TS7006: Parameter 'vars' implicitly has an 'any' type.
src/components/Chat/Menus/BookmarkMenu.tsx(50,16): error TS7006: Parameter 'vars' implicitly has an 'any' type.
src/components/Chat/Menus/BookmarkMenu.tsx(83,42): error TS7006: Parameter 't' implicitly has an 'any' type.
src/components/Chat/Menus/BookmarkMenu.tsx(88,34): error TS7006: Parameter 't' implicitly has an 'any' type.
src/components/Chat/Menus/Endpoints/components/EndpointItem.tsx(24,35): error TS2749: 'EModelEndpoint' refers to a value, but is being used as a type here. Did you mean 'typeof EModelEndpoint'?
src/components/Chat/Menus/Endpoints/components/EndpointItem.tsx(36,47): error TS2749: 'EModelEndpoint' refers to a value, but is being used as a type here. Did you mean 'typeof EModelEndpoint'?
src/components/Chat/Menus/Endpoints/DialogManager.tsx(8,23): error TS2749: 'EModelEndpoint' refers to a value, but is being used as a type here. Did you mean 'typeof EModelEndpoint'?
src/components/Chat/Menus/Models/fakeData.ts(1,26): error TS2614: Module '"librechat-data-provider"' has no exported member 'AuthType'. Did you mean to use 'import AuthType from "librechat-data-provider"' instead?
src/components/Chat/Menus/Presets/EditPresetDialog.tsx(13,15): error TS2614: Module '"librechat-data-provider"' has no exported member 'TModelsConfig'. Did you mean to use 'import TModelsConfig from "librechat-data-provider"' instead?
src/components/Chat/Menus/Presets/EditPresetDialog.tsx(180,17): error TS2322: Type '(string | number | symbol)[]' is not assignable to type 'string[] | Option[] | OptionWithIcon[] | undefined'.
  Type '(string | number | symbol)[]' is not assignable to type 'string[]'.
    Type 'string | number | symbol' is not assignable to type 'string'.
      Type 'number' is not assignable to type 'string'.
src/components/Chat/Messages/Content/__tests__/MemoryArtifacts.test.tsx(5,28): error TS2614: Module '"librechat-data-provider"' has no exported member 'MemoryArtifact'. Did you mean to use 'import MemoryArtifact from "librechat-data-provider"' instead?
src/components/Chat/Messages/Content/__tests__/MemoryArtifacts.test.tsx(57,22): error TS2339: Property 'toHaveClass' does not exist on type 'JestMatchers<HTMLElement>'.
src/components/Chat/Messages/Content/__tests__/MemoryArtifacts.test.tsx(58,22): error TS2339: Property 'toHaveClass' does not exist on type 'JestMatchers<HTMLElement>'.
src/components/Chat/Messages/Content/__tests__/MemoryArtifacts.test.tsx(59,22): error TS2339: Property 'toHaveClass' does not exist on type 'JestMatchers<HTMLElement>'.
src/components/Chat/Messages/Content/__tests__/MemoryArtifacts.test.tsx(60,22): error TS2339: Property 'toHaveClass' does not exist on type 'JestMatchers<HTMLElement>'.
src/components/Chat/Messages/Content/__tests__/MemoryArtifacts.test.tsx(72,22): error TS2339: Property 'toHaveClass' does not exist on type 'JestMatchers<HTMLElement>'.
src/components/Chat/Messages/Content/__tests__/MemoryArtifacts.test.tsx(73,22): error TS2339: Property 'toHaveClass' does not exist on type 'JestMatchers<HTMLElement>'.
src/components/Chat/Messages/Content/__tests__/MemoryArtifacts.test.tsx(74,26): error TS2339: Property 'toHaveClass' does not exist on type 'Matchers<void, HTMLElement>'.
src/components/Chat/Messages/Content/__tests__/MemoryArtifacts.test.tsx(82,48): error TS2339: Property 'toBeInTheDocument' does not exist on type 'JestMatchers<HTMLElement>'.
src/components/Chat/Messages/Content/__tests__/MemoryArtifacts.test.tsx(83,62): error TS2339: Property 'toBeInTheDocument' does not exist on type 'Matchers<void, HTMLElement | null>'.
src/components/Chat/Messages/Content/__tests__/MemoryArtifacts.test.tsx(91,56): error TS2339: Property 'toBeInTheDocument' does not exist on type 'JestMatchers<HTMLElement>'.
src/components/Chat/Messages/Content/__tests__/MemoryArtifacts.test.tsx(92,54): error TS2339: Property 'toBeInTheDocument' does not exist on type 'Matchers<void, HTMLElement | null>'.
src/components/Chat/Messages/Content/__tests__/MemoryArtifacts.test.tsx(110,60): error TS2339: Property 'toBeInTheDocument' does not exist on type 'JestMatchers<HTMLElement>'.
src/components/Chat/Messages/Content/__tests__/MemoryArtifacts.test.tsx(111,59): error TS2339: Property 'toBeInTheDocument' does not exist on type 'JestMatchers<HTMLElement>'.
src/components/Chat/Messages/Content/__tests__/MemoryArtifacts.test.tsx(124,22): error TS2339: Property 'toHaveClass' does not exist on type 'JestMatchers<HTMLElement>'.
src/components/Chat/Messages/Content/__tests__/MemoryArtifacts.test.tsx(125,48): error TS2339: Property 'toBeInTheDocument' does not exist on type 'JestMatchers<HTMLElement>'.
src/components/Chat/Messages/Content/__tests__/MemoryArtifacts.test.tsx(136,55): error TS2339: Property 'toBeInTheDocument' does not exist on type 'Matchers<void, HTMLElement | null>'.
src/components/Chat/Messages/Content/__tests__/MemoryArtifacts.test.tsx(140,49): error TS2339: Property 'toBeInTheDocument' does not exist on type 'JestMatchers<HTMLElement>'.
src/components/Chat/Messages/Content/__tests__/MemoryArtifacts.test.tsx(144,55): error TS2339: Property 'toBeInTheDocument' does not exist on type 'Matchers<void, HTMLElement | null>'.
src/components/Chat/Messages/Content/__tests__/MemoryArtifacts.test.tsx(153,22): error TS2339: Property 'toHaveAttribute' does not exist on type 'JestMatchers<HTMLElement>'.
src/components/Chat/Messages/Content/__tests__/MemoryArtifacts.test.tsx(156,22): error TS2339: Property 'toHaveAttribute' does not exist on type 'JestMatchers<HTMLElement>'.
src/components/Chat/Messages/Content/__tests__/MemoryArtifacts.test.tsx(163,48): error TS2339: Property 'toBeInTheDocument' does not exist on type 'Matchers<void, HTMLElement | null>'.
src/components/Chat/Messages/Content/__tests__/MemoryArtifacts.test.tsx(168,48): error TS2339: Property 'toBeInTheDocument' does not exist on type 'Matchers<void, HTMLElement | null>'.
src/components/Chat/Messages/Content/__tests__/MemoryArtifacts.test.tsx(175,48): error TS2339: Property 'toBeInTheDocument' does not exist on type 'Matchers<void, HTMLElement | null>'.
src/components/Chat/Messages/Content/__tests__/MemoryArtifacts.test.tsx(193,22): error TS2339: Property 'toHaveClass' does not exist on type 'JestMatchers<HTMLElement>'.
src/components/Chat/Messages/Content/__tests__/MemoryArtifacts.test.tsx(194,48): error TS2339: Property 'toBeInTheDocument' does not exist on type 'JestMatchers<HTMLElement>'.
src/components/Chat/Messages/Content/__tests__/MemoryInfo.test.tsx(5,15): error TS2614: Module '"librechat-data-provider"' has no exported member 'MemoryArtifact'. Did you mean to use 'import MemoryArtifact from "librechat-data-provider"' instead?
src/components/Chat/Messages/Content/__tests__/MemoryInfo.test.tsx(48,55): error TS2339: Property 'toBeInTheDocument' does not exist on type 'JestMatchers<HTMLElement>'.
src/components/Chat/Messages/Content/__tests__/MemoryInfo.test.tsx(53,9): error TS2339: Property 'toBeInTheDocument' does not exist on type 'JestMatchers<HTMLElement>'.
src/components/Chat/Messages/Content/__tests__/MemoryInfo.test.tsx(67,55): error TS2339: Property 'toBeInTheDocument' does not exist on type 'JestMatchers<HTMLElement>'.
src/components/Chat/Messages/Content/__tests__/MemoryInfo.test.tsx(72,9): error TS2339: Property 'toBeInTheDocument' does not exist on type 'JestMatchers<HTMLElement>'.
src/components/Chat/Messages/Content/__tests__/MemoryInfo.test.tsx(95,9): error TS2339: Property 'toBeInTheDocument' does not exist on type 'JestMatchers<HTMLElement>'.
src/components/Chat/Messages/Content/__tests__/MemoryInfo.test.tsx(100,9): error TS2339: Property 'toBeInTheDocument' does not exist on type 'JestMatchers<HTMLElement>'.
src/components/Chat/Messages/Content/__tests__/MemoryInfo.test.tsx(119,30): error TS2339: Property 'toHaveClass' does not exist on type 'JestMatchers<HTMLDivElement | null>'.
src/components/Chat/Messages/Content/__tests__/MemoryInfo.test.tsx(120,30): error TS2339: Property 'toHaveClass' does not exist on type 'JestMatchers<HTMLDivElement | null>'.
src/components/Chat/Messages/Content/__tests__/MemoryInfo.test.tsx(121,30): error TS2339: Property 'toHaveClass' does not exist on type 'JestMatchers<HTMLDivElement | null>'.
src/components/Chat/Messages/Content/__tests__/MemoryInfo.test.tsx(122,30): error TS2339: Property 'toHaveClass' does not exist on type 'JestMatchers<HTMLDivElement | null>'.
src/components/Chat/Messages/Content/__tests__/MemoryInfo.test.tsx(123,30): error TS2339: Property 'toHaveClass' does not exist on type 'JestMatchers<HTMLDivElement | null>'.
src/components/Chat/Messages/Content/__tests__/MemoryInfo.test.tsx(124,30): error TS2339: Property 'toHaveClass' does not exist on type 'JestMatchers<HTMLDivElement | null>'.
src/components/Chat/Messages/Content/__tests__/MemoryInfo.test.tsx(125,30): error TS2339: Property 'toHaveClass' does not exist on type 'JestMatchers<HTMLDivElement | null>'.
src/components/Chat/Messages/Content/__tests__/MemoryInfo.test.tsx(144,52): error TS2339: Property 'toBeInTheDocument' does not exist on type 'JestMatchers<HTMLElement>'.
src/components/Chat/Messages/Content/__tests__/MemoryInfo.test.tsx(145,52): error TS2339: Property 'toBeInTheDocument' does not exist on type 'JestMatchers<HTMLElement>'.
src/components/Chat/Messages/Content/__tests__/MemoryInfo.test.tsx(146,55): error TS2339: Property 'toBeInTheDocument' does not exist on type 'JestMatchers<HTMLElement>'.
src/components/Chat/Messages/Content/__tests__/MemoryInfo.test.tsx(149,43): error TS2339: Property 'toBeInTheDocument' does not exist on type 'JestMatchers<HTMLElement>'.
src/components/Chat/Messages/Content/__tests__/MemoryInfo.test.tsx(150,51): error TS2339: Property 'toBeInTheDocument' does not exist on type 'JestMatchers<HTMLElement>'.
src/components/Chat/Messages/Content/__tests__/MemoryInfo.test.tsx(151,43): error TS2339: Property 'toBeInTheDocument' does not exist on type 'JestMatchers<HTMLElement>'.
src/components/Chat/Messages/Content/__tests__/MemoryInfo.test.tsx(156,9): error TS2339: Property 'toBeInTheDocument' does not exist on type 'JestMatchers<HTMLElement>'.
src/components/Chat/Messages/Content/__tests__/MemoryInfo.test.tsx(171,55): error TS2339: Property 'toBeInTheDocument' does not exist on type 'JestMatchers<HTMLElement>'.
src/components/Chat/Messages/Content/__tests__/MemoryInfo.test.tsx(172,58): error TS2339: Property 'toBeInTheDocument' does not exist on type 'Matchers<void, HTMLElement | null>'.
src/components/Chat/Messages/Content/__tests__/MemoryInfo.test.tsx(173,58): error TS2339: Property 'toBeInTheDocument' does not exist on type 'Matchers<void, HTMLElement | null>'.
src/components/Chat/Messages/Content/__tests__/MemoryInfo.test.tsx(195,55): error TS2339: Property 'toBeInTheDocument' does not exist on type 'JestMatchers<HTMLElement>'.
src/components/Chat/Messages/Content/__tests__/MemoryInfo.test.tsx(196,48): error TS2339: Property 'toBeInTheDocument' does not exist on type 'JestMatchers<HTMLElement>'.
src/components/Chat/Messages/Content/__tests__/MemoryInfo.test.tsx(210,55): error TS2339: Property 'toBeInTheDocument' does not exist on type 'JestMatchers<HTMLElement>'.
src/components/Chat/Messages/Content/__tests__/MemoryInfo.test.tsx(211,48): error TS2339: Property 'toBeInTheDocument' does not exist on type 'JestMatchers<HTMLElement>'.
src/components/Chat/Messages/Content/__tests__/MemoryInfo.test.tsx(226,55): error TS2339: Property 'toBeInTheDocument' does not exist on type 'JestMatchers<HTMLElement>'.
src/components/Chat/Messages/Content/__tests__/MemoryInfo.test.tsx(227,48): error TS2339: Property 'toBeInTheDocument' does not exist on type 'JestMatchers<HTMLElement>'.
src/components/Chat/Messages/Content/__tests__/MemoryInfo.test.tsx(247,52): error TS2339: Property 'toBeInTheDocument' does not exist on type 'JestMatchers<HTMLElement>'.
src/components/Chat/Messages/Content/__tests__/MemoryInfo.test.tsx(248,47): error TS2339: Property 'toBeInTheDocument' does not exist on type 'JestMatchers<HTMLElement>'.
src/components/Chat/Messages/Content/__tests__/MemoryInfo.test.tsx(249,58): error TS2339: Property 'toBeInTheDocument' does not exist on type 'JestMatchers<HTMLElement>'.
src/components/Chat/Messages/Content/__tests__/MemoryInfo.test.tsx(250,44): error TS2339: Property 'toBeInTheDocument' does not exist on type 'JestMatchers<HTMLElement>'.
src/components/Chat/Messages/Content/__tests__/MemoryInfo.test.tsx(251,58): error TS2339: Property 'toBeInTheDocument' does not exist on type 'JestMatchers<HTMLElement>'.
src/components/Chat/Messages/Content/__tests__/MemoryInfo.test.tsx(262,52): error TS2339: Property 'toBeInTheDocument' does not exist on type 'JestMatchers<HTMLElement>'.
src/components/Chat/Messages/Content/__tests__/MemoryInfo.test.tsx(263,50): error TS2339: Property 'toBeInTheDocument' does not exist on type 'JestMatchers<HTMLElement>'.
src/components/Chat/Messages/Content/__tests__/MemoryInfo.test.tsx(264,49): error TS2339: Property 'toBeInTheDocument' does not exist on type 'JestMatchers<HTMLElement>'.
src/components/Chat/Messages/Content/ContentParts.tsx(3,10): error TS2614: Module '"librechat-data-provider"' has no exported member 'ContentTypes'. Did you mean to use 'import ContentTypes from "librechat-data-provider"' instead?
src/components/Chat/Messages/Content/ContentParts.tsx(5,3): error TS2614: Module '"librechat-data-provider"' has no exported member 'TMessageContentParts'. Did you mean to use 'import TMessageContentParts from "librechat-data-provider"' instead?
src/components/Chat/Messages/Content/ContentParts.tsx(6,3): error TS2614: Module '"librechat-data-provider"' has no exported member 'SearchResultData'. Did you mean to use 'import SearchResultData from "librechat-data-provider"' instead?
src/components/Chat/Messages/Content/ContentParts.tsx(8,3): error TS2724: '"librechat-data-provider"' has no exported member named 'Agents'. Did you mean 'Agent'?
src/components/Chat/Messages/Content/DialogImage.tsx(16,39): error TS7031: Binding element 'isOpen' implicitly has an 'any' type.
src/components/Chat/Messages/Content/DialogImage.tsx(16,47): error TS7031: Binding element 'onOpenChange' implicitly has an 'any' type.
src/components/Chat/Messages/Content/DialogImage.tsx(16,71): error TS7031: Binding element 'downloadImage' implicitly has an 'any' type.
src/components/Chat/Messages/Content/DialogImage.tsx(16,86): error TS7031: Binding element 'args' implicitly has an 'any' type.
src/components/Chat/Messages/Content/Files.tsx(2,15): error TS2614: Module '"librechat-data-provider"' has no exported member 'TFile'. Did you mean to use 'import TFile from "librechat-data-provider"' instead?
src/components/Chat/Messages/Content/Files.tsx(8,36): error TS7006: Parameter 'file' implicitly has an 'any' type.
src/components/Chat/Messages/Content/Files.tsx(12,36): error TS7006: Parameter 'file' implicitly has an 'any' type.
src/components/Chat/Messages/Content/Files.tsx(18,25): error TS7006: Parameter 'file' implicitly has an 'any' type.
src/components/Chat/Messages/Content/Files.tsx(20,25): error TS7006: Parameter 'file' implicitly has an 'any' type.
src/components/Chat/Messages/Content/Image.tsx(3,31): error TS7016: Could not find a declaration file for module 'react-lazy-load-image-component'. '/Users/msc/Desktop/SIGMACODE/sigmacodeai/node_modules/.pnpm/react-lazy-load-image-component@1.6.3_react@18.3.1/node_modules/react-lazy-load-image-component/build/index.js' implicitly has an 'any' type.
  Try `npm i --save-dev @types/react-lazy-load-image-component` if it exists or add a new declaration (.d.ts) file containing `declare module 'react-lazy-load-image-component';`
src/components/Chat/Messages/Content/Markdown.tsx(52,5): error TS2322: Type '() => Transformer' is not assignable to type 'Pluggable'.
  Type '() => Transformer' is not assignable to type 'Plugin<any[], any, any>'.
    Type 'Transformer' is not assignable to type 'void | Transformer<any, any>'.
      Type 'Transformer' is not assignable to type 'Transformer<any, any>'.
        Types of parameters 'file' and 'file' are incompatible.
          Type 'import("/Users/msc/Desktop/SIGMACODE/sigmacodeai/node_modules/.pnpm/vfile@5.3.7/node_modules/vfile/lib/index").VFile' is not assignable to type 'import("/Users/msc/Desktop/SIGMACODE/sigmacodeai/node_modules/.pnpm/vfile@6.0.3/node_modules/vfile/lib/index").VFile'.
            Types of property 'messages' are incompatible.
              Type 'import("/Users/msc/Desktop/SIGMACODE/sigmacodeai/node_modules/.pnpm/vfile-message@3.1.4/node_modules/vfile-message/lib/index").VFileMessage[]' is not assignable to type 'import("/Users/msc/Desktop/SIGMACODE/sigmacodeai/node_modules/.pnpm/vfile-message@4.0.3/node_modules/vfile-message/lib/index").VFileMessage[]'.
                Type 'VFileMessage' is missing the following properties from type 'VFileMessage': ancestors, place
src/components/Chat/Messages/Content/MarkdownComponents.tsx(4,10): error TS2614: Module '"librechat-data-provider"' has no exported member 'PermissionTypes'. Did you mean to use 'import PermissionTypes from "librechat-data-provider"' instead?
src/components/Chat/Messages/Content/MarkdownComponents.tsx(4,27): error TS2614: Module '"librechat-data-provider"' has no exported member 'Permissions'. Did you mean to use 'import Permissions from "librechat-data-provider"' instead?
src/components/Chat/Messages/Content/MarkdownLite.tsx(17,8): error TS2322: Type '(this: Processor<void, Root, void, void, undefined>, ...settings: void[] | [(KatexOptions | undefined)?]) => void | Transformer<Root, Root>' is not assignable to type 'Plugin<any[], any, any>'.
  The 'this' types of each signature are incompatible.
    Type 'Processor<void, any, void, void> | Processor<void, any, any, any> | Processor<any, any, void, void> | Processor<void, void, void, void>' is not assignable to type 'Processor<void, Root, void, void, undefined>'.
      Type 'Processor<void, any, void, void>' is missing the following properties from type 'Processor<void, Root, void, void, undefined>': compiler, freezeIndex, frozen, namespace, and 3 more.
src/components/Chat/Messages/Content/MemoryArtifacts.tsx(3,15): error TS2614: Module '"librechat-data-provider"' has no exported member 'MemoryArtifact'. Did you mean to use 'import MemoryArtifact from "librechat-data-provider"' instead?
src/components/Chat/Messages/Content/MemoryInfo.tsx(1,15): error TS2614: Module '"librechat-data-provider"' has no exported member 'MemoryArtifact'. Did you mean to use 'import MemoryArtifact from "librechat-data-provider"' instead?
src/components/Chat/Messages/Content/MessageContent.tsx(66,10): error TS2786: 'Error' cannot be used as a JSX component.
  Its type '({ text }: { text: string; }) => string | ((json: TExpiredKey, localize: LocalizeFunction) => string) | ((json: TGenericError, localize: LocalizeFunction) => string)' is not a valid JSX element type.
    Type '({ text }: { text: string; }) => string | ((json: TExpiredKey, localize: LocalizeFunction) => string) | ((json: TGenericError, localize: LocalizeFunction) => string)' is not assignable to type '(props: any, deprecatedLegacyContext?: any) => ReactNode'.
      Type 'string | ((json: TExpiredKey, localize: LocalizeFunction) => string) | ((json: TGenericError, localize: LocalizeFunction) => string)' is not assignable to type 'ReactNode'.
        Type '(json: TExpiredKey, localize: LocalizeFunction) => string' is not assignable to type 'ReactNode'.
src/components/Chat/Messages/Content/Part.tsx(3,3): error TS2614: Module '"librechat-data-provider"' has no exported member 'ContentTypes'. Did you mean to use 'import ContentTypes from "librechat-data-provider"' instead?
src/components/Chat/Messages/Content/Part.tsx(4,3): error TS2614: Module '"librechat-data-provider"' has no exported member 'ToolCallTypes'. Did you mean to use 'import ToolCallTypes from "librechat-data-provider"' instead?
src/components/Chat/Messages/Content/Part.tsx(5,3): error TS2614: Module '"librechat-data-provider"' has no exported member 'imageGenTools'. Did you mean to use 'import imageGenTools from "librechat-data-provider"' instead?
src/components/Chat/Messages/Content/Part.tsx(6,3): error TS2614: Module '"librechat-data-provider"' has no exported member 'isImageVisionTool'. Did you mean to use 'import isImageVisionTool from "librechat-data-provider"' instead?
src/components/Chat/Messages/Content/Part.tsx(9,15): error TS2614: Module '"librechat-data-provider"' has no exported member 'TMessageContentParts'. Did you mean to use 'import TMessageContentParts from "librechat-data-provider"' instead?
src/components/Chat/Messages/Content/Parts/Attachment.tsx(2,10): error TS2614: Module '"librechat-data-provider"' has no exported member 'imageExtRegex'. Did you mean to use 'import imageExtRegex from "librechat-data-provider"' instead?
src/components/Chat/Messages/Content/Parts/Attachment.tsx(3,28): error TS2614: Module '"librechat-data-provider"' has no exported member 'TFile'. Did you mean to use 'import TFile from "librechat-data-provider"' instead?
src/components/Chat/Messages/Content/Parts/Attachment.tsx(3,35): error TS2614: Module '"librechat-data-provider"' has no exported member 'TAttachmentMetadata'. Did you mean to use 'import TAttachmentMetadata from "librechat-data-provider"' instead?
src/components/Chat/Messages/Content/Parts/EditTextPart.tsx(4,10): error TS2614: Module '"librechat-data-provider"' has no exported member 'ContentTypes'. Did you mean to use 'import ContentTypes from "librechat-data-provider"' instead?
src/components/Chat/Messages/Content/Parts/EditTextPart.tsx(7,15): error TS2724: '"librechat-data-provider"' has no exported member named 'Agents'. Did you mean 'Agent'?
src/components/Chat/Messages/Content/Parts/EditTextPart.tsx(71,9): error TS2561: Object literal may only specify known properties, but 'editedContent' does not exist in type 'TOptions'. Did you mean to write 'editedText'?
src/components/Chat/Messages/Content/Parts/EditTextPart.tsx(106,51): error TS7006: Parameter 'part' implicitly has an 'any' type.
src/components/Chat/Messages/Content/Parts/EditTextPart.tsx(106,57): error TS7006: Parameter 'idx' implicitly has an 'any' type.
src/components/Chat/Messages/Content/Parts/EditTextPart.tsx(140,24): error TS2345: Argument of type 'any' is not assignable to parameter of type 'never'.
src/components/Chat/Messages/Content/Parts/LogContent.tsx(3,10): error TS2614: Module '"librechat-data-provider"' has no exported member 'imageExtRegex'. Did you mean to use 'import imageExtRegex from "librechat-data-provider"' instead?
src/components/Chat/Messages/Content/Parts/LogContent.tsx(4,15): error TS2614: Module '"librechat-data-provider"' has no exported member 'TFile'. Did you mean to use 'import TFile from "librechat-data-provider"' instead?
src/components/Chat/Messages/Content/Parts/LogContent.tsx(4,35): error TS2614: Module '"librechat-data-provider"' has no exported member 'TAttachmentMetadata'. Did you mean to use 'import TAttachmentMetadata from "librechat-data-provider"' instead?
src/components/Chat/Messages/Content/Parts/OpenAIImageGen/OpenAIImageGen.tsx(3,28): error TS2614: Module '"librechat-data-provider"' has no exported member 'TFile'. Did you mean to use 'import TFile from "librechat-data-provider"' instead?
src/components/Chat/Messages/Content/Parts/OpenAIImageGen/OpenAIImageGen.tsx(3,35): error TS2614: Module '"librechat-data-provider"' has no exported member 'TAttachmentMetadata'. Did you mean to use 'import TAttachmentMetadata from "librechat-data-provider"' instead?
src/components/Chat/Messages/Content/Parts/Reasoning.tsx(2,10): error TS2614: Module '"librechat-data-provider"' has no exported member 'ContentTypes'. Did you mean to use 'import ContentTypes from "librechat-data-provider"' instead?
src/components/Chat/Messages/Content/SearchContent.tsx(4,10): error TS2614: Module '"librechat-data-provider"' has no exported member 'ContentTypes'. Did you mean to use 'import ContentTypes from "librechat-data-provider"' instead?
src/components/Chat/Messages/Content/SearchContent.tsx(6,3): error TS2724: '"librechat-data-provider"' has no exported member named 'Agents'. Did you mean 'Agent'?
src/components/Chat/Messages/Content/SearchContent.tsx(9,3): error TS2614: Module '"librechat-data-provider"' has no exported member 'SearchResultData'. Did you mean to use 'import SearchResultData from "librechat-data-provider"' instead?
src/components/Chat/Messages/Content/SearchContent.tsx(10,3): error TS2614: Module '"librechat-data-provider"' has no exported member 'TMessageContentParts'. Did you mean to use 'import TMessageContentParts from "librechat-data-provider"' instead?
src/components/Chat/Messages/Content/ToolCall.tsx(4,10): error TS2614: Module '"librechat-data-provider"' has no exported member 'actionDelimiter'. Did you mean to use 'import actionDelimiter from "librechat-data-provider"' instead?
src/components/Chat/Messages/Content/ToolCall.tsx(4,27): error TS2614: Module '"librechat-data-provider"' has no exported member 'actionDomainSeparator'. Did you mean to use 'import actionDomainSeparator from "librechat-data-provider"' instead?
src/components/Chat/Messages/Feedback.tsx(3,10): error TS2614: Module '"librechat-data-provider"' has no exported member 'TFeedback'. Did you mean to use 'import TFeedback from "librechat-data-provider"' instead?
src/components/Chat/Messages/Feedback.tsx(3,21): error TS2614: Module '"librechat-data-provider"' has no exported member 'TFeedbackTag'. Did you mean to use 'import TFeedbackTag from "librechat-data-provider"' instead?
src/components/Chat/Messages/Feedback.tsx(3,35): error TS2614: Module '"librechat-data-provider"' has no exported member 'getTagsForRating'. Did you mean to use 'import getTagsForRating from "librechat-data-provider"' instead?
src/components/Chat/Messages/Feedback.tsx(169,30): error TS7006: Parameter 'tag' implicitly has an 'any' type.
src/components/Chat/Messages/Feedback.tsx(203,30): error TS7006: Parameter 'tag' implicitly has an 'any' type.
src/components/Chat/Messages/Feedback.tsx(261,18): error TS7006: Parameter 'prev' implicitly has an 'any' type.
src/components/Chat/Messages/Fork.tsx(7,10): error TS2614: Module '"librechat-data-provider"' has no exported member 'ForkOptions'. Did you mean to use 'import ForkOptions from "librechat-data-provider"' instead?
src/components/Chat/Messages/Fork.tsx(223,17): error TS7006: Parameter 'data' implicitly has an 'any' type.
src/components/Chat/Messages/Fork.tsx(236,15): error TS7006: Parameter 'error' implicitly has an 'any' type.
src/components/Chat/Messages/HoverButtons.tsx(3,40): error TS2614: Module '"librechat-data-provider"' has no exported member 'TFeedback'. Did you mean to use 'import TFeedback from "librechat-data-provider"' instead?
src/components/Chat/Messages/HoverButtons.tsx(47,13): error TS7006: Parameter 'part' implicitly has an 'any' type.
src/components/Chat/Messages/MessageAudio.tsx(16,23): error TS7053: Element implicitly has an 'any' type because expression of type 'string' can't be used to index type '{ browser: ({ isLast, index, messageId, content, className, renderButton, }: TMessageAudio) => Element; external: ({ isLast, index, messageId, content, className, renderButton, }: TMessageAudio) => Element; }'.
  No index signature with a parameter of type 'string' was found on type '{ browser: ({ isLast, index, messageId, content, className, renderButton, }: TMessageAudio) => Element; external: ({ isLast, index, messageId, content, className, renderButton, }: TMessageAudio) => Element; }'.
src/components/Chat/Messages/MessageIcon.tsx(64,8): error TS2739: Type '{ isCreatedByUser: boolean; endpoint: string; iconURL: any; model: any; assistantName: any; agentName: any; size: number; }' is missing the following properties from type 'Pick<any, "chatGptLabel" | "modelLabel">': chatGptLabel, modelLabel
src/components/Chat/Messages/MessageParts.tsx(3,15): error TS2614: Module '"librechat-data-provider"' has no exported member 'TMessageContentParts'. Did you mean to use 'import TMessageContentParts from "librechat-data-provider"' instead?
src/components/Chat/Messages/MessageParts.tsx(140,22): error TS2741: Property 'handleFeedback' is missing in type '{ index: number; isEditing: boolean; message: any; enterEdit: (cancel?: boolean | undefined) => void | null | undefined; isSubmitting: boolean; conversation: any; regenerate: () => void; copyToClipboard: (setIsCopied: Dispatch<...>) => void; handleContinue: (e: MouseEvent<...>) => void; latestMessage: any; isLast: b...' but required in type 'THoverButtons'.
src/components/Chat/Messages/MessagesView.tsx(3,31): error TS7016: Could not find a declaration file for module 'react-transition-group'. '/Users/msc/Desktop/SIGMACODE/sigmacodeai/node_modules/.pnpm/react-transition-group@4.4.5_react-dom@18.3.1_react@18.3.1__react@18.3.1/node_modules/react-transition-group/cjs/index.js' implicitly has an 'any' type.
  Try `npm i --save-dev @types/react-transition-group` if it exists or add a new declaration (.d.ts) file containing `declare module 'react-transition-group';`
src/components/Chat/Messages/MinimalHoverButtons.tsx(3,38): error TS2614: Module '"librechat-data-provider"' has no exported member 'SearchResultData'. Did you mean to use 'import SearchResultData from "librechat-data-provider"' instead?
src/components/Chat/Messages/SearchMessage.tsx(23,24): error TS7031: Binding element 'message' implicitly has an 'any' type.
src/components/Chat/Messages/SearchMessage.tsx(23,33): error TS7031: Binding element 'messageLabel' implicitly has an 'any' type.
src/components/Chat/Messages/SearchMessage.tsx(23,47): error TS7031: Binding element 'fontSize' implicitly has an 'any' type.
src/components/Chat/Messages/SearchMessage.tsx(42,9): error TS2322: Type '{ endpoint: any; model: any; iconURL: any; isCreatedByUser: any; }' is not assignable to type 'TMessageIcon'.
  Property 'modelLabel' is missing in type '{ endpoint: any; model: any; iconURL: any; isCreatedByUser: any; }' but required in type 'Pick<any, "modelLabel">'.
src/components/Chat/Presentation.tsx(3,10): error TS2614: Module '"librechat-data-provider"' has no exported member 'FileSources'. Did you mean to use 'import FileSources from "librechat-data-provider"' instead?
src/components/Chat/Presentation.tsx(24,15): error TS7006: Parameter 'error' implicitly has an 'any' type.
src/components/Chat/PromptCard.tsx(1,10): error TS2614: Module '"librechat-data-provider"' has no exported member 'TPromptGroup'. Did you mean to use 'import TPromptGroup from "librechat-data-provider"' instead?
src/components/Chat/Prompts.tsx(10,41): error TS7006: Parameter 'count' implicitly has an 'any' type.
src/components/Chat/Prompts.tsx(13,13): error TS7006: Parameter 'promptGroup' implicitly has an 'any' type.
src/components/Conversations/Conversations.tsx(106,36): error TS7031: Binding element 'groupName' implicitly has an 'any' type.
src/components/Conversations/Conversations.tsx(106,47): error TS7031: Binding element 'convos' implicitly has an 'any' type.
src/components/Conversations/Conversations.tsx(108,33): error TS7006: Parameter 'convo' implicitly has an 'any' type.
src/components/Conversations/ConvoOptions/ConvoOptions.tsx(58,17): error TS7006: Parameter 'data' implicitly has an 'any' type.
src/components/Conversations/ConvoOptions/SharedLinkButton.tsx(12,15): error TS2724: '"librechat-data-provider"' has no exported member named 'TSharedLinkGetResponse'. Did you mean 'TSharedLinkResponse'?
src/components/Conversations/ConvoOptions/SharedLinkButton.tsx(66,15): error TS7006: Parameter 'error' implicitly has an 'any' type.
src/components/Endpoints/ConvoIconURL.tsx(52,20): error TS7053: Element implicitly has an 'any' type because expression of type '"landing" | "nav" | "message" | "default" | "menu-item"' can't be used to index type '{ 'menu-item': string; message: string; default: string; }'.
  Property 'landing' does not exist on type '{ 'menu-item': string; message: string; default: string; }'.
src/components/Endpoints/ConvoIconURL.tsx(53,25): error TS7053: Element implicitly has an 'any' type because expression of type '"landing" | "nav" | "message" | "default" | "menu-item"' can't be used to index type '{ 'menu-item': { width: string; height: string; }; default: { width: string; height: string; }; }'.
  Property 'landing' does not exist on type '{ 'menu-item': { width: string; height: string; }; default: { width: string; height: string; }; }'.
src/components/Endpoints/ConvoIconURL.tsx(54,21): error TS7053: Element implicitly has an 'any' type because expression of type '"landing" | "nav" | "message" | "default" | "menu-item"' can't be used to index type '{ default: { width: string; height: string; }; }'.
  Property 'landing' does not exist on type '{ default: { width: string; height: string; }; }'.
src/components/Endpoints/MessageEndpointIcon.tsx(3,48): error TS2614: Module '"librechat-data-provider"' has no exported member 'alternateName'. Did you mean to use 'import alternateName from "librechat-data-provider"' instead?
src/components/Endpoints/MinimalIcon.tsx(2,26): error TS2614: Module '"librechat-data-provider"' has no exported member 'alternateName'. Did you mean to use 'import alternateName from "librechat-data-provider"' instead?
src/components/Endpoints/MinimalIcon.tsx(63,38): error TS7015: Element implicitly has an 'any' type because index expression is not of type 'number'.
src/components/Endpoints/MinimalIcon.tsx(64,32): error TS7015: Element implicitly has an 'any' type because index expression is not of type 'number'.
src/components/Endpoints/MinimalIcon.tsx(65,37): error TS7015: Element implicitly has an 'any' type because index expression is not of type 'number'.
src/components/Endpoints/Settings/Advanced.tsx(2,10): error TS2614: Module '"librechat-data-provider"' has no exported member 'ImageDetail'. Did you mean to use 'import ImageDetail from "librechat-data-provider"' instead?
src/components/Endpoints/Settings/Advanced.tsx(2,23): error TS2614: Module '"librechat-data-provider"' has no exported member 'imageDetailNumeric'. Did you mean to use 'import imageDetailNumeric from "librechat-data-provider"' instead?
src/components/Endpoints/Settings/Advanced.tsx(2,43): error TS2614: Module '"librechat-data-provider"' has no exported member 'imageDetailValue'. Did you mean to use 'import imageDetailValue from "librechat-data-provider"' instead?
src/components/Endpoints/Settings/Anthropic.tsx(2,10): error TS2614: Module '"librechat-data-provider"' has no exported member 'getSettingsKeys'. Did you mean to use 'import getSettingsKeys from "librechat-data-provider"' instead?
src/components/Endpoints/Settings/Anthropic.tsx(3,15): error TS2614: Module '"librechat-data-provider"' has no exported member 'SettingDefinition'. Did you mean to use 'import SettingDefinition from "librechat-data-provider"' instead?
src/components/Endpoints/Settings/Anthropic.tsx(6,10): error TS2614: Module '"librechat-data-provider"' has no exported member 'presetSettings'. Did you mean to use 'import presetSettings from "librechat-data-provider"' instead?
src/components/Endpoints/Settings/Bedrock.tsx(2,10): error TS2614: Module '"librechat-data-provider"' has no exported member 'getSettingsKeys'. Did you mean to use 'import getSettingsKeys from "librechat-data-provider"' instead?
src/components/Endpoints/Settings/Bedrock.tsx(3,15): error TS2614: Module '"librechat-data-provider"' has no exported member 'SettingDefinition'. Did you mean to use 'import SettingDefinition from "librechat-data-provider"' instead?
src/components/Endpoints/Settings/Bedrock.tsx(6,10): error TS2614: Module '"librechat-data-provider"' has no exported member 'presetSettings'. Did you mean to use 'import presetSettings from "librechat-data-provider"' instead?
src/components/Endpoints/Settings/Examples.tsx(5,15): error TS2614: Module '"librechat-data-provider"' has no exported member 'TExample'. Did you mean to use 'import TExample from "librechat-data-provider"' instead?
src/components/Endpoints/Settings/Google.tsx(2,26): error TS2614: Module '"librechat-data-provider"' has no exported member 'endpointSettings'. Did you mean to use 'import endpointSettings from "librechat-data-provider"' instead?
src/components/Endpoints/Settings/MultiView/GoogleSettings.tsx(6,38): error TS7031: Binding element 'conversation' implicitly has an 'any' type.
src/components/Endpoints/Settings/MultiView/GoogleSettings.tsx(6,52): error TS7031: Binding element 'models' implicitly has an 'any' type.
src/components/Endpoints/Settings/MultiView/PluginSettings.tsx(6,39): error TS7031: Binding element 'conversation' implicitly has an 'any' type.
src/components/Endpoints/Settings/MultiView/PluginSettings.tsx(6,53): error TS7031: Binding element 'models' implicitly has an 'any' type.
src/components/Endpoints/Settings/OpenAI.tsx(2,10): error TS2614: Module '"librechat-data-provider"' has no exported member 'getSettingsKeys'. Did you mean to use 'import getSettingsKeys from "librechat-data-provider"' instead?
src/components/Endpoints/Settings/OpenAI.tsx(3,15): error TS2614: Module '"librechat-data-provider"' has no exported member 'SettingDefinition'. Did you mean to use 'import SettingDefinition from "librechat-data-provider"' instead?
src/components/Endpoints/Settings/OpenAI.tsx(6,10): error TS2614: Module '"librechat-data-provider"' has no exported member 'presetSettings'. Did you mean to use 'import presetSettings from "librechat-data-provider"' instead?
src/components/Endpoints/Settings/OptionHover.tsx(48,16): error TS7053: Element implicitly has an 'any' type because expression of type 'string' can't be used to index type '{ anthropic: { temp: string; topp: string; topk: string; maxoutputtokens: string; resend: string; promptcache: string; }; google: { temp: string; topp: string; topk: string; maxoutputtokens: string; }; openAI: { ...; }; azureOpenAI: { ...; }; gptPlugins: { ...; }; }'.
  No index signature with a parameter of type 'string' was found on type '{ anthropic: { temp: string; topp: string; topk: string; maxoutputtokens: string; resend: string; promptcache: string; }; google: { temp: string; topp: string; topk: string; maxoutputtokens: string; }; openAI: { ...; }; azureOpenAI: { ...; }; gptPlugins: { ...; }; }'.
src/components/Files/FileList/DataTableFile.tsx(18,10): error TS2614: Module '"librechat-data-provider"' has no exported member 'FileContext'. Did you mean to use 'import FileContext from "librechat-data-provider"' instead?
src/components/Files/FileList/DataTableFile.tsx(35,15): error TS2614: Module '"librechat-data-provider"' has no exported member 'TFile'. Did you mean to use 'import TFile from "librechat-data-provider"' instead?
src/components/Files/FileList/DataTableFile.tsx(148,39): error TS7015: Element implicitly has an 'any' type because index expression is not of type 'number'.
src/components/Files/FileList/FileList.tsx(1,15): error TS2614: Module '"librechat-data-provider"' has no exported member 'TFile'. Did you mean to use 'import TFile from "librechat-data-provider"' instead?
src/components/Files/FileList/FileListItem.tsx(3,15): error TS2614: Module '"librechat-data-provider"' has no exported member 'TFile'. Did you mean to use 'import TFile from "librechat-data-provider"' instead?
src/components/Files/FileList/FileListItem2.tsx(4,15): error TS2614: Module '"librechat-data-provider"' has no exported member 'TFile'. Did you mean to use 'import TFile from "librechat-data-provider"' instead?
src/components/Files/FileList/FileTableColumns.tsx(6,15): error TS2614: Module '"librechat-data-provider"' has no exported member 'TFile'. Did you mean to use 'import TFile from "librechat-data-provider"' instead?
src/components/Files/FileList/UploadFileModal.tsx(5,28): error TS7031: Binding element 'open' implicitly has an 'any' type.
src/components/Files/FileList/UploadFileModal.tsx(5,34): error TS7031: Binding element 'onOpenChange' implicitly has an 'any' type.
src/components/Files/VectorStore/VectorStoreListItem.tsx(29,12): error TS18048: 'vectorStore.file_counts' is possibly 'undefined'.
src/components/Files/VectorStore/VectorStoreListItem.tsx(29,51): error TS18048: 'vectorStore.bytes' is possibly 'undefined'.
src/components/Input/Generations/__tests__/Button.spec.tsx(16,57): error TS2339: Property 'toBeInTheDocument' does not exist on type 'JestMatchers<HTMLElement>'.
src/components/Input/Generations/__tests__/Button.spec.tsx(17,37): error TS2339: Property 'toBeInTheDocument' does not exist on type 'JestMatchers<HTMLElement>'.
src/components/Input/Generations/__tests__/Regenerate.spec.tsx(13,37): error TS2339: Property 'toBeInTheDocument' does not exist on type 'JestMatchers<HTMLElement>'.
src/components/Input/Generations/__tests__/Stop.spec.tsx(13,31): error TS2339: Property 'toBeInTheDocument' does not exist on type 'JestMatchers<HTMLElement>'.
src/components/Input/ModelSelect/Anthropic.tsx(1,26): error TS2724: '"@librechat/client"' has no exported member named 'SelectDropDownPop'. Did you mean 'SelectDropDown'?
src/components/Input/ModelSelect/ChatGPT.tsx(1,26): error TS2724: '"@librechat/client"' has no exported member named 'SelectDropDownPop'. Did you mean 'SelectDropDown'?
src/components/Input/ModelSelect/Google.tsx(1,26): error TS2724: '"@librechat/client"' has no exported member named 'SelectDropDownPop'. Did you mean 'SelectDropDown'?
src/components/Input/ModelSelect/ModelSelect.tsx(35,27): error TS7053: Element implicitly has an 'any' type because expression of type 'any' can't be used to index type '{}'.
src/components/Input/ModelSelect/OpenAI.tsx(1,51): error TS2307: Cannot find module '@librechat/clienti' or its corresponding type declarations.
src/components/Input/ModelSelect/PluginsByIndex.tsx(8,3): error TS2724: '"@librechat/client"' has no exported member named 'SelectDropDownPop'. Did you mean 'SelectDropDown'?
src/components/Input/ModelSelect/PluginsByIndex.tsx(9,3): error TS2724: '"@librechat/client"' has no exported member named 'MultiSelectDropDown'. Did you mean 'SelectDropDown'?
src/components/Input/ModelSelect/SelectDropDownPop.tsx(119,21): error TS2322: Type 'string | Option' is not assignable to type 'Key | null | undefined'.
  Type 'Option' is not assignable to type 'Key | null | undefined'.
src/components/Input/ModelSelect/SelectDropDownPop.tsx(120,21): error TS2322: Type 'string | Option' is not assignable to type 'string'.
  Type 'Option' is not assignable to type 'string'.
src/components/Input/ModelSelect/SelectDropDownPop.tsx(121,21): error TS2322: Type 'string | Option' is not assignable to type 'string | undefined'.
  Type 'Option' is not assignable to type 'string | undefined'.
src/components/Input/ModelSelect/SelectDropDownPop.tsx(123,45): error TS2345: Argument of type 'string | Option' is not assignable to parameter of type 'string'.
  Type 'Option' is not assignable to type 'string'.
src/components/Input/SetKeyDialog/CustomEndpoint.tsx(9,13): error TS2749: 'EModelEndpoint' refers to a value, but is being used as a type here. Did you mean 'typeof EModelEndpoint'?
src/components/Input/SetKeyDialog/GoogleConfig.tsx(4,10): error TS2614: Module '"librechat-data-provider"' has no exported member 'AuthKeys'. Did you mean to use 'import AuthKeys from "librechat-data-provider"' instead?
src/components/Input/SetKeyDialog/HelpText.tsx(51,18): error TS7015: Element implicitly has an 'any' type because index expression is not of type 'number'.
src/components/Input/SetKeyDialog/InputWithLabel.tsx(18,7): error TS2322: Type 'ForwardRefExoticComponent<Omit<InputWithLabelProps, "ref"> & RefAttributes<HTMLInputElement>>' is not assignable to type 'FC<InputWithLabelProps>'.
  Types of property 'propTypes' are incompatible.
    Type 'WeakValidationMap<Omit<InputWithLabelProps, "ref"> & RefAttributes<HTMLInputElement>> | undefined' is not assignable to type 'WeakValidationMap<InputWithLabelProps> | undefined'.
      Type 'WeakValidationMap<Omit<InputWithLabelProps, "ref"> & RefAttributes<HTMLInputElement>>' is not assignable to type 'WeakValidationMap<InputWithLabelProps>'.
        Types of property 'ref' are incompatible.
          Type 'Validator<LegacyRef<HTMLInputElement> | undefined> | undefined' is not assignable to type 'Validator<Ref<HTMLInputElement> | undefined> | undefined'.
            Type 'Validator<LegacyRef<HTMLInputElement> | undefined>' is not assignable to type 'Validator<Ref<HTMLInputElement> | undefined>'.
              Type 'LegacyRef<HTMLInputElement> | undefined' is not assignable to type 'Ref<HTMLInputElement> | undefined'.
                Type 'string' is not assignable to type 'Ref<HTMLInputElement> | undefined'.
src/components/Input/SetKeyDialog/OpenAIConfig.tsx(9,13): error TS2749: 'EModelEndpoint' refers to a value, but is being used as a type here. Did you mean 'typeof EModelEndpoint'?
src/components/Input/SetKeyDialog/SetKeyDialog.tsx(4,26): error TS2614: Module '"librechat-data-provider"' has no exported member 'alternateName'. Did you mean to use 'import alternateName from "librechat-data-provider"' instead?
src/components/Input/SetKeyDialog/SetKeyDialog.tsx(52,13): error TS2749: 'EModelEndpoint' refers to a value, but is being used as a type here. Did you mean 'typeof EModelEndpoint'?
src/components/Input/SetKeyDialog/SetKeyDialog.tsx(53,18): error TS2749: 'EModelEndpoint' refers to a value, but is being used as a type here. Did you mean 'typeof EModelEndpoint'?
src/components/Input/SetKeyDialog/SetKeyDialog.tsx(122,18): error TS7053: Element implicitly has an 'any' type because expression of type 'string' can't be used to index type '{ apiKey: string; baseURL: string; azureOpenAIApiKey: string; azureOpenAIApiInstanceName: string; azureOpenAIApiDeploymentName: string; azureOpenAIApiVersion: string; }'.
  No index signature with a parameter of type 'string' was found on type '{ apiKey: string; baseURL: string; azureOpenAIApiKey: string; azureOpenAIApiInstanceName: string; azureOpenAIApiDeploymentName: string; azureOpenAIApiVersion: string; }'.
src/components/Landing/3D/OrbitScene3D.tsx(3,56): error TS2307: Cannot find module '@react-three/postprocessing' or its corresponding type declarations.
src/components/Landing/AgentDemo/Three/Agent3DScene.tsx(13,69): error TS2307: Cannot find module '@react-three/postprocessing' or its corresponding type declarations.
src/components/Landing/Sections/HeroContent.tsx(172,15): error TS2322: Type '{ left: string; right: string; minimal: true; className: string; }' is not assignable to type 'IntrinsicAttributes & AnimatedBrandTitleProps'.
  Property 'minimal' does not exist on type 'IntrinsicAttributes & AnimatedBrandTitleProps'.
src/components/Landing/TopNav.tsx(251,15): error TS2322: Type '{ left: string; right: string; className: string; intensity: string; speed: string; palette: string; enableTilt: boolean; enableSpecular: true; enableAurora: boolean; }' is not assignable to type 'IntrinsicAttributes & AnimatedBrandTitleProps'.
  Property 'intensity' does not exist on type 'IntrinsicAttributes & AnimatedBrandTitleProps'.
src/components/Legal/Imprint.tsx(29,18): error TS2769: No overload matches this call.
  Overload 1 of 2, '(key: TemplateStringsArray | "nav.dashboard" | "nav.analytics" | "nav.menu" | "nav.close" | "nav.pricing" | "nav.home" | "nav.chat" | "nav.primary" | "nav.faq" | ... 301 more ... | (TemplateStringsArray | ... 309 more ... | "uspDeepDive.subtitle")[], options?: { ...; } | undefined): unknown', gave the following error.
    Argument of type '"legal.imprint.title"' is not assignable to parameter of type 'TemplateStringsArray | "nav.dashboard" | "nav.analytics" | "nav.menu" | "nav.close" | "nav.pricing" | "nav.home" | "nav.chat" | "nav.primary" | "nav.faq" | ... 301 more ... | (TemplateStringsArray | ... 309 more ... | "uspDeepDive.subtitle")[]'.
  Overload 2 of 2, '(key: TemplateStringsArray | "nav.dashboard" | "nav.analytics" | "nav.menu" | "nav.close" | "nav.pricing" | "nav.home" | "nav.chat" | "nav.primary" | "nav.faq" | ... 301 more ... | (TemplateStringsArray | ... 309 more ... | "uspDeepDive.subtitle")[], defaultValue: string, options?: (TOptionsBase & $Dictionary) | undefined): unknown', gave the following error.
    Argument of type '"legal.imprint.title"' is not assignable to parameter of type 'TemplateStringsArray | "nav.dashboard" | "nav.analytics" | "nav.menu" | "nav.close" | "nav.pricing" | "nav.home" | "nav.chat" | "nav.primary" | "nav.faq" | ... 301 more ... | (TemplateStringsArray | ... 309 more ... | "uspDeepDive.subtitle")[]'.
src/components/Legal/Imprint.tsx(30,24): error TS2769: No overload matches this call.
  Overload 1 of 2, '(key: TemplateStringsArray | "nav.dashboard" | "nav.analytics" | "nav.menu" | "nav.close" | "nav.pricing" | "nav.home" | "nav.chat" | "nav.primary" | "nav.faq" | ... 301 more ... | (TemplateStringsArray | ... 309 more ... | "uspDeepDive.subtitle")[], options?: { ...; } | undefined): unknown', gave the following error.
    Argument of type '"legal.imprint.company"' is not assignable to parameter of type 'TemplateStringsArray | "nav.dashboard" | "nav.analytics" | "nav.menu" | "nav.close" | "nav.pricing" | "nav.home" | "nav.chat" | "nav.primary" | "nav.faq" | ... 301 more ... | (TemplateStringsArray | ... 309 more ... | "uspDeepDive.subtitle")[]'.
  Overload 2 of 2, '(key: TemplateStringsArray | "nav.dashboard" | "nav.analytics" | "nav.menu" | "nav.close" | "nav.pricing" | "nav.home" | "nav.chat" | "nav.primary" | "nav.faq" | ... 301 more ... | (TemplateStringsArray | ... 309 more ... | "uspDeepDive.subtitle")[], defaultValue: string, options?: (TOptionsBase & $Dictionary) | undefined): unknown', gave the following error.
    Argument of type '"legal.imprint.company"' is not assignable to parameter of type 'TemplateStringsArray | "nav.dashboard" | "nav.analytics" | "nav.menu" | "nav.close" | "nav.pricing" | "nav.home" | "nav.chat" | "nav.primary" | "nav.faq" | ... 301 more ... | (TemplateStringsArray | ... 309 more ... | "uspDeepDive.subtitle")[]'.
src/components/Legal/Imprint.tsx(37,21): error TS2769: No overload matches this call.
  Overload 1 of 2, '(key: TemplateStringsArray | "nav.dashboard" | "nav.analytics" | "nav.menu" | "nav.close" | "nav.pricing" | "nav.home" | "nav.chat" | "nav.primary" | "nav.faq" | ... 301 more ... | (TemplateStringsArray | ... 309 more ... | "uspDeepDive.subtitle")[], options?: { ...; } | undefined): unknown', gave the following error.
    Argument of type '"legal.imprint.title"' is not assignable to parameter of type 'TemplateStringsArray | "nav.dashboard" | "nav.analytics" | "nav.menu" | "nav.close" | "nav.pricing" | "nav.home" | "nav.chat" | "nav.primary" | "nav.faq" | ... 301 more ... | (TemplateStringsArray | ... 309 more ... | "uspDeepDive.subtitle")[]'.
  Overload 2 of 2, '(key: TemplateStringsArray | "nav.dashboard" | "nav.analytics" | "nav.menu" | "nav.close" | "nav.pricing" | "nav.home" | "nav.chat" | "nav.primary" | "nav.faq" | ... 301 more ... | (TemplateStringsArray | ... 309 more ... | "uspDeepDive.subtitle")[], defaultValue: string, options?: (TOptionsBase & $Dictionary) | undefined): unknown', gave the following error.
    Argument of type '"legal.imprint.title"' is not assignable to parameter of type 'TemplateStringsArray | "nav.dashboard" | "nav.analytics" | "nav.menu" | "nav.close" | "nav.pricing" | "nav.home" | "nav.chat" | "nav.primary" | "nav.faq" | ... 301 more ... | (TemplateStringsArray | ... 309 more ... | "uspDeepDive.subtitle")[]'.
src/components/Legal/Imprint.tsx(57,11): error TS2322: Type 'unknown' is not assignable to type 'ReactI18NextChildren | Iterable<ReactI18NextChildren>'.
src/components/Legal/Imprint.tsx(57,14): error TS2769: No overload matches this call.
  Overload 1 of 2, '(key: TemplateStringsArray | "nav.dashboard" | "nav.analytics" | "nav.menu" | "nav.close" | "nav.pricing" | "nav.home" | "nav.chat" | "nav.primary" | "nav.faq" | ... 301 more ... | (TemplateStringsArray | ... 309 more ... | "uspDeepDive.subtitle")[], options?: { ...; } | undefined): unknown', gave the following error.
    Argument of type '"legal.imprint.title"' is not assignable to parameter of type 'TemplateStringsArray | "nav.dashboard" | "nav.analytics" | "nav.menu" | "nav.close" | "nav.pricing" | "nav.home" | "nav.chat" | "nav.primary" | "nav.faq" | ... 301 more ... | (TemplateStringsArray | ... 309 more ... | "uspDeepDive.subtitle")[]'.
  Overload 2 of 2, '(key: TemplateStringsArray | "nav.dashboard" | "nav.analytics" | "nav.menu" | "nav.close" | "nav.pricing" | "nav.home" | "nav.chat" | "nav.primary" | "nav.faq" | ... 301 more ... | (TemplateStringsArray | ... 309 more ... | "uspDeepDive.subtitle")[], defaultValue: string, options?: (TOptionsBase & $Dictionary) | undefined): unknown', gave the following error.
    Argument of type '"legal.imprint.title"' is not assignable to parameter of type 'TemplateStringsArray | "nav.dashboard" | "nav.analytics" | "nav.menu" | "nav.close" | "nav.pricing" | "nav.home" | "nav.chat" | "nav.primary" | "nav.faq" | ... 301 more ... | (TemplateStringsArray | ... 309 more ... | "uspDeepDive.subtitle")[]'.
src/components/Legal/Imprint.tsx(61,21): error TS2322: Type 'unknown' is not assignable to type 'ReactI18NextChildren | Iterable<ReactI18NextChildren>'.
src/components/Legal/Imprint.tsx(61,24): error TS2769: No overload matches this call.
  Overload 1 of 2, '(key: TemplateStringsArray | "nav.dashboard" | "nav.analytics" | "nav.menu" | "nav.close" | "nav.pricing" | "nav.home" | "nav.chat" | "nav.primary" | "nav.faq" | ... 301 more ... | (TemplateStringsArray | ... 309 more ... | "uspDeepDive.subtitle")[], options?: { ...; } | undefined): unknown', gave the following error.
    Argument of type '"legal.imprint.company"' is not assignable to parameter of type 'TemplateStringsArray | "nav.dashboard" | "nav.analytics" | "nav.menu" | "nav.close" | "nav.pricing" | "nav.home" | "nav.chat" | "nav.primary" | "nav.faq" | ... 301 more ... | (TemplateStringsArray | ... 309 more ... | "uspDeepDive.subtitle")[]'.
  Overload 2 of 2, '(key: TemplateStringsArray | "nav.dashboard" | "nav.analytics" | "nav.menu" | "nav.close" | "nav.pricing" | "nav.home" | "nav.chat" | "nav.primary" | "nav.faq" | ... 301 more ... | (TemplateStringsArray | ... 309 more ... | "uspDeepDive.subtitle")[], defaultValue: string, options?: (TOptionsBase & $Dictionary) | undefined): unknown', gave the following error.
    Argument of type '"legal.imprint.company"' is not assignable to parameter of type 'TemplateStringsArray | "nav.dashboard" | "nav.analytics" | "nav.menu" | "nav.close" | "nav.pricing" | "nav.home" | "nav.chat" | "nav.primary" | "nav.faq" | ... 301 more ... | (TemplateStringsArray | ... 309 more ... | "uspDeepDive.subtitle")[]'.
src/components/Legal/Imprint.tsx(64,13): error TS2322: Type 'unknown' is not assignable to type 'ReactI18NextChildren | Iterable<ReactI18NextChildren>'.
src/components/Legal/Imprint.tsx(64,16): error TS2769: No overload matches this call.
  Overload 1 of 2, '(key: TemplateStringsArray | "nav.dashboard" | "nav.analytics" | "nav.menu" | "nav.close" | "nav.pricing" | "nav.home" | "nav.chat" | "nav.primary" | "nav.faq" | ... 301 more ... | (TemplateStringsArray | ... 309 more ... | "uspDeepDive.subtitle")[], options?: { ...; } | undefined): unknown', gave the following error.
    Argument of type '"legal.imprint.address"' is not assignable to parameter of type 'TemplateStringsArray | "nav.dashboard" | "nav.analytics" | "nav.menu" | "nav.close" | "nav.pricing" | "nav.home" | "nav.chat" | "nav.primary" | "nav.faq" | ... 301 more ... | (TemplateStringsArray | ... 309 more ... | "uspDeepDive.subtitle")[]'.
  Overload 2 of 2, '(key: TemplateStringsArray | "nav.dashboard" | "nav.analytics" | "nav.menu" | "nav.close" | "nav.pricing" | "nav.home" | "nav.chat" | "nav.primary" | "nav.faq" | ... 301 more ... | (TemplateStringsArray | ... 309 more ... | "uspDeepDive.subtitle")[], defaultValue: string, options?: (TOptionsBase & $Dictionary) | undefined): unknown', gave the following error.
    Argument of type '"legal.imprint.address"' is not assignable to parameter of type 'TemplateStringsArray | "nav.dashboard" | "nav.analytics" | "nav.menu" | "nav.close" | "nav.pricing" | "nav.home" | "nav.chat" | "nav.primary" | "nav.faq" | ... 301 more ... | (TemplateStringsArray | ... 309 more ... | "uspDeepDive.subtitle")[]'.
src/components/Legal/Imprint.tsx(68,14): error TS2322: Type 'unknown' is not assignable to type 'ReactI18NextChildren | Iterable<ReactI18NextChildren>'.
src/components/Legal/Imprint.tsx(68,17): error TS2769: No overload matches this call.
  Overload 1 of 2, '(key: TemplateStringsArray | "nav.dashboard" | "nav.analytics" | "nav.menu" | "nav.close" | "nav.pricing" | "nav.home" | "nav.chat" | "nav.primary" | "nav.faq" | ... 301 more ... | (TemplateStringsArray | ... 309 more ... | "uspDeepDive.subtitle")[], options?: { ...; } | undefined): unknown', gave the following error.
    Argument of type '"legal.imprint.contact"' is not assignable to parameter of type 'TemplateStringsArray | "nav.dashboard" | "nav.analytics" | "nav.menu" | "nav.close" | "nav.pricing" | "nav.home" | "nav.chat" | "nav.primary" | "nav.faq" | ... 301 more ... | (TemplateStringsArray | ... 309 more ... | "uspDeepDive.subtitle")[]'.
  Overload 2 of 2, '(key: TemplateStringsArray | "nav.dashboard" | "nav.analytics" | "nav.menu" | "nav.close" | "nav.pricing" | "nav.home" | "nav.chat" | "nav.primary" | "nav.faq" | ... 301 more ... | (TemplateStringsArray | ... 309 more ... | "uspDeepDive.subtitle")[], defaultValue: string, options?: (TOptionsBase & $Dictionary) | undefined): unknown', gave the following error.
    Argument of type '"legal.imprint.contact"' is not assignable to parameter of type 'TemplateStringsArray | "nav.dashboard" | "nav.analytics" | "nav.menu" | "nav.close" | "nav.pricing" | "nav.home" | "nav.chat" | "nav.primary" | "nav.faq" | ... 301 more ... | (TemplateStringsArray | ... 309 more ... | "uspDeepDive.subtitle")[]'.
src/components/Legal/Imprint.tsx(69,14): error TS2322: Type 'unknown' is not assignable to type 'ReactI18NextChildren | Iterable<ReactI18NextChildren>'.
src/components/Legal/Imprint.tsx(69,17): error TS2769: No overload matches this call.
  Overload 1 of 2, '(key: TemplateStringsArray | "nav.dashboard" | "nav.analytics" | "nav.menu" | "nav.close" | "nav.pricing" | "nav.home" | "nav.chat" | "nav.primary" | "nav.faq" | ... 301 more ... | (TemplateStringsArray | ... 309 more ... | "uspDeepDive.subtitle")[], options?: { ...; } | undefined): unknown', gave the following error.
    Argument of type '"legal.imprint.vat"' is not assignable to parameter of type 'TemplateStringsArray | "nav.dashboard" | "nav.analytics" | "nav.menu" | "nav.close" | "nav.pricing" | "nav.home" | "nav.chat" | "nav.primary" | "nav.faq" | ... 301 more ... | (TemplateStringsArray | ... 309 more ... | "uspDeepDive.subtitle")[]'.
  Overload 2 of 2, '(key: TemplateStringsArray | "nav.dashboard" | "nav.analytics" | "nav.menu" | "nav.close" | "nav.pricing" | "nav.home" | "nav.chat" | "nav.primary" | "nav.faq" | ... 301 more ... | (TemplateStringsArray | ... 309 more ... | "uspDeepDive.subtitle")[], defaultValue: string, options?: (TOptionsBase & $Dictionary) | undefined): unknown', gave the following error.
    Argument of type '"legal.imprint.vat"' is not assignable to parameter of type 'TemplateStringsArray | "nav.dashboard" | "nav.analytics" | "nav.menu" | "nav.close" | "nav.pricing" | "nav.home" | "nav.chat" | "nav.primary" | "nav.faq" | ... 301 more ... | (TemplateStringsArray | ... 309 more ... | "uspDeepDive.subtitle")[]'.
src/components/Legal/Imprint.tsx(70,14): error TS2322: Type 'unknown' is not assignable to type 'ReactI18NextChildren | Iterable<ReactI18NextChildren>'.
src/components/Legal/Imprint.tsx(70,17): error TS2769: No overload matches this call.
  Overload 1 of 2, '(key: TemplateStringsArray | "nav.dashboard" | "nav.analytics" | "nav.menu" | "nav.close" | "nav.pricing" | "nav.home" | "nav.chat" | "nav.primary" | "nav.faq" | ... 301 more ... | (TemplateStringsArray | ... 309 more ... | "uspDeepDive.subtitle")[], options?: { ...; } | undefined): unknown', gave the following error.
    Argument of type '"legal.imprint.ceo"' is not assignable to parameter of type 'TemplateStringsArray | "nav.dashboard" | "nav.analytics" | "nav.menu" | "nav.close" | "nav.pricing" | "nav.home" | "nav.chat" | "nav.primary" | "nav.faq" | ... 301 more ... | (TemplateStringsArray | ... 309 more ... | "uspDeepDive.subtitle")[]'.
  Overload 2 of 2, '(key: TemplateStringsArray | "nav.dashboard" | "nav.analytics" | "nav.menu" | "nav.close" | "nav.pricing" | "nav.home" | "nav.chat" | "nav.primary" | "nav.faq" | ... 301 more ... | (TemplateStringsArray | ... 309 more ... | "uspDeepDive.subtitle")[], defaultValue: string, options?: (TOptionsBase & $Dictionary) | undefined): unknown', gave the following error.
    Argument of type '"legal.imprint.ceo"' is not assignable to parameter of type 'TemplateStringsArray | "nav.dashboard" | "nav.analytics" | "nav.menu" | "nav.close" | "nav.pricing" | "nav.home" | "nav.chat" | "nav.primary" | "nav.faq" | ... 301 more ... | (TemplateStringsArray | ... 309 more ... | "uspDeepDive.subtitle")[]'.
src/components/Legal/Privacy.tsx(33,18): error TS2769: No overload matches this call.
  Overload 1 of 2, '(key: TemplateStringsArray | "nav.dashboard" | "nav.analytics" | "nav.menu" | "nav.close" | "nav.pricing" | "nav.home" | "nav.chat" | "nav.primary" | "nav.faq" | ... 301 more ... | (TemplateStringsArray | ... 309 more ... | "uspDeepDive.subtitle")[], options?: { ...; } | undefined): unknown', gave the following error.
    Argument of type '"legal.privacy.title"' is not assignable to parameter of type 'TemplateStringsArray | "nav.dashboard" | "nav.analytics" | "nav.menu" | "nav.close" | "nav.pricing" | "nav.home" | "nav.chat" | "nav.primary" | "nav.faq" | ... 301 more ... | (TemplateStringsArray | ... 309 more ... | "uspDeepDive.subtitle")[]'.
  Overload 2 of 2, '(key: TemplateStringsArray | "nav.dashboard" | "nav.analytics" | "nav.menu" | "nav.close" | "nav.pricing" | "nav.home" | "nav.chat" | "nav.primary" | "nav.faq" | ... 301 more ... | (TemplateStringsArray | ... 309 more ... | "uspDeepDive.subtitle")[], defaultValue: string, options?: (TOptionsBase & $Dictionary) | undefined): unknown', gave the following error.
    Argument of type '"legal.privacy.title"' is not assignable to parameter of type 'TemplateStringsArray | "nav.dashboard" | "nav.analytics" | "nav.menu" | "nav.close" | "nav.pricing" | "nav.home" | "nav.chat" | "nav.primary" | "nav.faq" | ... 301 more ... | (TemplateStringsArray | ... 309 more ... | "uspDeepDive.subtitle")[]'.
src/components/Legal/Privacy.tsx(35,13): error TS2769: No overload matches this call.
  Overload 1 of 2, '(key: TemplateStringsArray | "nav.dashboard" | "nav.analytics" | "nav.menu" | "nav.close" | "nav.pricing" | "nav.home" | "nav.chat" | "nav.primary" | "nav.faq" | ... 301 more ... | (TemplateStringsArray | ... 309 more ... | "uspDeepDive.subtitle")[], options?: { ...; } | undefined): unknown', gave the following error.
    Argument of type '"legal.privacy.intro"' is not assignable to parameter of type 'TemplateStringsArray | "nav.dashboard" | "nav.analytics" | "nav.menu" | "nav.close" | "nav.pricing" | "nav.home" | "nav.chat" | "nav.primary" | "nav.faq" | ... 301 more ... | (TemplateStringsArray | ... 309 more ... | "uspDeepDive.subtitle")[]'.
  Overload 2 of 2, '(key: TemplateStringsArray | "nav.dashboard" | "nav.analytics" | "nav.menu" | "nav.close" | "nav.pricing" | "nav.home" | "nav.chat" | "nav.primary" | "nav.faq" | ... 301 more ... | (TemplateStringsArray | ... 309 more ... | "uspDeepDive.subtitle")[], defaultValue: string, options?: (TOptionsBase & $Dictionary) | undefined): unknown', gave the following error.
    Argument of type '"legal.privacy.intro"' is not assignable to parameter of type 'TemplateStringsArray | "nav.dashboard" | "nav.analytics" | "nav.menu" | "nav.close" | "nav.pricing" | "nav.home" | "nav.chat" | "nav.primary" | "nav.faq" | ... 301 more ... | (TemplateStringsArray | ... 309 more ... | "uspDeepDive.subtitle")[]'.
src/components/Legal/Privacy.tsx(48,13): error TS2322: Type 'unknown' is not assignable to type 'string'.
src/components/Legal/Privacy.tsx(48,21): error TS2769: No overload matches this call.
  Overload 1 of 2, '(key: TemplateStringsArray | "nav.dashboard" | "nav.analytics" | "nav.menu" | "nav.close" | "nav.pricing" | "nav.home" | "nav.chat" | "nav.primary" | "nav.faq" | ... 301 more ... | (TemplateStringsArray | ... 309 more ... | "uspDeepDive.subtitle")[], options?: { ...; } | undefined): unknown', gave the following error.
    Argument of type '"site.breadcrumb_home"' is not assignable to parameter of type 'TemplateStringsArray | "nav.dashboard" | "nav.analytics" | "nav.menu" | "nav.close" | "nav.pricing" | "nav.home" | "nav.chat" | "nav.primary" | "nav.faq" | ... 301 more ... | (TemplateStringsArray | ... 309 more ... | "uspDeepDive.subtitle")[]'.
  Overload 2 of 2, '(key: TemplateStringsArray | "nav.dashboard" | "nav.analytics" | "nav.menu" | "nav.close" | "nav.pricing" | "nav.home" | "nav.chat" | "nav.primary" | "nav.faq" | ... 301 more ... | (TemplateStringsArray | ... 309 more ... | "uspDeepDive.subtitle")[], defaultValue: string, options?: (TOptionsBase & $Dictionary) | undefined): unknown', gave the following error.
    Argument of type '"site.breadcrumb_home"' is not assignable to parameter of type 'TemplateStringsArray | "nav.dashboard" | "nav.analytics" | "nav.menu" | "nav.close" | "nav.pricing" | "nav.home" | "nav.chat" | "nav.primary" | "nav.faq" | ... 301 more ... | (TemplateStringsArray | ... 309 more ... | "uspDeepDive.subtitle")[]'.
src/components/Legal/Privacy.tsx(50,21): error TS2769: No overload matches this call.
  Overload 1 of 2, '(key: TemplateStringsArray | "nav.dashboard" | "nav.analytics" | "nav.menu" | "nav.close" | "nav.pricing" | "nav.home" | "nav.chat" | "nav.primary" | "nav.faq" | ... 301 more ... | (TemplateStringsArray | ... 309 more ... | "uspDeepDive.subtitle")[], options?: { ...; } | undefined): unknown', gave the following error.
    Argument of type '"legal.privacy.title"' is not assignable to parameter of type 'TemplateStringsArray | "nav.dashboard" | "nav.analytics" | "nav.menu" | "nav.close" | "nav.pricing" | "nav.home" | "nav.chat" | "nav.primary" | "nav.faq" | ... 301 more ... | (TemplateStringsArray | ... 309 more ... | "uspDeepDive.subtitle")[]'.
  Overload 2 of 2, '(key: TemplateStringsArray | "nav.dashboard" | "nav.analytics" | "nav.menu" | "nav.close" | "nav.pricing" | "nav.home" | "nav.chat" | "nav.primary" | "nav.faq" | ... 301 more ... | (TemplateStringsArray | ... 309 more ... | "uspDeepDive.subtitle")[], defaultValue: string, options?: (TOptionsBase & $Dictionary) | undefined): unknown', gave the following error.
    Argument of type '"legal.privacy.title"' is not assignable to parameter of type 'TemplateStringsArray | "nav.dashboard" | "nav.analytics" | "nav.menu" | "nav.close" | "nav.pricing" | "nav.home" | "nav.chat" | "nav.primary" | "nav.faq" | ... 301 more ... | (TemplateStringsArray | ... 309 more ... | "uspDeepDive.subtitle")[]'.
src/components/Legal/Privacy.tsx(62,9): error TS2322: Type 'unknown' is not assignable to type 'ReactI18NextChildren | Iterable<ReactI18NextChildren>'.
src/components/Legal/Privacy.tsx(62,12): error TS2769: No overload matches this call.
  Overload 1 of 2, '(key: TemplateStringsArray | "nav.dashboard" | "nav.analytics" | "nav.menu" | "nav.close" | "nav.pricing" | "nav.home" | "nav.chat" | "nav.primary" | "nav.faq" | ... 301 more ... | (TemplateStringsArray | ... 309 more ... | "uspDeepDive.subtitle")[], options?: { ...; } | undefined): unknown', gave the following error.
    Argument of type '"a11y.skipToContent"' is not assignable to parameter of type 'TemplateStringsArray | "nav.dashboard" | "nav.analytics" | "nav.menu" | "nav.close" | "nav.pricing" | "nav.home" | "nav.chat" | "nav.primary" | "nav.faq" | ... 301 more ... | (TemplateStringsArray | ... 309 more ... | "uspDeepDive.subtitle")[]'.
  Overload 2 of 2, '(key: TemplateStringsArray | "nav.dashboard" | "nav.analytics" | "nav.menu" | "nav.close" | "nav.pricing" | "nav.home" | "nav.chat" | "nav.primary" | "nav.faq" | ... 301 more ... | (TemplateStringsArray | ... 309 more ... | "uspDeepDive.subtitle")[], defaultValue: string, options?: (TOptionsBase & $Dictionary) | undefined): unknown', gave the following error.
    Argument of type '"a11y.skipToContent"' is not assignable to parameter of type 'TemplateStringsArray | "nav.dashboard" | "nav.analytics" | "nav.menu" | "nav.close" | "nav.pricing" | "nav.home" | "nav.chat" | "nav.primary" | "nav.faq" | ... 301 more ... | (TemplateStringsArray | ... 309 more ... | "uspDeepDive.subtitle")[]'.
src/components/Legal/Privacy.tsx(71,11): error TS2322: Type 'unknown' is not assignable to type 'ReactI18NextChildren | Iterable<ReactI18NextChildren>'.
src/components/Legal/Privacy.tsx(71,14): error TS2769: No overload matches this call.
  Overload 1 of 2, '(key: TemplateStringsArray | "nav.dashboard" | "nav.analytics" | "nav.menu" | "nav.close" | "nav.pricing" | "nav.home" | "nav.chat" | "nav.primary" | "nav.faq" | ... 301 more ... | (TemplateStringsArray | ... 309 more ... | "uspDeepDive.subtitle")[], options?: { ...; } | undefined): unknown', gave the following error.
    Argument of type '"legal.privacy.title"' is not assignable to parameter of type 'TemplateStringsArray | "nav.dashboard" | "nav.analytics" | "nav.menu" | "nav.close" | "nav.pricing" | "nav.home" | "nav.chat" | "nav.primary" | "nav.faq" | ... 301 more ... | (TemplateStringsArray | ... 309 more ... | "uspDeepDive.subtitle")[]'.
  Overload 2 of 2, '(key: TemplateStringsArray | "nav.dashboard" | "nav.analytics" | "nav.menu" | "nav.close" | "nav.pricing" | "nav.home" | "nav.chat" | "nav.primary" | "nav.faq" | ... 301 more ... | (TemplateStringsArray | ... 309 more ... | "uspDeepDive.subtitle")[], defaultValue: string, options?: (TOptionsBase & $Dictionary) | undefined): unknown', gave the following error.
    Argument of type '"legal.privacy.title"' is not assignable to parameter of type 'TemplateStringsArray | "nav.dashboard" | "nav.analytics" | "nav.menu" | "nav.close" | "nav.pricing" | "nav.home" | "nav.chat" | "nav.primary" | "nav.faq" | ... 301 more ... | (TemplateStringsArray | ... 309 more ... | "uspDeepDive.subtitle")[]'.
src/components/Legal/Privacy.tsx(74,11): error TS2322: Type 'unknown' is not assignable to type 'ReactI18NextChildren | Iterable<ReactI18NextChildren>'.
src/components/Legal/Privacy.tsx(74,14): error TS2769: No overload matches this call.
  Overload 1 of 2, '(key: TemplateStringsArray | "nav.dashboard" | "nav.analytics" | "nav.menu" | "nav.close" | "nav.pricing" | "nav.home" | "nav.chat" | "nav.primary" | "nav.faq" | ... 301 more ... | (TemplateStringsArray | ... 309 more ... | "uspDeepDive.subtitle")[], options?: { ...; } | undefined): unknown', gave the following error.
    Argument of type '"legal.privacy.updated"' is not assignable to parameter of type 'TemplateStringsArray | "nav.dashboard" | "nav.analytics" | "nav.menu" | "nav.close" | "nav.pricing" | "nav.home" | "nav.chat" | "nav.primary" | "nav.faq" | ... 301 more ... | (TemplateStringsArray | ... 309 more ... | "uspDeepDive.subtitle")[]'.
  Overload 2 of 2, '(key: TemplateStringsArray | "nav.dashboard" | "nav.analytics" | "nav.menu" | "nav.close" | "nav.pricing" | "nav.home" | "nav.chat" | "nav.primary" | "nav.faq" | ... 301 more ... | (TemplateStringsArray | ... 309 more ... | "uspDeepDive.subtitle")[], defaultValue: string, options?: (TOptionsBase & $Dictionary) | undefined): unknown', gave the following error.
    Argument of type '"legal.privacy.updated"' is not assignable to parameter of type 'TemplateStringsArray | "nav.dashboard" | "nav.analytics" | "nav.menu" | "nav.close" | "nav.pricing" | "nav.home" | "nav.chat" | "nav.primary" | "nav.faq" | ... 301 more ... | (TemplateStringsArray | ... 309 more ... | "uspDeepDive.subtitle")[]'.
src/components/Legal/Privacy.tsx(76,43): error TS2322: Type 'unknown' is not assignable to type 'ReactI18NextChildren | Iterable<ReactI18NextChildren>'.
src/components/Legal/Privacy.tsx(76,46): error TS2345: Argument of type '"legal.privacy.intro"' is not assignable to parameter of type 'TemplateStringsArray | "nav.dashboard" | "nav.analytics" | "nav.menu" | "nav.close" | "nav.pricing" | "nav.home" | "nav.chat" | "nav.primary" | "nav.faq" | ... 301 more ... | (TemplateStringsArray | ... 309 more ... | "uspDeepDive.subtitle")[]'.
src/components/Legal/Privacy.tsx(80,13): error TS2322: Type 'unknown' is not assignable to type 'ReactI18NextChildren | Iterable<ReactI18NextChildren>'.
src/components/Legal/Privacy.tsx(80,16): error TS2345: Argument of type '"legal.privacy.sections.responsible.title"' is not assignable to parameter of type 'TemplateStringsArray | "nav.dashboard" | "nav.analytics" | "nav.menu" | "nav.close" | "nav.pricing" | "nav.home" | "nav.chat" | "nav.primary" | "nav.faq" | ... 301 more ... | (TemplateStringsArray | ... 309 more ... | "uspDeepDive.subtitle")[]'.
src/components/Legal/Privacy.tsx(82,40): error TS2322: Type 'unknown' is not assignable to type 'ReactI18NextChildren | Iterable<ReactI18NextChildren>'.
src/components/Legal/Privacy.tsx(82,43): error TS2345: Argument of type '"legal.privacy.sections.responsible.content"' is not assignable to parameter of type 'TemplateStringsArray | "nav.dashboard" | "nav.analytics" | "nav.menu" | "nav.close" | "nav.pricing" | "nav.home" | "nav.chat" | "nav.primary" | "nav.faq" | ... 301 more ... | (TemplateStringsArray | ... 309 more ... | "uspDeepDive.subtitle")[]'.
src/components/Legal/Privacy.tsx(86,13): error TS2322: Type 'unknown' is not assignable to type 'ReactI18NextChildren | Iterable<ReactI18NextChildren>'.
src/components/Legal/Privacy.tsx(86,16): error TS2345: Argument of type '"legal.privacy.sections.processing.title"' is not assignable to parameter of type 'TemplateStringsArray | "nav.dashboard" | "nav.analytics" | "nav.menu" | "nav.close" | "nav.pricing" | "nav.home" | "nav.chat" | "nav.primary" | "nav.faq" | ... 301 more ... | (TemplateStringsArray | ... 309 more ... | "uspDeepDive.subtitle")[]'.
src/components/Legal/Privacy.tsx(88,40): error TS2322: Type 'unknown' is not assignable to type 'ReactI18NextChildren | Iterable<ReactI18NextChildren>'.
src/components/Legal/Privacy.tsx(88,43): error TS2345: Argument of type '"legal.privacy.sections.processing.content"' is not assignable to parameter of type 'TemplateStringsArray | "nav.dashboard" | "nav.analytics" | "nav.menu" | "nav.close" | "nav.pricing" | "nav.home" | "nav.chat" | "nav.primary" | "nav.faq" | ... 301 more ... | (TemplateStringsArray | ... 309 more ... | "uspDeepDive.subtitle")[]'.
src/components/Legal/Privacy.tsx(92,13): error TS2322: Type 'unknown' is not assignable to type 'ReactI18NextChildren | Iterable<ReactI18NextChildren>'.
src/components/Legal/Privacy.tsx(92,16): error TS2345: Argument of type '"legal.privacy.sections.legalBasis.title"' is not assignable to parameter of type 'TemplateStringsArray | "nav.dashboard" | "nav.analytics" | "nav.menu" | "nav.close" | "nav.pricing" | "nav.home" | "nav.chat" | "nav.primary" | "nav.faq" | ... 301 more ... | (TemplateStringsArray | ... 309 more ... | "uspDeepDive.subtitle")[]'.
src/components/Legal/Privacy.tsx(94,40): error TS2322: Type 'unknown' is not assignable to type 'ReactI18NextChildren | Iterable<ReactI18NextChildren>'.
src/components/Legal/Privacy.tsx(94,43): error TS2345: Argument of type '"legal.privacy.sections.legalBasis.content"' is not assignable to parameter of type 'TemplateStringsArray | "nav.dashboard" | "nav.analytics" | "nav.menu" | "nav.close" | "nav.pricing" | "nav.home" | "nav.chat" | "nav.primary" | "nav.faq" | ... 301 more ... | (TemplateStringsArray | ... 309 more ... | "uspDeepDive.subtitle")[]'.
src/components/Legal/Privacy.tsx(98,13): error TS2322: Type 'unknown' is not assignable to type 'ReactI18NextChildren | Iterable<ReactI18NextChildren>'.
src/components/Legal/Privacy.tsx(98,16): error TS2345: Argument of type '"legal.privacy.sections.retention.title"' is not assignable to parameter of type 'TemplateStringsArray | "nav.dashboard" | "nav.analytics" | "nav.menu" | "nav.close" | "nav.pricing" | "nav.home" | "nav.chat" | "nav.primary" | "nav.faq" | ... 301 more ... | (TemplateStringsArray | ... 309 more ... | "uspDeepDive.subtitle")[]'.
src/components/Legal/Privacy.tsx(100,40): error TS2322: Type 'unknown' is not assignable to type 'ReactI18NextChildren | Iterable<ReactI18NextChildren>'.
src/components/Legal/Privacy.tsx(100,43): error TS2345: Argument of type '"legal.privacy.sections.retention.content"' is not assignable to parameter of type 'TemplateStringsArray | "nav.dashboard" | "nav.analytics" | "nav.menu" | "nav.close" | "nav.pricing" | "nav.home" | "nav.chat" | "nav.primary" | "nav.faq" | ... 301 more ... | (TemplateStringsArray | ... 309 more ... | "uspDeepDive.subtitle")[]'.
src/components/Legal/Privacy.tsx(103,52): error TS2322: Type 'unknown' is not assignable to type 'ReactI18NextChildren | Iterable<ReactI18NextChildren>'.
src/components/Legal/Privacy.tsx(103,55): error TS2345: Argument of type '"legal.privacy.sections.rights.title"' is not assignable to parameter of type 'TemplateStringsArray | "nav.dashboard" | "nav.analytics" | "nav.menu" | "nav.close" | "nav.pricing" | "nav.home" | "nav.chat" | "nav.primary" | "nav.faq" | ... 301 more ... | (TemplateStringsArray | ... 309 more ... | "uspDeepDive.subtitle")[]'.
src/components/Legal/Privacy.tsx(104,40): error TS2322: Type 'unknown' is not assignable to type 'ReactI18NextChildren | Iterable<ReactI18NextChildren>'.
src/components/Legal/Privacy.tsx(104,43): error TS2345: Argument of type '"legal.privacy.sections.rights.content"' is not assignable to parameter of type 'TemplateStringsArray | "nav.dashboard" | "nav.analytics" | "nav.menu" | "nav.close" | "nav.pricing" | "nav.home" | "nav.chat" | "nav.primary" | "nav.faq" | ... 301 more ... | (TemplateStringsArray | ... 309 more ... | "uspDeepDive.subtitle")[]'.
src/components/Legal/Terms.tsx(33,18): error TS2769: No overload matches this call.
  Overload 1 of 2, '(key: TemplateStringsArray | "nav.dashboard" | "nav.analytics" | "nav.menu" | "nav.close" | "nav.pricing" | "nav.home" | "nav.chat" | "nav.primary" | "nav.faq" | ... 301 more ... | (TemplateStringsArray | ... 309 more ... | "uspDeepDive.subtitle")[], options?: { ...; } | undefined): unknown', gave the following error.
    Argument of type '"legal.terms.title"' is not assignable to parameter of type 'TemplateStringsArray | "nav.dashboard" | "nav.analytics" | "nav.menu" | "nav.close" | "nav.pricing" | "nav.home" | "nav.chat" | "nav.primary" | "nav.faq" | ... 301 more ... | (TemplateStringsArray | ... 309 more ... | "uspDeepDive.subtitle")[]'.
  Overload 2 of 2, '(key: TemplateStringsArray | "nav.dashboard" | "nav.analytics" | "nav.menu" | "nav.close" | "nav.pricing" | "nav.home" | "nav.chat" | "nav.primary" | "nav.faq" | ... 301 more ... | (TemplateStringsArray | ... 309 more ... | "uspDeepDive.subtitle")[], defaultValue: string, options?: (TOptionsBase & $Dictionary) | undefined): unknown', gave the following error.
    Argument of type '"legal.terms.title"' is not assignable to parameter of type 'TemplateStringsArray | "nav.dashboard" | "nav.analytics" | "nav.menu" | "nav.close" | "nav.pricing" | "nav.home" | "nav.chat" | "nav.primary" | "nav.faq" | ... 301 more ... | (TemplateStringsArray | ... 309 more ... | "uspDeepDive.subtitle")[]'.
src/components/Legal/Terms.tsx(35,13): error TS2769: No overload matches this call.
  Overload 1 of 2, '(key: TemplateStringsArray | "nav.dashboard" | "nav.analytics" | "nav.menu" | "nav.close" | "nav.pricing" | "nav.home" | "nav.chat" | "nav.primary" | "nav.faq" | ... 301 more ... | (TemplateStringsArray | ... 309 more ... | "uspDeepDive.subtitle")[], options?: { ...; } | undefined): unknown', gave the following error.
    Argument of type '"legal.terms.intro"' is not assignable to parameter of type 'TemplateStringsArray | "nav.dashboard" | "nav.analytics" | "nav.menu" | "nav.close" | "nav.pricing" | "nav.home" | "nav.chat" | "nav.primary" | "nav.faq" | ... 301 more ... | (TemplateStringsArray | ... 309 more ... | "uspDeepDive.subtitle")[]'.
  Overload 2 of 2, '(key: TemplateStringsArray | "nav.dashboard" | "nav.analytics" | "nav.menu" | "nav.close" | "nav.pricing" | "nav.home" | "nav.chat" | "nav.primary" | "nav.faq" | ... 301 more ... | (TemplateStringsArray | ... 309 more ... | "uspDeepDive.subtitle")[], defaultValue: string, options?: (TOptionsBase & $Dictionary) | undefined): unknown', gave the following error.
    Argument of type '"legal.terms.intro"' is not assignable to parameter of type 'TemplateStringsArray | "nav.dashboard" | "nav.analytics" | "nav.menu" | "nav.close" | "nav.pricing" | "nav.home" | "nav.chat" | "nav.primary" | "nav.faq" | ... 301 more ... | (TemplateStringsArray | ... 309 more ... | "uspDeepDive.subtitle")[]'.
src/components/Legal/Terms.tsx(50,21): error TS2769: No overload matches this call.
  Overload 1 of 2, '(key: TemplateStringsArray | "nav.dashboard" | "nav.analytics" | "nav.menu" | "nav.close" | "nav.pricing" | "nav.home" | "nav.chat" | "nav.primary" | "nav.faq" | ... 301 more ... | (TemplateStringsArray | ... 309 more ... | "uspDeepDive.subtitle")[], options?: { ...; } | undefined): unknown', gave the following error.
    Argument of type '"legal.terms.title"' is not assignable to parameter of type 'TemplateStringsArray | "nav.dashboard" | "nav.analytics" | "nav.menu" | "nav.close" | "nav.pricing" | "nav.home" | "nav.chat" | "nav.primary" | "nav.faq" | ... 301 more ... | (TemplateStringsArray | ... 309 more ... | "uspDeepDive.subtitle")[]'.
  Overload 2 of 2, '(key: TemplateStringsArray | "nav.dashboard" | "nav.analytics" | "nav.menu" | "nav.close" | "nav.pricing" | "nav.home" | "nav.chat" | "nav.primary" | "nav.faq" | ... 301 more ... | (TemplateStringsArray | ... 309 more ... | "uspDeepDive.subtitle")[], defaultValue: string, options?: (TOptionsBase & $Dictionary) | undefined): unknown', gave the following error.
    Argument of type '"legal.terms.title"' is not assignable to parameter of type 'TemplateStringsArray | "nav.dashboard" | "nav.analytics" | "nav.menu" | "nav.close" | "nav.pricing" | "nav.home" | "nav.chat" | "nav.primary" | "nav.faq" | ... 301 more ... | (TemplateStringsArray | ... 309 more ... | "uspDeepDive.subtitle")[]'.
src/components/Legal/Terms.tsx(70,11): error TS2322: Type 'unknown' is not assignable to type 'ReactI18NextChildren | Iterable<ReactI18NextChildren>'.
src/components/Legal/Terms.tsx(70,14): error TS2769: No overload matches this call.
  Overload 1 of 2, '(key: TemplateStringsArray | "nav.dashboard" | "nav.analytics" | "nav.menu" | "nav.close" | "nav.pricing" | "nav.home" | "nav.chat" | "nav.primary" | "nav.faq" | ... 301 more ... | (TemplateStringsArray | ... 309 more ... | "uspDeepDive.subtitle")[], options?: { ...; } | undefined): unknown', gave the following error.
    Argument of type '"legal.terms.title"' is not assignable to parameter of type 'TemplateStringsArray | "nav.dashboard" | "nav.analytics" | "nav.menu" | "nav.close" | "nav.pricing" | "nav.home" | "nav.chat" | "nav.primary" | "nav.faq" | ... 301 more ... | (TemplateStringsArray | ... 309 more ... | "uspDeepDive.subtitle")[]'.
  Overload 2 of 2, '(key: TemplateStringsArray | "nav.dashboard" | "nav.analytics" | "nav.menu" | "nav.close" | "nav.pricing" | "nav.home" | "nav.chat" | "nav.primary" | "nav.faq" | ... 301 more ... | (TemplateStringsArray | ... 309 more ... | "uspDeepDive.subtitle")[], defaultValue: string, options?: (TOptionsBase & $Dictionary) | undefined): unknown', gave the following error.
    Argument of type '"legal.terms.title"' is not assignable to parameter of type 'TemplateStringsArray | "nav.dashboard" | "nav.analytics" | "nav.menu" | "nav.close" | "nav.pricing" | "nav.home" | "nav.chat" | "nav.primary" | "nav.faq" | ... 301 more ... | (TemplateStringsArray | ... 309 more ... | "uspDeepDive.subtitle")[]'.
src/components/Legal/Terms.tsx(73,11): error TS2322: Type 'unknown' is not assignable to type 'ReactI18NextChildren | Iterable<ReactI18NextChildren>'.
src/components/Legal/Terms.tsx(73,14): error TS2769: No overload matches this call.
  Overload 1 of 2, '(key: TemplateStringsArray | "nav.dashboard" | "nav.analytics" | "nav.menu" | "nav.close" | "nav.pricing" | "nav.home" | "nav.chat" | "nav.primary" | "nav.faq" | ... 301 more ... | (TemplateStringsArray | ... 309 more ... | "uspDeepDive.subtitle")[], options?: { ...; } | undefined): unknown', gave the following error.
    Argument of type '"legal.terms.updated"' is not assignable to parameter of type 'TemplateStringsArray | "nav.dashboard" | "nav.analytics" | "nav.menu" | "nav.close" | "nav.pricing" | "nav.home" | "nav.chat" | "nav.primary" | "nav.faq" | ... 301 more ... | (TemplateStringsArray | ... 309 more ... | "uspDeepDive.subtitle")[]'.
  Overload 2 of 2, '(key: TemplateStringsArray | "nav.dashboard" | "nav.analytics" | "nav.menu" | "nav.close" | "nav.pricing" | "nav.home" | "nav.chat" | "nav.primary" | "nav.faq" | ... 301 more ... | (TemplateStringsArray | ... 309 more ... | "uspDeepDive.subtitle")[], defaultValue: string, options?: (TOptionsBase & $Dictionary) | undefined): unknown', gave the following error.
    Argument of type '"legal.terms.updated"' is not assignable to parameter of type 'TemplateStringsArray | "nav.dashboard" | "nav.analytics" | "nav.menu" | "nav.close" | "nav.pricing" | "nav.home" | "nav.chat" | "nav.primary" | "nav.faq" | ... 301 more ... | (TemplateStringsArray | ... 309 more ... | "uspDeepDive.subtitle")[]'.
src/components/Legal/Terms.tsx(75,43): error TS2322: Type 'unknown' is not assignable to type 'ReactI18NextChildren | Iterable<ReactI18NextChildren>'.
src/components/Legal/Terms.tsx(75,46): error TS2345: Argument of type '"legal.terms.intro"' is not assignable to parameter of type 'TemplateStringsArray | "nav.dashboard" | "nav.analytics" | "nav.menu" | "nav.close" | "nav.pricing" | "nav.home" | "nav.chat" | "nav.primary" | "nav.faq" | ... 301 more ... | (TemplateStringsArray | ... 309 more ... | "uspDeepDive.subtitle")[]'.
src/components/Legal/Terms.tsx(78,52): error TS2322: Type 'unknown' is not assignable to type 'ReactI18NextChildren | Iterable<ReactI18NextChildren>'.
src/components/Legal/Terms.tsx(78,55): error TS2345: Argument of type '"legal.terms.sections.use.title"' is not assignable to parameter of type 'TemplateStringsArray | "nav.dashboard" | "nav.analytics" | "nav.menu" | "nav.close" | "nav.pricing" | "nav.home" | "nav.chat" | "nav.primary" | "nav.faq" | ... 301 more ... | (TemplateStringsArray | ... 309 more ... | "uspDeepDive.subtitle")[]'.
src/components/Legal/Terms.tsx(79,40): error TS2322: Type 'unknown' is not assignable to type 'ReactI18NextChildren | Iterable<ReactI18NextChildren>'.
src/components/Legal/Terms.tsx(79,43): error TS2345: Argument of type '"legal.terms.sections.use.content"' is not assignable to parameter of type 'TemplateStringsArray | "nav.dashboard" | "nav.analytics" | "nav.menu" | "nav.close" | "nav.pricing" | "nav.home" | "nav.chat" | "nav.primary" | "nav.faq" | ... 301 more ... | (TemplateStringsArray | ... 309 more ... | "uspDeepDive.subtitle")[]'.
src/components/Legal/Terms.tsx(82,52): error TS2322: Type 'unknown' is not assignable to type 'ReactI18NextChildren | Iterable<ReactI18NextChildren>'.
src/components/Legal/Terms.tsx(82,55): error TS2345: Argument of type '"legal.terms.sections.accounts.title"' is not assignable to parameter of type 'TemplateStringsArray | "nav.dashboard" | "nav.analytics" | "nav.menu" | "nav.close" | "nav.pricing" | "nav.home" | "nav.chat" | "nav.primary" | "nav.faq" | ... 301 more ... | (TemplateStringsArray | ... 309 more ... | "uspDeepDive.subtitle")[]'.
src/components/Legal/Terms.tsx(83,40): error TS2322: Type 'unknown' is not assignable to type 'ReactI18NextChildren | Iterable<ReactI18NextChildren>'.
src/components/Legal/Terms.tsx(83,43): error TS2345: Argument of type '"legal.terms.sections.accounts.content"' is not assignable to parameter of type 'TemplateStringsArray | "nav.dashboard" | "nav.analytics" | "nav.menu" | "nav.close" | "nav.pricing" | "nav.home" | "nav.chat" | "nav.primary" | "nav.faq" | ... 301 more ... | (TemplateStringsArray | ... 309 more ... | "uspDeepDive.subtitle")[]'.
src/components/Legal/Terms.tsx(86,52): error TS2322: Type 'unknown' is not assignable to type 'ReactI18NextChildren | Iterable<ReactI18NextChildren>'.
src/components/Legal/Terms.tsx(86,55): error TS2345: Argument of type '"legal.terms.sections.billing.title"' is not assignable to parameter of type 'TemplateStringsArray | "nav.dashboard" | "nav.analytics" | "nav.menu" | "nav.close" | "nav.pricing" | "nav.home" | "nav.chat" | "nav.primary" | "nav.faq" | ... 301 more ... | (TemplateStringsArray | ... 309 more ... | "uspDeepDive.subtitle")[]'.
src/components/Legal/Terms.tsx(87,40): error TS2322: Type 'unknown' is not assignable to type 'ReactI18NextChildren | Iterable<ReactI18NextChildren>'.
src/components/Legal/Terms.tsx(87,43): error TS2345: Argument of type '"legal.terms.sections.billing.content"' is not assignable to parameter of type 'TemplateStringsArray | "nav.dashboard" | "nav.analytics" | "nav.menu" | "nav.close" | "nav.pricing" | "nav.home" | "nav.chat" | "nav.primary" | "nav.faq" | ... 301 more ... | (TemplateStringsArray | ... 309 more ... | "uspDeepDive.subtitle")[]'.
src/components/MCP/MCPConfigDialog.tsx(10,15): error TS2614: Module '"librechat-data-provider"' has no exported member 'MCPServerStatus'. Did you mean to use 'import MCPServerStatus from "librechat-data-provider"' instead?
src/components/MCP/MCPServerStatusIcon.tsx(4,15): error TS2614: Module '"librechat-data-provider"' has no exported member 'MCPServerStatus'. Did you mean to use 'import MCPServerStatus from "librechat-data-provider"' instead?
src/components/Messages/Content/Error.tsx(2,10): error TS2614: Module '"librechat-data-provider"' has no exported member 'ViolationTypes'. Did you mean to use 'import ViolationTypes from "librechat-data-provider"' instead?
src/components/Messages/Content/Error.tsx(2,26): error TS2614: Module '"librechat-data-provider"' has no exported member 'ErrorTypes'. Did you mean to use 'import ErrorTypes from "librechat-data-provider"' instead?
src/components/Messages/Content/Error.tsx(2,38): error TS2614: Module '"librechat-data-provider"' has no exported member 'alternateName'. Did you mean to use 'import alternateName from "librechat-data-provider"' instead?
src/components/Messages/Content/Error.tsx(3,15): error TS2614: Module '"librechat-data-provider"' has no exported member 'TOpenAIMessage'. Did you mean to use 'import TOpenAIMessage from "librechat-data-provider"' instead?
src/components/Messages/Content/Error.tsx(125,21): error TS2769: No overload matches this call.
  Overload 1 of 2, '(key: string, options?: any): string', gave the following error.
    Argument of type 'string | ((json: TExpiredKey, localize: LocalizeFunction) => string) | ((json: TGenericError, localize: LocalizeFunction) => string)' is not assignable to parameter of type 'string'.
      Type '(json: TExpiredKey, localize: LocalizeFunction) => string' is not assignable to type 'string'.
  Overload 2 of 2, '(strings: TemplateStringsArray, ...expr: unknown[]): string', gave the following error.
    Argument of type 'string | ((json: TExpiredKey, localize: LocalizeFunction) => string) | ((json: TGenericError, localize: LocalizeFunction) => string)' is not assignable to parameter of type 'TemplateStringsArray'.
      Type 'string' is not assignable to type 'TemplateStringsArray'.
src/components/Messages/Content/Plugin.tsx(5,15): error TS2724: '"librechat-data-provider"' has no exported member named 'TResPlugin'. Did you mean 'TPlugin'?
src/components/Messages/Content/Plugin.tsx(5,27): error TS2614: Module '"librechat-data-provider"' has no exported member 'TInput'. Did you mean to use 'import TInput from "librechat-data-provider"' instead?
src/components/Messages/Content/RunCode.tsx(4,17): error TS2614: Module '"librechat-data-provider"' has no exported member 'AuthType'. Did you mean to use 'import AuthType from "librechat-data-provider"' instead?
src/components/Messages/ContentRender.tsx(3,25): error TS2614: Module '"librechat-data-provider"' has no exported member 'TMessageContentParts'. Did you mean to use 'import TMessageContentParts from "librechat-data-provider"' instead?
src/components/Nav/Bookmarks/BookmarkNav.tsx(67,74): error TS7006: Parameter 'tag' implicitly has an 'any' type.
src/components/Nav/Nav.tsx(4,10): error TS2614: Module '"librechat-data-provider"' has no exported member 'PermissionTypes'. Did you mean to use 'import PermissionTypes from "librechat-data-provider"' instead?
src/components/Nav/Nav.tsx(4,27): error TS2614: Module '"librechat-data-provider"' has no exported member 'Permissions'. Did you mean to use 'import Permissions from "librechat-data-provider"' instead?
src/components/Nav/Nav.tsx(86,25): error TS2749: 'ConversationListResponse' refers to a value, but is being used as a type here. Did you mean 'typeof ConversationListResponse'?
src/components/Nav/Nav.tsx(95,43): error TS2749: 'ConversationListResponse' refers to a value, but is being used as a type here. Did you mean 'typeof ConversationListResponse'?
src/components/Nav/Nav.tsx(102,45): error TS2749: 'ConversationListResponse' refers to a value, but is being used as a type here. Did you mean 'typeof ConversationListResponse'?
src/components/Nav/Settings.tsx(3,10): error TS2614: Module '"librechat-data-provider"' has no exported member 'SettingsTabValues'. Did you mean to use 'import SettingsTabValues from "librechat-data-provider"' instead?
src/components/Nav/Settings.tsx(216,39): error TS7053: Element implicitly has an 'any' type because expression of type 'SettingsTabValues' can't be used to index type '{}'.
src/components/Nav/SettingsTabs/Account/Avatar.tsx(43,5): error TS2353: Object literal may only specify known properties, and 'onSuccess' does not exist in type 'FormData'.
src/components/Nav/SettingsTabs/Account/BackupCodesItem.tsx(4,10): error TS2614: Module '"librechat-data-provider"' has no exported member 'TBackupCode'. Did you mean to use 'import TBackupCode from "librechat-data-provider"' instead?
src/components/Nav/SettingsTabs/Account/BackupCodesItem.tsx(4,23): error TS2614: Module '"librechat-data-provider"' has no exported member 'TRegenerateBackupCodesResponse'. Did you mean to use 'import TRegenerateBackupCodesResponse from "librechat-data-provider"' instead?
src/components/Nav/SettingsTabs/Account/BackupCodesItem.tsx(33,73): error TS7006: Parameter 'codeHash' implicitly has an 'any' type.
src/components/Nav/SettingsTabs/Account/BackupCodesItem.tsx(39,18): error TS7006: Parameter 'prev' implicitly has an 'any' type.
src/components/Nav/SettingsTabs/Account/BackupCodesItem.tsx(97,43): error TS7006: Parameter 'code' implicitly has an 'any' type.
src/components/Nav/SettingsTabs/Account/BackupCodesItem.tsx(97,49): error TS7006: Parameter 'index' implicitly has an 'any' type.
src/components/Nav/SettingsTabs/Account/TwoFactorAuthentication.tsx(13,22): error TS2614: Module '"librechat-data-provider"' has no exported member 'TVerify2FARequest'. Did you mean to use 'import TVerify2FARequest from "librechat-data-provider"' instead?
src/components/Nav/SettingsTabs/Account/TwoFactorAuthentication.tsx(136,8): error TS7006: Parameter 'prev' implicitly has an 'any' type.
src/components/Nav/SettingsTabs/Account/TwoFactorAuthentication.tsx(176,18): error TS7006: Parameter 'prev' implicitly has an 'any' type.
src/components/Nav/SettingsTabs/Chat/ForkSettings.tsx(3,10): error TS2614: Module '"librechat-data-provider"' has no exported member 'ForkOptions'. Did you mean to use 'import ForkOptions from "librechat-data-provider"' instead?
src/components/Nav/SettingsTabs/Commands/Commands.tsx(2,10): error TS2614: Module '"librechat-data-provider"' has no exported member 'PermissionTypes'. Did you mean to use 'import PermissionTypes from "librechat-data-provider"' instead?
src/components/Nav/SettingsTabs/Commands/Commands.tsx(2,27): error TS2614: Module '"librechat-data-provider"' has no exported member 'Permissions'. Did you mean to use 'import Permissions from "librechat-data-provider"' instead?
src/components/Nav/SettingsTabs/Data/ImportConversations.tsx(5,15): error TS2614: Module '"librechat-data-provider"' has no exported member 'TError'. Did you mean to use 'import TError from "librechat-data-provider"' instead?
src/components/Nav/SettingsTabs/Data/ImportConversations.tsx(24,15): error TS7006: Parameter 'error' implicitly has an 'any' type.
src/components/Nav/SettingsTabs/General/ArchivedChats.tsx(23,37): error TS2322: Type '{ isOpen: boolean; onOpenChange: Dispatch<SetStateAction<boolean>>; }' is not assignable to type 'IntrinsicAttributes & { onOpenChange: (isOpen: boolean) => void; }'.
  Property 'isOpen' does not exist on type 'IntrinsicAttributes & { onOpenChange: (isOpen: boolean) => void; }'.
src/components/Nav/SettingsTabs/General/ArchivedChatsTable.tsx(18,15): error TS2614: Module '"librechat-data-provider"' has no exported member 'ConversationListParams'. Did you mean to use 'import ConversationListParams from "librechat-data-provider"' instead?
src/components/Nav/SettingsTabs/General/ArchivedChatsTable.tsx(59,21): error TS7006: Parameter 'prev' implicitly has an 'any' type.
src/components/Nav/SettingsTabs/General/ArchivedChatsTable.tsx(68,21): error TS7006: Parameter 'prev' implicitly has an 'any' type.
src/components/Nav/SettingsTabs/General/ArchivedChatsTable.tsx(150,18): error TS7031: Binding element 'row' implicitly has an 'any' type.
src/components/Nav/SettingsTabs/General/ArchivedChatsTable.tsx(158,16): error TS2741: Property 'model' is missing in type '{ endpoint: any; size: number; isCreatedByUser: boolean; iconClassName: string; }' but required in type 'Pick<any, "model" | "isCreatedByUser">'.
src/components/Nav/SettingsTabs/General/ArchivedChatsTable.tsx(197,18): error TS7031: Binding element 'row' implicitly has an 'any' type.
src/components/Nav/SettingsTabs/General/ArchivedChatsTable.tsx(210,18): error TS7031: Binding element 'row' implicitly has an 'any' type.
src/components/Nav/SettingsTabs/General/ArchivedChatsTable.tsx(278,9): error TS2322: Type 'SearchState' is not assignable to type 'boolean | undefined'.
src/components/Nav/SettingsTabs/General/LangSelector.spec.tsx(9,7): error TS7034: Variable 'mockOnChange' implicitly has type 'any' in some locations where its type cannot be determined.
src/components/Nav/SettingsTabs/General/LangSelector.spec.tsx(23,50): error TS7005: Variable 'mockOnChange' implicitly has an 'any' type.
src/components/Nav/SettingsTabs/General/LangSelector.spec.tsx(27,35): error TS2339: Property 'toBeInTheDocument' does not exist on type 'JestMatchers<HTMLElement>'.
src/components/Nav/SettingsTabs/General/LangSelector.spec.tsx(29,28): error TS2339: Property 'toHaveTextContent' does not exist on type 'JestMatchers<HTMLElement>'.
src/components/Nav/SettingsTabs/General/LangSelector.spec.tsx(40,50): error TS7005: Variable 'mockOnChange' implicitly has an 'any' type.
src/components/Nav/SettingsTabs/General/LangSelector.spec.tsx(44,35): error TS2339: Property 'toHaveTextContent' does not exist on type 'JestMatchers<HTMLElement>'.
src/components/Nav/SettingsTabs/General/LangSelector.spec.tsx(54,14): error TS7005: Variable 'mockOnChange' implicitly has an 'any' type.
src/components/Nav/SettingsTabs/General/ThemeSelector.spec.tsx(11,7): error TS7034: Variable 'mockOnChange' implicitly has type 'any' in some locations where its type cannot be determined.
src/components/Nav/SettingsTabs/General/ThemeSelector.spec.tsx(25,49): error TS7005: Variable 'mockOnChange' implicitly has an 'any' type.
src/components/Nav/SettingsTabs/General/ThemeSelector.spec.tsx(29,32): error TS2339: Property 'toBeInTheDocument' does not exist on type 'JestMatchers<HTMLElement>'.
src/components/Nav/SettingsTabs/General/ThemeSelector.spec.tsx(31,28): error TS2339: Property 'toHaveTextContent' does not exist on type 'JestMatchers<HTMLElement>'.
src/components/Nav/SettingsTabs/General/ThemeSelector.spec.tsx(42,49): error TS7005: Variable 'mockOnChange' implicitly has an 'any' type.
src/components/Nav/SettingsTabs/General/ThemeSelector.spec.tsx(46,32): error TS2339: Property 'toBeInTheDocument' does not exist on type 'JestMatchers<HTMLElement>'.
src/components/Nav/SettingsTabs/General/ThemeSelector.spec.tsx(56,14): error TS7005: Variable 'mockOnChange' implicitly has an 'any' type.
src/components/Nav/SettingsTabs/HoverCardSettings.tsx(11,30): error TS7031: Binding element 'side' implicitly has an 'any' type.
src/components/Nav/SettingsTabs/HoverCardSettings.tsx(11,36): error TS7031: Binding element 'text' implicitly has an 'any' type.
src/components/Nav/SettingsTabs/Speech/ConversationModeSwitch.spec.tsx(24,45): error TS2339: Property 'toBeInTheDocument' does not exist on type 'JestMatchers<HTMLElement>'.
src/components/Nav/SettingsTabs/Speech/Speech.tsx(80,23): error TS7053: Element implicitly has an 'any' type because expression of type 'string' can't be used to index type '{ sttExternal: { value: boolean; setFunc: Dispatch<SetStateAction<boolean>>; }; ttsExternal: { value: boolean; setFunc: Dispatch<SetStateAction<boolean>>; }; ... 15 more ...; playbackRate: { ...; }; }'.
  No index signature with a parameter of type 'string' was found on type '{ sttExternal: { value: boolean; setFunc: Dispatch<SetStateAction<boolean>>; }; ttsExternal: { value: boolean; setFunc: Dispatch<SetStateAction<boolean>>; }; ... 15 more ...; playbackRate: { ...; }; }'.
src/components/Nav/SettingsTabs/Speech/STT/__tests__/AutoTranscribeAudioSwitch.spec.tsx(27,48): error TS2339: Property 'toBeInTheDocument' does not exist on type 'JestMatchers<HTMLElement>'.
src/components/Nav/SettingsTabs/Speech/STT/__tests__/SpeechToTextSwitch.spec.tsx(24,41): error TS2339: Property 'toBeInTheDocument' does not exist on type 'JestMatchers<HTMLElement>'.
src/components/Nav/SettingsTabs/Speech/STT/AutoSendTextSelector.tsx(36,56): error TS7053: Element implicitly has an 'any' type because expression of type '0' can't be used to index type 'ValueType'.
  Property '0' does not exist on type 'ValueType'.
src/components/Nav/SettingsTabs/Speech/STT/DecibelSelector.tsx(37,56): error TS7053: Element implicitly has an 'any' type because expression of type '0' can't be used to index type 'ValueType'.
  Property '0' does not exist on type 'ValueType'.
src/components/Nav/SettingsTabs/Speech/TTS/__tests__/AutomaticPlaybackSwitch.spec.tsx(24,46): error TS2339: Property 'toBeInTheDocument' does not exist on type 'JestMatchers<HTMLElement>'.
src/components/Nav/SettingsTabs/Speech/TTS/__tests__/CacheTTSSwitch.spec.tsx(24,37): error TS2339: Property 'toBeInTheDocument' does not exist on type 'JestMatchers<HTMLElement>'.
src/components/Nav/SettingsTabs/Speech/TTS/__tests__/CloudBrowserVoicesSwitch.spec.tsx(27,47): error TS2339: Property 'toBeInTheDocument' does not exist on type 'JestMatchers<HTMLElement>'.
src/components/Nav/SettingsTabs/Speech/TTS/__tests__/TextToSpeechSwitch.spec.tsx(24,41): error TS2339: Property 'toBeInTheDocument' does not exist on type 'JestMatchers<HTMLElement>'.
src/components/Nav/SettingsTabs/Speech/TTS/PlaybackRate.tsx(37,56): error TS7053: Element implicitly has an 'any' type because expression of type '0' can't be used to index type 'ValueType'.
  Property '0' does not exist on type 'ValueType'.
src/components/Nav/SettingsTabs/Speech/TTS/VoiceDropdown.tsx(13,34): error TS7053: Element implicitly has an 'any' type because expression of type 'string' can't be used to index type '{ browser: () => Element; external: () => Element; }'.
  No index signature with a parameter of type 'string' was found on type '{ browser: () => Element; external: () => Element; }'.
src/components/Plugins/Store/__tests__/PluginAuthForm.spec.tsx(26,42): error TS2339: Property 'toBeInTheDocument' does not exist on type 'JestMatchers<HTMLElement>'.
src/components/Plugins/Store/__tests__/PluginAuthForm.spec.tsx(27,45): error TS2339: Property 'toBeInTheDocument' does not exist on type 'JestMatchers<HTMLElement>'.
src/components/Plugins/Store/__tests__/PluginPagination.spec.tsx(17,24): error TS2339: Property 'toBeEnabled' does not exist on type 'JestMatchers<HTMLElement>'.
src/components/Plugins/Store/__tests__/PluginPagination.spec.tsx(38,28): error TS2339: Property 'toHaveTextContent' does not exist on type 'JestMatchers<HTMLElement>'.
src/components/Plugins/Store/__tests__/PluginPagination.spec.tsx(39,28): error TS2339: Property 'toHaveTextContent' does not exist on type 'JestMatchers<HTMLElement>'.
src/components/Plugins/Store/__tests__/PluginPagination.spec.tsx(40,28): error TS2339: Property 'toHaveTextContent' does not exist on type 'JestMatchers<HTMLElement>'.
src/components/Plugins/Store/__tests__/PluginPagination.spec.tsx(41,28): error TS2339: Property 'toHaveTextContent' does not exist on type 'JestMatchers<HTMLElement>'.
src/components/Plugins/Store/__tests__/PluginPagination.spec.tsx(42,28): error TS2339: Property 'toHaveTextContent' does not exist on type 'JestMatchers<HTMLElement>'.
src/components/Plugins/Store/__tests__/PluginStoreDialog.spec.tsx(170,38): error TS2339: Property 'toBeInTheDocument' does not exist on type 'JestMatchers<HTMLElement>'.
src/components/Plugins/Store/__tests__/PluginStoreDialog.spec.tsx(171,63): error TS2339: Property 'toBeInTheDocument' does not exist on type 'JestMatchers<HTMLElement>'.
src/components/Plugins/Store/__tests__/PluginStoreDialog.spec.tsx(172,59): error TS2339: Property 'toBeInTheDocument' does not exist on type 'JestMatchers<HTMLElement>'.
src/components/Plugins/Store/__tests__/PluginStoreDialog.spec.tsx(173,62): error TS2339: Property 'toBeInTheDocument' does not exist on type 'JestMatchers<HTMLElement>'.
src/components/Plugins/Store/__tests__/PluginStoreDialog.spec.tsx(180,39): error TS2339: Property 'toBeInTheDocument' does not exist on type 'JestMatchers<HTMLElement>'.
src/components/Plugins/Store/__tests__/PluginStoreDialog.spec.tsx(181,49): error TS2339: Property 'toBeInTheDocument' does not exist on type 'JestMatchers<HTMLElement>'.
src/components/Plugins/Store/__tests__/PluginStoreDialog.spec.tsx(187,31): error TS2339: Property 'toBeInTheDocument' does not exist on type 'JestMatchers<HTMLElement>'.
src/components/Plugins/Store/__tests__/PluginStoreDialog.spec.tsx(188,32): error TS2339: Property 'toBeInTheDocument' does not exist on type 'JestMatchers<HTMLElement>'.
src/components/Plugins/Store/__tests__/PluginStoreDialog.spec.tsx(189,33): error TS2339: Property 'toBeInTheDocument' does not exist on type 'JestMatchers<HTMLElement>'.
src/components/Plugins/Store/__tests__/PluginStoreDialog.spec.tsx(194,33): error TS2339: Property 'toBeInTheDocument' does not exist on type 'JestMatchers<HTMLElement>'.
src/components/Plugins/Store/__tests__/PluginStoreDialog.spec.tsx(195,33): error TS2339: Property 'toBeInTheDocument' does not exist on type 'JestMatchers<HTMLElement>'.
src/components/Plugins/Store/__tests__/PluginStoreDialog.spec.tsx(203,31): error TS2339: Property 'toBeInTheDocument' does not exist on type 'JestMatchers<HTMLElement>'.
src/components/Plugins/Store/__tests__/PluginStoreDialog.spec.tsx(204,32): error TS2339: Property 'toBeInTheDocument' does not exist on type 'JestMatchers<HTMLElement>'.
src/components/Plugins/Store/__tests__/PluginStoreDialog.spec.tsx(205,33): error TS2339: Property 'toBeInTheDocument' does not exist on type 'JestMatchers<HTMLElement>'.
src/components/Plugins/Store/__tests__/PluginStoreDialog.spec.tsx(214,38): error TS2339: Property 'toBeInTheDocument' does not exist on type 'JestMatchers<HTMLElement>'.
src/components/Plugins/Store/__tests__/PluginStoreDialog.spec.tsx(215,45): error TS2339: Property 'toBeInTheDocument' does not exist on type 'Matchers<void, HTMLElement | null>'.
src/components/Plugins/Store/__tests__/PluginStoreDialog.spec.tsx(216,46): error TS2339: Property 'toBeInTheDocument' does not exist on type 'Matchers<void, HTMLElement | null>'.
src/components/Plugins/Store/__tests__/PluginStoreDialog.spec.tsx(220,40): error TS2339: Property 'toBeInTheDocument' does not exist on type 'JestMatchers<HTMLElement>'.
src/components/Plugins/Store/__tests__/PluginStoreDialog.spec.tsx(221,44): error TS2339: Property 'toBeInTheDocument' does not exist on type 'Matchers<void, HTMLElement | null>'.
src/components/Plugins/Store/__tests__/PluginStoreDialog.spec.tsx(222,45): error TS2339: Property 'toBeInTheDocument' does not exist on type 'Matchers<void, HTMLElement | null>'.
src/components/Plugins/Store/__tests__/PluginStoreItem.spec.tsx(26,45): error TS2339: Property 'toBeInTheDocument' does not exist on type 'JestMatchers<HTMLElement>'.
src/components/Plugins/Store/__tests__/PluginStoreItem.spec.tsx(27,55): error TS2339: Property 'toBeInTheDocument' does not exist on type 'JestMatchers<HTMLElement>'.
src/components/Plugins/Store/PluginAuthForm.tsx(4,19): error TS2614: Module '"librechat-data-provider"' has no exported member 'TPluginAuthConfig'. Did you mean to use 'import TPluginAuthConfig from "librechat-data-provider"' instead?
src/components/Plugins/Store/PluginAuthForm.tsx(4,38): error TS2614: Module '"librechat-data-provider"' has no exported member 'TPluginAction'. Did you mean to use 'import TPluginAction from "librechat-data-provider"' instead?
src/components/Plugins/Store/PluginStoreDialog.tsx(5,15): error TS2614: Module '"librechat-data-provider"' has no exported member 'TError'. Did you mean to use 'import TError from "librechat-data-provider"' instead?
src/components/Plugins/Store/PluginStoreDialog.tsx(5,32): error TS2614: Module '"librechat-data-provider"' has no exported member 'TPluginAction'. Did you mean to use 'import TPluginAction from "librechat-data-provider"' instead?
src/components/Prompts/AdminSettings.tsx(6,10): error TS2614: Module '"librechat-data-provider"' has no exported member 'Permissions'. Did you mean to use 'import Permissions from "librechat-data-provider"' instead?
src/components/Prompts/AdminSettings.tsx(6,23): error TS2614: Module '"librechat-data-provider"' has no exported member 'SystemRoles'. Did you mean to use 'import SystemRoles from "librechat-data-provider"' instead?
src/components/Prompts/AdminSettings.tsx(6,36): error TS2614: Module '"librechat-data-provider"' has no exported member 'roleDefaults'. Did you mean to use 'import roleDefaults from "librechat-data-provider"' instead?
src/components/Prompts/AdminSettings.tsx(6,50): error TS2614: Module '"librechat-data-provider"' has no exported member 'PermissionTypes'. Did you mean to use 'import PermissionTypes from "librechat-data-provider"' instead?
src/components/Prompts/Groups/CategorySelector.tsx(37,10): error TS7006: Parameter 'category' implicitly has an 'any' type.
src/components/Prompts/Groups/CategorySelector.tsx(47,42): error TS2345: Argument of type '"com_ui_empty_category"' is not assignable to parameter of type '"com_auth_error_login_server" | TemplateStringsArray | "com_ui_cancel" | "com_ui_oauth_meta_title" | "com_ui_oauth_meta_description" | "com_ui_oauth_success_title" | ... 109 more ... | ("com_auth_error_login_server" | ... 113 more ... | "admin.atlas.datasets.cols.vectors")[]'.
src/components/Prompts/Groups/CategorySelector.tsx(56,28): error TS7006: Parameter 'category' implicitly has an 'any' type.
src/components/Prompts/Groups/CategorySelector.tsx(87,66): error TS2345: Argument of type '"com_ui_category"' is not assignable to parameter of type '"com_auth_error_login_server" | TemplateStringsArray | "com_ui_cancel" | "com_ui_oauth_meta_title" | "com_ui_oauth_meta_description" | "com_ui_oauth_success_title" | ... 109 more ... | ("com_auth_error_login_server" | ... 113 more ... | "admin.atlas.datasets.cols.vectors")[]'.
src/components/Prompts/Groups/ChatGroupItem.tsx(10,15): error TS2614: Module '"librechat-data-provider"' has no exported member 'TPromptGroup'. Did you mean to use 'import TPromptGroup from "librechat-data-provider"' instead?
src/components/Prompts/Groups/CreatePromptForm.tsx(5,28): error TS2614: Module '"librechat-data-provider"' has no exported member 'PermissionTypes'. Did you mean to use 'import PermissionTypes from "librechat-data-provider"' instead?
src/components/Prompts/Groups/CreatePromptForm.tsx(5,45): error TS2614: Module '"librechat-data-provider"' has no exported member 'Permissions'. Did you mean to use 'import Permissions from "librechat-data-provider"' instead?
src/components/Prompts/Groups/CreatePromptForm.tsx(72,17): error TS7006: Parameter 'response' implicitly has an 'any' type.
src/components/Prompts/Groups/DashGroupItem.tsx(4,10): error TS2614: Module '"librechat-data-provider"' has no exported member 'SystemRoles'. Did you mean to use 'import SystemRoles from "librechat-data-provider"' instead?
src/components/Prompts/Groups/DashGroupItem.tsx(4,28): error TS2614: Module '"librechat-data-provider"' has no exported member 'TPromptGroup'. Did you mean to use 'import TPromptGroup from "librechat-data-provider"' instead?
src/components/Prompts/Groups/DashGroupItem.tsx(48,17): error TS7006: Parameter '_response' implicitly has an 'any' type.
src/components/Prompts/Groups/DashGroupItem.tsx(48,28): error TS7006: Parameter 'variables' implicitly has an 'any' type.
src/components/Prompts/Groups/FilterPrompts.tsx(3,10): error TS2614: Module '"librechat-data-provider"' has no exported member 'SystemCategories'. Did you mean to use 'import SystemCategories from "librechat-data-provider"' instead?
src/components/Prompts/Groups/List.tsx(4,10): error TS2614: Module '"librechat-data-provider"' has no exported member 'PermissionTypes'. Did you mean to use 'import PermissionTypes from "librechat-data-provider"' instead?
src/components/Prompts/Groups/List.tsx(4,27): error TS2614: Module '"librechat-data-provider"' has no exported member 'Permissions'. Did you mean to use 'import Permissions from "librechat-data-provider"' instead?
src/components/Prompts/Groups/List.tsx(5,15): error TS2614: Module '"librechat-data-provider"' has no exported member 'TPromptGroup'. Did you mean to use 'import TPromptGroup from "librechat-data-provider"' instead?
src/components/Prompts/Groups/VariableDialog.tsx(3,15): error TS2614: Module '"librechat-data-provider"' has no exported member 'TPromptGroup'. Did you mean to use 'import TPromptGroup from "librechat-data-provider"' instead?
src/components/Prompts/Groups/VariableForm.tsx(8,10): error TS2614: Module '"librechat-data-provider"' has no exported member 'replaceSpecialVars'. Did you mean to use 'import replaceSpecialVars from "librechat-data-provider"' instead?
src/components/Prompts/Groups/VariableForm.tsx(11,15): error TS2614: Module '"librechat-data-provider"' has no exported member 'TPromptGroup'. Did you mean to use 'import TPromptGroup from "librechat-data-provider"' instead?
src/components/Prompts/Groups/VariableForm.tsx(114,38): error TS7015: Element implicitly has an 'any' type because index expression is not of type 'number'.
src/components/Prompts/PreviewLabels.tsx(4,15): error TS2614: Module '"librechat-data-provider"' has no exported member 'TPrompt'. Did you mean to use 'import TPrompt from "librechat-data-provider"' instead?
src/components/Prompts/PreviewPrompt.tsx(2,15): error TS2614: Module '"librechat-data-provider"' has no exported member 'TPromptGroup'. Did you mean to use 'import TPromptGroup from "librechat-data-provider"' instead?
src/components/Prompts/PromptDetails.tsx(9,10): error TS2614: Module '"librechat-data-provider"' has no exported member 'replaceSpecialVars'. Did you mean to use 'import replaceSpecialVars from "librechat-data-provider"' instead?
src/components/Prompts/PromptDetails.tsx(10,15): error TS2614: Module '"librechat-data-provider"' has no exported member 'TPromptGroup'. Did you mean to use 'import TPromptGroup from "librechat-data-provider"' instead?
src/components/Prompts/PromptEditor.tsx(45,6): error TS2322: Type '(this: Processor<void, Root, void, void, undefined>, ...settings: void[] | [(KatexOptions | undefined)?]) => void | Transformer<Root, Root>' is not assignable to type 'Plugin<any[], any, any>'.
  The 'this' types of each signature are incompatible.
    Type 'Processor<void, any, void, void> | Processor<void, any, any, any> | Processor<any, any, void, void> | Processor<void, void, void, void>' is not assignable to type 'Processor<void, Root, void, void, undefined>'.
      Type 'Processor<void, any, void, void>' is missing the following properties from type 'Processor<void, Root, void, void, undefined>': compiler, freezeIndex, frozen, namespace, and 3 more.
src/components/Prompts/PromptForm.tsx(9,10): error TS2614: Module '"librechat-data-provider"' has no exported member 'SystemRoles'. Did you mean to use 'import SystemRoles from "librechat-data-provider"' instead?
src/components/Prompts/PromptForm.tsx(9,23): error TS2614: Module '"librechat-data-provider"' has no exported member 'PermissionTypes'. Did you mean to use 'import PermissionTypes from "librechat-data-provider"' instead?
src/components/Prompts/PromptForm.tsx(9,40): error TS2614: Module '"librechat-data-provider"' has no exported member 'Permissions'. Did you mean to use 'import Permissions from "librechat-data-provider"' instead?
src/components/Prompts/PromptForm.tsx(10,15): error TS2614: Module '"librechat-data-provider"' has no exported member 'TCreatePrompt'. Did you mean to use 'import TCreatePrompt from "librechat-data-provider"' instead?
src/components/Prompts/PromptForm.tsx(10,30): error TS2614: Module '"librechat-data-provider"' has no exported member 'TPrompt'. Did you mean to use 'import TPrompt from "librechat-data-provider"' instead?
src/components/Prompts/PromptForm.tsx(10,39): error TS2614: Module '"librechat-data-provider"' has no exported member 'TPromptGroup'. Did you mean to use 'import TPromptGroup from "librechat-data-provider"' instead?
src/components/Prompts/PromptForm.tsx(211,16): error TS7006: Parameter 'variables' implicitly has an 'any' type.
src/components/Prompts/PromptForm.tsx(220,15): error TS7006: Parameter 'data' implicitly has an 'any' type.
src/components/Prompts/PromptForm.tsx(282,24): error TS2345: Argument of type 'any' is not assignable to parameter of type 'never'.
src/components/Prompts/PromptForm.tsx(283,26): error TS2345: Argument of type 'any' is not assignable to parameter of type 'never'.
src/components/Prompts/PromptsView.tsx(3,10): error TS2614: Module '"librechat-data-provider"' has no exported member 'PermissionTypes'. Did you mean to use 'import PermissionTypes from "librechat-data-provider"' instead?
src/components/Prompts/PromptsView.tsx(3,27): error TS2614: Module '"librechat-data-provider"' has no exported member 'Permissions'. Did you mean to use 'import Permissions from "librechat-data-provider"' instead?
src/components/Prompts/PromptVariables.tsx(5,10): error TS2614: Module '"librechat-data-provider"' has no exported member 'specialVariables'. Did you mean to use 'import specialVariables from "librechat-data-provider"' instead?
src/components/Prompts/PromptVersions.tsx(5,15): error TS2614: Module '"librechat-data-provider"' has no exported member 'TPrompt'. Did you mean to use 'import TPrompt from "librechat-data-provider"' instead?
src/components/Prompts/PromptVersions.tsx(5,24): error TS2614: Module '"librechat-data-provider"' has no exported member 'TPromptGroup'. Did you mean to use 'import TPromptGroup from "librechat-data-provider"' instead?
src/components/Prompts/SharePrompt.tsx(4,10): error TS2614: Module '"librechat-data-provider"' has no exported member 'Permissions'. Did you mean to use 'import Permissions from "librechat-data-provider"' instead?
src/components/Prompts/SharePrompt.tsx(16,3): error TS2614: Module '"librechat-data-provider"' has no exported member 'TPromptGroup'. Did you mean to use 'import TPromptGroup from "librechat-data-provider"' instead?
src/components/Prompts/SharePrompt.tsx(18,3): error TS2614: Module '"librechat-data-provider"' has no exported member 'TUpdatePromptGroupPayload'. Did you mean to use 'import TUpdatePromptGroupPayload from "librechat-data-provider"' instead?
src/components/Prompts/SharePrompt.tsx(51,14): error TS2345: Argument of type 'any' is not assignable to parameter of type 'never'.
src/components/Prompts/SharePrompt.tsx(111,15): error TS2322: Type 'any' is not assignable to type 'never'.
src/components/Prompts/SharePrompt.tsx(119,38): error TS2339: Property 'toString' does not exist on type 'never'.
src/components/Prompts/VariablesDropdown.tsx(6,10): error TS2614: Module '"librechat-data-provider"' has no exported member 'specialVariables'. Did you mean to use 'import specialVariables from "librechat-data-provider"' instead?
src/components/Prompts/VariablesDropdown.tsx(7,15): error TS2614: Module '"librechat-data-provider"' has no exported member 'TSpecialVarLabel'. Did you mean to use 'import TSpecialVarLabel from "librechat-data-provider"' instead?
src/components/SidePanel/Agents/__tests__/AgentFooter.spec.tsx(6,22): error TS2614: Module '"librechat-data-provider"' has no exported member 'AgentCreateParams'. Did you mean to use 'import AgentCreateParams from "librechat-data-provider"' instead?
src/components/SidePanel/Agents/__tests__/AgentFooter.spec.tsx(7,10): error TS2614: Module '"librechat-data-provider"' has no exported member 'SystemRoles'. Did you mean to use 'import SystemRoles from "librechat-data-provider"' instead?
src/components/SidePanel/Agents/__tests__/AgentFooter.spec.tsx(43,23): error TS7006: Parameter 'key' implicitly has an 'any' type.
src/components/SidePanel/Agents/__tests__/AgentFooter.spec.tsx(48,12): error TS7053: Element implicitly has an 'any' type because expression of type 'any' can't be used to index type '{ com_ui_save: string; com_ui_create: string; }'.
src/components/SidePanel/Agents/__tests__/AgentFooter.spec.tsx(67,5): error TS2322: Type '{ mutate: jest.Mock<any, any, any>; mutateAsync: jest.Mock<any, any, any>; isLoading: true; isError: false; isSuccess: false; isIdle: false; status: "loading"; error: null; data: undefined; ... 5 more ...; isPaused: false; }' is not assignable to type 'UseMutationResult<T, Error, P>'.
  Type '{ mutate: jest.Mock<any, any, any>; mutateAsync: jest.Mock<any, any, any>; isLoading: true; isError: false; isSuccess: false; isIdle: false; status: "loading"; error: null; data: undefined; ... 5 more ...; isPaused: false; }' is not assignable to type 'Override<MutationObserverLoadingResult<T, Error, P, unknown>, { mutate: UseMutateFunction<T, Error, P, unknown>; }> & { ...; }'.
    Property 'isPending' is missing in type '{ mutate: jest.Mock<any, any, any>; mutateAsync: jest.Mock<any, any, any>; isLoading: true; isError: false; isSuccess: false; isIdle: false; status: "loading"; error: null; data: undefined; ... 5 more ...; isPaused: false; }' but required in type 'Override<MutationObserverLoadingResult<T, Error, P, unknown>, { mutate: UseMutateFunction<T, Error, P, unknown>; }>'.
src/components/SidePanel/Agents/__tests__/AgentFooter.spec.tsx(85,5): error TS2322: Type '{ mutate: jest.Mock<any, any, any>; mutateAsync: jest.Mock<any, any, any>; isLoading: false; isError: false; isSuccess: false; isIdle: true; status: "idle"; error: null; data: undefined; ... 5 more ...; isPaused: false; }' is not assignable to type 'UseMutationResult<T, Error, P>'.
  Type '{ mutate: jest.Mock<any, any, any>; mutateAsync: jest.Mock<any, any, any>; isLoading: false; isError: false; isSuccess: false; isIdle: true; status: "idle"; error: null; data: undefined; ... 5 more ...; isPaused: false; }' is not assignable to type 'Override<MutationObserverIdleResult<T, Error, P, unknown>, { mutate: UseMutateFunction<T, Error, P, unknown>; }> & { ...; }'.
    Property 'isPending' is missing in type '{ mutate: jest.Mock<any, any, any>; mutateAsync: jest.Mock<any, any, any>; isLoading: false; isError: false; isSuccess: false; isIdle: true; status: "idle"; error: null; data: undefined; ... 5 more ...; isPaused: false; }' but required in type 'Override<MutationObserverIdleResult<T, Error, P, unknown>, { mutate: UseMutateFunction<T, Error, P, unknown>; }>'.
src/components/SidePanel/Agents/__tests__/AgentFooter.spec.tsx(194,40): error TS2339: Property 'toBeInTheDocument' does not exist on type 'JestMatchers<HTMLElement>'.
src/components/SidePanel/Agents/__tests__/AgentFooter.spec.tsx(195,53): error TS2339: Property 'toBeInTheDocument' does not exist on type 'JestMatchers<HTMLElement>'.
src/components/SidePanel/Agents/__tests__/AgentFooter.spec.tsx(196,52): error TS2339: Property 'toBeInTheDocument' does not exist on type 'JestMatchers<HTMLElement>'.
src/components/SidePanel/Agents/__tests__/AgentFooter.spec.tsx(197,51): error TS2339: Property 'toBeInTheDocument' does not exist on type 'JestMatchers<HTMLElement>'.
src/components/SidePanel/Agents/__tests__/AgentFooter.spec.tsx(198,58): error TS2339: Property 'toBeInTheDocument' does not exist on type 'Matchers<void, HTMLElement | null>'.
src/components/SidePanel/Agents/__tests__/AgentFooter.spec.tsx(199,55): error TS2339: Property 'toBeInTheDocument' does not exist on type 'Matchers<void, HTMLElement | null>'.
src/components/SidePanel/Agents/__tests__/AgentFooter.spec.tsx(200,59): error TS2339: Property 'toBeInTheDocument' does not exist on type 'Matchers<void, HTMLElement | null>'.
src/components/SidePanel/Agents/__tests__/AgentFooter.spec.tsx(201,54): error TS2339: Property 'toBeInTheDocument' does not exist on type 'Matchers<void, Element | null>'.
src/components/SidePanel/Agents/__tests__/AgentFooter.spec.tsx(208,50): error TS2339: Property 'toBeInTheDocument' does not exist on type 'JestMatchers<Element | null>'.
src/components/SidePanel/Agents/__tests__/AgentFooter.spec.tsx(209,46): error TS2339: Property 'toBeInTheDocument' does not exist on type 'Matchers<void, HTMLElement | null>'.
src/components/SidePanel/Agents/__tests__/AgentFooter.spec.tsx(210,42): error TS2339: Property 'toBeDisabled' does not exist on type 'JestMatchers<HTMLElement>'.
src/components/SidePanel/Agents/__tests__/AgentFooter.spec.tsx(211,42): error TS2339: Property 'toHaveAttribute' does not exist on type 'JestMatchers<HTMLElement>'.
src/components/SidePanel/Agents/__tests__/AgentFooter.spec.tsx(217,50): error TS2339: Property 'toBeInTheDocument' does not exist on type 'JestMatchers<Element | null>'.
src/components/SidePanel/Agents/__tests__/AgentFooter.spec.tsx(218,46): error TS2339: Property 'toBeInTheDocument' does not exist on type 'Matchers<void, HTMLElement | null>'.
src/components/SidePanel/Agents/__tests__/AgentFooter.spec.tsx(225,59): error TS2339: Property 'toBeInTheDocument' does not exist on type 'Matchers<void, HTMLElement | null>'.
src/components/SidePanel/Agents/__tests__/AgentFooter.spec.tsx(226,58): error TS2339: Property 'toBeInTheDocument' does not exist on type 'Matchers<void, HTMLElement | null>'.
src/components/SidePanel/Agents/__tests__/AgentFooter.spec.tsx(236,40): error TS2339: Property 'toBeInTheDocument' does not exist on type 'JestMatchers<HTMLElement>'.
src/components/SidePanel/Agents/__tests__/AgentFooter.spec.tsx(237,52): error TS2339: Property 'toBeInTheDocument' does not exist on type 'JestMatchers<HTMLElement>'.
src/components/SidePanel/Agents/__tests__/AgentFooter.spec.tsx(243,58): error TS2339: Property 'toBeInTheDocument' does not exist on type 'Matchers<void, HTMLElement | null>'.
src/components/SidePanel/Agents/__tests__/AgentFooter.spec.tsx(244,55): error TS2339: Property 'toBeInTheDocument' does not exist on type 'Matchers<void, HTMLElement | null>'.
src/components/SidePanel/Agents/__tests__/AgentFooter.spec.tsx(249,55): error TS2339: Property 'toBeInTheDocument' does not exist on type 'Matchers<void, HTMLElement | null>'.
src/components/SidePanel/Agents/__tests__/AgentFooter.spec.tsx(250,59): error TS2339: Property 'toBeInTheDocument' does not exist on type 'Matchers<void, HTMLElement | null>'.
src/components/SidePanel/Agents/__tests__/AgentFooter.spec.tsx(256,55): error TS2339: Property 'toBeInTheDocument' does not exist on type 'Matchers<void, HTMLElement | null>'.
src/components/SidePanel/Agents/__tests__/AgentFooter.spec.tsx(268,40): error TS2339: Property 'toBeInTheDocument' does not exist on type 'JestMatchers<HTMLElement>'.
src/components/SidePanel/Agents/ActionsInput.tsx(6,3): error TS2614: Module '"librechat-data-provider"' has no exported member 'validateAndParseOpenAPISpec'. Did you mean to use 'import validateAndParseOpenAPISpec from "librechat-data-provider"' instead?
src/components/SidePanel/Agents/ActionsInput.tsx(7,3): error TS2614: Module '"librechat-data-provider"' has no exported member 'openapiToFunction'. Did you mean to use 'import openapiToFunction from "librechat-data-provider"' instead?
src/components/SidePanel/Agents/ActionsInput.tsx(8,3): error TS2614: Module '"librechat-data-provider"' has no exported member 'AuthTypeEnum'. Did you mean to use 'import AuthTypeEnum from "librechat-data-provider"' instead?
src/components/SidePanel/Agents/ActionsInput.tsx(11,3): error TS2614: Module '"librechat-data-provider"' has no exported member 'Action'. Did you mean to use 'import Action from "librechat-data-provider"' instead?
src/components/SidePanel/Agents/ActionsInput.tsx(12,3): error TS2614: Module '"librechat-data-provider"' has no exported member 'FunctionTool'. Did you mean to use 'import FunctionTool from "librechat-data-provider"' instead?
src/components/SidePanel/Agents/ActionsInput.tsx(13,3): error TS2614: Module '"librechat-data-provider"' has no exported member 'ActionMetadata'. Did you mean to use 'import ActionMetadata from "librechat-data-provider"' instead?
src/components/SidePanel/Agents/ActionsInput.tsx(14,3): error TS2614: Module '"librechat-data-provider"' has no exported member 'ValidationResult'. Did you mean to use 'import ValidationResult from "librechat-data-provider"' instead?
src/components/SidePanel/Agents/ActionsInput.tsx(76,17): error TS18046: 'props' is of type 'unknown'.
src/components/SidePanel/Agents/ActionsInput.tsx(77,15): error TS18046: 'props' is of type 'unknown'.
src/components/SidePanel/Agents/ActionsInput.tsx(78,17): error TS18046: 'props' is of type 'unknown'.
src/components/SidePanel/Agents/ActionsInput.tsx(84,42): error TS7006: Parameter 'f' implicitly has an 'any' type.
src/components/SidePanel/Agents/ActionsInput.tsx(88,15): error TS7006: Parameter 'data' implicitly has an 'any' type.
src/components/SidePanel/Agents/ActionsInput.tsx(96,13): error TS7006: Parameter 'error' implicitly has an 'any' type.
src/components/SidePanel/Agents/ActionsPanel.tsx(6,3): error TS2614: Module '"librechat-data-provider"' has no exported member 'AuthTypeEnum'. Did you mean to use 'import AuthTypeEnum from "librechat-data-provider"' instead?
src/components/SidePanel/Agents/ActionsPanel.tsx(7,3): error TS2614: Module '"librechat-data-provider"' has no exported member 'AuthorizationTypeEnum'. Did you mean to use 'import AuthorizationTypeEnum from "librechat-data-provider"' instead?
src/components/SidePanel/Agents/ActionsPanel.tsx(8,3): error TS2614: Module '"librechat-data-provider"' has no exported member 'TokenExchangeMethodEnum'. Did you mean to use 'import TokenExchangeMethodEnum from "librechat-data-provider"' instead?
src/components/SidePanel/Agents/ActionsPanel.tsx(39,13): error TS7006: Parameter 'error' implicitly has an 'any' type.
src/components/SidePanel/Agents/AdminSettings.tsx(5,10): error TS2614: Module '"librechat-data-provider"' has no exported member 'Permissions'. Did you mean to use 'import Permissions from "librechat-data-provider"' instead?
src/components/SidePanel/Agents/AdminSettings.tsx(5,23): error TS2614: Module '"librechat-data-provider"' has no exported member 'SystemRoles'. Did you mean to use 'import SystemRoles from "librechat-data-provider"' instead?
src/components/SidePanel/Agents/AdminSettings.tsx(5,36): error TS2614: Module '"librechat-data-provider"' has no exported member 'roleDefaults'. Did you mean to use 'import roleDefaults from "librechat-data-provider"' instead?
src/components/SidePanel/Agents/AdminSettings.tsx(5,50): error TS2614: Module '"librechat-data-provider"' has no exported member 'PermissionTypes'. Did you mean to use 'import PermissionTypes from "librechat-data-provider"' instead?
src/components/SidePanel/Agents/Advanced/AdvancedPanel.tsx(3,10): error TS2614: Module '"librechat-data-provider"' has no exported member 'AgentCapabilities'. Did you mean to use 'import AgentCapabilities from "librechat-data-provider"' instead?
src/components/SidePanel/Agents/Advanced/AdvancedPanel.tsx(18,11): error TS2339: Property 'agentsConfig' does not exist on type 'AgentPanelContextType'.
src/components/SidePanel/Agents/Advanced/AgentChain.tsx(39,35): error TS2339: Property 'id' does not exist on type '{}'.
src/components/SidePanel/Agents/Advanced/AgentChain.tsx(43,29): error TS2339: Property 'name' does not exist on type '{}'.
src/components/SidePanel/Agents/Advanced/AgentChain.tsx(44,29): error TS2339: Property 'id' does not exist on type '{}'.
src/components/SidePanel/Agents/AgentAvatar.tsx(14,3): error TS2614: Module '"librechat-data-provider"' has no exported member 'AgentAvatar'. Did you mean to use 'import AgentAvatar from "librechat-data-provider"' instead?
src/components/SidePanel/Agents/AgentAvatar.tsx(15,3): error TS2614: Module '"librechat-data-provider"' has no exported member 'AgentCreateParams'. Did you mean to use 'import AgentCreateParams from "librechat-data-provider"' instead?
src/components/SidePanel/Agents/AgentAvatar.tsx(16,3): error TS2724: '"librechat-data-provider"' has no exported member named 'AgentListResponse'. Did you mean 'TGenTitleResponse'?
src/components/SidePanel/Agents/AgentAvatar.tsx(49,17): error TS7006: Parameter 'data' implicitly has an 'any' type.
src/components/SidePanel/Agents/AgentAvatar.tsx(49,23): error TS7006: Parameter 'vars' implicitly has an 'any' type.
src/components/SidePanel/Agents/AgentAvatar.tsx(69,36): error TS7006: Parameter 'agent' implicitly has an 'any' type.
src/components/SidePanel/Agents/AgentAvatar.tsx(86,15): error TS7006: Parameter 'error' implicitly has an 'any' type.
src/components/SidePanel/Agents/AgentConfig.tsx(47,5): error TS2339: Property 'agentsConfig' does not exist on type 'AgentPanelContextType'.
src/components/SidePanel/Agents/AgentConfig.tsx(49,5): error TS2339: Property 'endpointsConfig' does not exist on type 'AgentPanelContextType'.
src/components/SidePanel/Agents/AgentConfig.tsx(155,21): error TS2749: 'EModelEndpoint' refers to a value, but is being used as a type here. Did you mean 'typeof EModelEndpoint'?
src/components/SidePanel/Agents/AgentConfig.tsx(168,18): error TS2538: Type 'undefined' cannot be used as an index type.
src/components/SidePanel/Agents/AgentConfig.tsx(179,31): error TS7006: Parameter 'st' implicitly has an 'any' type.
src/components/SidePanel/Agents/AgentFooter.tsx(3,10): error TS2614: Module '"librechat-data-provider"' has no exported member 'SystemRoles'. Did you mean to use 'import SystemRoles from "librechat-data-provider"' instead?
src/components/SidePanel/Agents/AgentFooter.tsx(3,23): error TS2614: Module '"librechat-data-provider"' has no exported member 'Permissions'. Did you mean to use 'import Permissions from "librechat-data-provider"' instead?
src/components/SidePanel/Agents/AgentFooter.tsx(3,36): error TS2614: Module '"librechat-data-provider"' has no exported member 'PermissionTypes'. Did you mean to use 'import PermissionTypes from "librechat-data-provider"' instead?
src/components/SidePanel/Agents/AgentPanel.tsx(9,3): error TS2614: Module '"librechat-data-provider"' has no exported member 'SystemRoles'. Did you mean to use 'import SystemRoles from "librechat-data-provider"' instead?
src/components/SidePanel/Agents/AgentPanel.tsx(36,5): error TS2339: Property 'agentsConfig' does not exist on type 'AgentPanelContextType'.
src/components/SidePanel/Agents/AgentPanel.tsx(38,5): error TS2339: Property 'endpointsConfig' does not exist on type 'AgentPanelContextType'.
src/components/SidePanel/Agents/AgentPanel.tsx(85,17): error TS7006: Parameter 'data' implicitly has an 'any' type.
src/components/SidePanel/Agents/AgentPanel.tsx(102,15): error TS7006: Parameter 'err' implicitly has an 'any' type.
src/components/SidePanel/Agents/AgentPanel.tsx(114,17): error TS7006: Parameter 'data' implicitly has an 'any' type.
src/components/SidePanel/Agents/AgentPanel.tsx(122,15): error TS7006: Parameter 'err' implicitly has an 'any' type.
src/components/SidePanel/Agents/AgentPanel.tsx(137,16): error TS2339: Property 'execute_code' does not exist on type 'AgentForm'.
src/components/SidePanel/Agents/AgentPanel.tsx(140,16): error TS2339: Property 'file_search' does not exist on type 'AgentForm'.
src/components/SidePanel/Agents/AgentPanel.tsx(143,16): error TS2339: Property 'web_search' does not exist on type 'AgentForm'.
src/components/SidePanel/Agents/AgentPanel.tsx(149,9): error TS2339: Property 'artifacts' does not exist on type 'AgentForm'.
src/components/SidePanel/Agents/AgentPanel.tsx(156,9): error TS2339: Property 'end_after_tools' does not exist on type 'AgentForm'.
src/components/SidePanel/Agents/AgentPanel.tsx(157,9): error TS2339: Property 'hide_sequential_outputs' does not exist on type 'AgentForm'.
src/components/SidePanel/Agents/AgentSelect.tsx(5,10): error TS2614: Module '"librechat-data-provider"' has no exported member 'AgentCapabilities'. Did you mean to use 'import AgentCapabilities from "librechat-data-provider"' instead?
src/components/SidePanel/Agents/AgentSelect.tsx(5,29): error TS2614: Module '"librechat-data-provider"' has no exported member 'defaultAgentFormValues'. Did you mean to use 'import defaultAgentFormValues from "librechat-data-provider"' instead?
src/components/SidePanel/Agents/AgentSelect.tsx(7,22): error TS2614: Module '"librechat-data-provider"' has no exported member 'AgentCreateParams'. Did you mean to use 'import AgentCreateParams from "librechat-data-provider"' instead?
src/components/SidePanel/Agents/AgentSelect.tsx(33,21): error TS7006: Parameter 'agent' implicitly has an 'any' type.
src/components/SidePanel/Agents/AgentSelect.tsx(66,40): error TS7006: Parameter 'tool' implicitly has an 'any' type.
src/components/SidePanel/Agents/AgentSelect.tsx(88,26): error TS7015: Element implicitly has an 'any' type because index expression is not of type 'number'.
src/components/SidePanel/Agents/AgentSelect.tsx(89,22): error TS7015: Element implicitly has an 'any' type because index expression is not of type 'number'.
src/components/SidePanel/Agents/AgentSelect.tsx(112,22): error TS7015: Element implicitly has an 'any' type because index expression is not of type 'number'.
src/components/SidePanel/Agents/AgentSelect.tsx(124,32): error TS7006: Parameter 'agent' implicitly has an 'any' type.
src/components/SidePanel/Agents/AgentSelect.tsx(189,26): error TS7006: Parameter 'agent' implicitly has an 'any' type.
src/components/SidePanel/Agents/AgentTool.tsx(20,15): error TS2614: Module '"librechat-data-provider"' has no exported member 'AgentToolType'. Did you mean to use 'import AgentToolType from "librechat-data-provider"' instead?
src/components/SidePanel/Agents/AgentTool.tsx(48,38): error TS7006: Parameter 't' implicitly has an 'any' type.
src/components/SidePanel/Agents/AgentTool.tsx(48,54): error TS2339: Property 'includes' does not exist on type 'never'.
src/components/SidePanel/Agents/AgentTool.tsx(48,80): error TS7006: Parameter 't' implicitly has an 'any' type.
src/components/SidePanel/Agents/AgentTool.tsx(53,37): error TS2339: Property 'filter' does not exist on type 'never'.
src/components/SidePanel/Agents/AgentTool.tsx(54,49): error TS7006: Parameter 'st' implicitly has an 'any' type.
src/components/SidePanel/Agents/AgentTool.tsx(56,23): error TS2345: Argument of type 'any[]' is not assignable to parameter of type 'never'.
src/components/SidePanel/Agents/AgentTool.tsx(63,48): error TS7006: Parameter 't' implicitly has an 'any' type.
src/components/SidePanel/Agents/AgentTool.tsx(73,58): error TS2339: Property 'filter' does not exist on type 'never'.
src/components/SidePanel/Agents/AgentTool.tsx(76,31): error TS2345: Argument of type 'any' is not assignable to parameter of type 'never'.
src/components/SidePanel/Agents/AgentTool.tsx(230,60): error TS7006: Parameter 't' implicitly has an 'any' type.
src/components/SidePanel/Agents/AgentTool.tsx(299,40): error TS7006: Parameter 'subTool' implicitly has an 'any' type.
src/components/SidePanel/Agents/AgentTool.tsx(319,49): error TS7006: Parameter 't' implicitly has an 'any' type.
src/components/SidePanel/Agents/Artifacts.tsx(2,10): error TS2614: Module '"librechat-data-provider"' has no exported member 'ArtifactModes'. Did you mean to use 'import ArtifactModes from "librechat-data-provider"' instead?
src/components/SidePanel/Agents/Artifacts.tsx(2,25): error TS2614: Module '"librechat-data-provider"' has no exported member 'AgentCapabilities'. Did you mean to use 'import AgentCapabilities from "librechat-data-provider"' instead?
src/components/SidePanel/Agents/Code/Action.tsx(2,10): error TS2614: Module '"librechat-data-provider"' has no exported member 'AuthType'. Did you mean to use 'import AuthType from "librechat-data-provider"' instead?
src/components/SidePanel/Agents/Code/Action.tsx(2,20): error TS2614: Module '"librechat-data-provider"' has no exported member 'AgentCapabilities'. Did you mean to use 'import AgentCapabilities from "librechat-data-provider"' instead?
src/components/SidePanel/Agents/Code/Files.tsx(5,3): error TS2614: Module '"librechat-data-provider"' has no exported member 'EToolResources'. Did you mean to use 'import EToolResources from "librechat-data-provider"' instead?
src/components/SidePanel/Agents/Code/Files.tsx(8,3): error TS2614: Module '"librechat-data-provider"' has no exported member 'AgentCapabilities'. Did you mean to use 'import AgentCapabilities from "librechat-data-provider"' instead?
src/components/SidePanel/Agents/Code/Files.tsx(11,15): error TS2724: '"librechat-data-provider"' has no exported member named 'EndpointFileConfig'. Did you mean 'TEndpointsConfig'?
src/components/SidePanel/Agents/DeleteButton.tsx(10,22): error TS2614: Module '"librechat-data-provider"' has no exported member 'AgentCreateParams'. Did you mean to use 'import AgentCreateParams from "librechat-data-provider"' instead?
src/components/SidePanel/Agents/DeleteButton.tsx(33,17): error TS7006: Parameter '_' implicitly has an 'any' type.
src/components/SidePanel/Agents/DeleteButton.tsx(33,20): error TS7006: Parameter 'vars' implicitly has an 'any' type.
src/components/SidePanel/Agents/DeleteButton.tsx(33,26): error TS7006: Parameter 'context' implicitly has an 'any' type.
src/components/SidePanel/Agents/DeleteButton.tsx(69,15): error TS7006: Parameter 'error' implicitly has an 'any' type.
src/components/SidePanel/Agents/DuplicateAgent.tsx(18,15): error TS7006: Parameter 'error' implicitly has an 'any' type.
src/components/SidePanel/Agents/FileContext.tsx(4,3): error TS2614: Module '"librechat-data-provider"' has no exported member 'EToolResources'. Did you mean to use 'import EToolResources from "librechat-data-provider"' instead?
src/components/SidePanel/Agents/FileSearch.tsx(6,3): error TS2614: Module '"librechat-data-provider"' has no exported member 'EToolResources'. Did you mean to use 'import EToolResources from "librechat-data-provider"' instead?
src/components/SidePanel/Agents/FileSearch.tsx(8,3): error TS2614: Module '"librechat-data-provider"' has no exported member 'AgentCapabilities'. Did you mean to use 'import AgentCapabilities from "librechat-data-provider"' instead?
src/components/SidePanel/Agents/FileSearchCheckbox.tsx(2,10): error TS2614: Module '"librechat-data-provider"' has no exported member 'AgentCapabilities'. Did you mean to use 'import AgentCapabilities from "librechat-data-provider"' instead?
src/components/SidePanel/Agents/ImageVision.tsx(2,10): error TS2614: Module '"librechat-data-provider"' has no exported member 'Capabilities'. Did you mean to use 'import Capabilities from "librechat-data-provider"' instead?
src/components/SidePanel/Agents/Instructions.tsx(5,10): error TS2614: Module '"librechat-data-provider"' has no exported member 'specialVariables'. Did you mean to use 'import specialVariables from "librechat-data-provider"' instead?
src/components/SidePanel/Agents/Instructions.tsx(7,15): error TS2614: Module '"librechat-data-provider"' has no exported member 'TSpecialVarLabel'. Did you mean to use 'import TSpecialVarLabel from "librechat-data-provider"' instead?
src/components/SidePanel/Agents/Instructions.tsx(39,40): error TS2339: Property 'length' does not exist on type 'never'.
src/components/SidePanel/Agents/Instructions.tsx(41,30): error TS2345: Argument of type 'string' is not assignable to parameter of type 'never'.
src/components/SidePanel/Agents/MCPInput.tsx(4,15): error TS2614: Module '"librechat-data-provider"' has no exported member 'MCP'. Did you mean to use 'import MCP from "librechat-data-provider"' instead?
src/components/SidePanel/Agents/MCPInput.tsx(96,14): error TS7053: Element implicitly has an 'any' type because expression of type '1' can't be used to index type 'void'.
  Property '1' does not exist on type 'void'.
src/components/SidePanel/Agents/MCPInput.tsx(261,38): error TS7006: Parameter 'tool' implicitly has an 'any' type.
src/components/SidePanel/Agents/MCPInput.tsx(276,27): error TS7006: Parameter 'word' implicitly has an 'any' type.
src/components/SidePanel/Agents/MCPPanel.tsx(5,3): error TS2614: Module '"librechat-data-provider"' has no exported member 'AuthTypeEnum'. Did you mean to use 'import AuthTypeEnum from "librechat-data-provider"' instead?
src/components/SidePanel/Agents/MCPPanel.tsx(6,3): error TS2614: Module '"librechat-data-provider"' has no exported member 'AuthorizationTypeEnum'. Did you mean to use 'import AuthorizationTypeEnum from "librechat-data-provider"' instead?
src/components/SidePanel/Agents/MCPPanel.tsx(7,3): error TS2614: Module '"librechat-data-provider"' has no exported member 'TokenExchangeMethodEnum'. Did you mean to use 'import TokenExchangeMethodEnum from "librechat-data-provider"' instead?
src/components/SidePanel/Agents/ModelPanel.tsx(8,3): error TS2614: Module '"librechat-data-provider"' has no exported member 'alternateName'. Did you mean to use 'import alternateName from "librechat-data-provider"' instead?
src/components/SidePanel/Agents/ModelPanel.tsx(9,3): error TS2614: Module '"librechat-data-provider"' has no exported member 'getSettingsKeys'. Did you mean to use 'import getSettingsKeys from "librechat-data-provider"' instead?
src/components/SidePanel/Agents/ModelPanel.tsx(11,3): error TS2614: Module '"librechat-data-provider"' has no exported member 'SettingDefinition'. Did you mean to use 'import SettingDefinition from "librechat-data-provider"' instead?
src/components/SidePanel/Agents/ModelPanel.tsx(12,3): error TS2614: Module '"librechat-data-provider"' has no exported member 'agentParamSettings'. Did you mean to use 'import agentParamSettings from "librechat-data-provider"' instead?
src/components/SidePanel/Agents/ModelPanel.tsx(52,27): error TS2345: Argument of type 'string' is not assignable to parameter of type 'never'.
src/components/SidePanel/Agents/ModelPanel.tsx(59,25): error TS2345: Argument of type 'string' is not assignable to parameter of type 'never'.
src/components/SidePanel/Agents/ModelPanel.tsx(83,8): error TS7006: Parameter 'param' implicitly has an 'any' type.
src/components/SidePanel/Agents/ModelPanel.tsx(87,41): error TS2694: Namespace '"librechat-data-provider"' has no exported member 'AgentModelParameters'.
src/components/SidePanel/Agents/ModelPanel.tsx(87,76): error TS2694: Namespace '"librechat-data-provider"' has no exported member 'AgentParameterValue'.
src/components/SidePanel/Agents/ModelPanel.tsx(88,34): error TS2731: Implicit conversion of a 'symbol' to a 'string' will fail at runtime. Consider wrapping this expression in 'String(...)'.
src/components/SidePanel/Agents/ModelPanel.tsx(88,47): error TS2345: Argument of type 't.AgentParameterValue' is not assignable to parameter of type 'never'.
src/components/SidePanel/Agents/ModelPanel.tsx(92,34): error TS2345: Argument of type 't.AgentModelParameters' is not assignable to parameter of type 'never'.
src/components/SidePanel/Agents/ModelPanel.tsx(92,42): error TS2694: Namespace '"librechat-data-provider"' has no exported member 'AgentModelParameters'.
src/components/SidePanel/Agents/ModelPanel.tsx(237,45): error TS2694: Namespace '"librechat-data-provider"' has no exported member 'TSetOption'.
src/components/SidePanel/Agents/Retrieval.tsx(2,10): error TS2614: Module '"librechat-data-provider"' has no exported member 'Capabilities'. Did you mean to use 'import Capabilities from "librechat-data-provider"' instead?
src/components/SidePanel/Agents/Retrieval.tsx(24,57): error TS2345: Argument of type 'string | null' is not assignable to parameter of type 'string'.
  Type 'null' is not assignable to type 'string'.
src/components/SidePanel/Agents/Retrieval.tsx(58,37): error TS2345: Argument of type 'string | null' is not assignable to parameter of type 'string'.
  Type 'null' is not assignable to type 'string'.
src/components/SidePanel/Agents/Search/Action.tsx(2,10): error TS2614: Module '"librechat-data-provider"' has no exported member 'AuthType'. Did you mean to use 'import AuthType from "librechat-data-provider"' instead?
src/components/SidePanel/Agents/Search/Action.tsx(2,20): error TS2614: Module '"librechat-data-provider"' has no exported member 'AgentCapabilities'. Did you mean to use 'import AgentCapabilities from "librechat-data-provider"' instead?
src/components/SidePanel/Agents/Search/ApiKeyDialog.test.tsx(4,10): error TS2614: Module '"librechat-data-provider"' has no exported member 'AuthType'. Did you mean to use 'import AuthType from "librechat-data-provider"' instead?
src/components/SidePanel/Agents/Search/ApiKeyDialog.test.tsx(4,20): error TS2614: Module '"librechat-data-provider"' has no exported member 'SearchCategories'. Did you mean to use 'import SearchCategories from "librechat-data-provider"' instead?
src/components/SidePanel/Agents/Search/ApiKeyDialog.test.tsx(4,38): error TS2614: Module '"librechat-data-provider"' has no exported member 'RerankerTypes'. Did you mean to use 'import RerankerTypes from "librechat-data-provider"' instead?
src/components/SidePanel/Agents/Search/ApiKeyDialog.test.tsx(49,7): error TS2339: Property 'toBeInTheDocument' does not exist on type 'JestMatchers<HTMLElement>'.
src/components/SidePanel/Agents/Search/ApiKeyDialog.test.tsx(53,7): error TS2339: Property 'toBeInTheDocument' does not exist on type 'JestMatchers<HTMLElement>'.
src/components/SidePanel/Agents/Search/ApiKeyDialog.test.tsx(57,7): error TS2339: Property 'toBeInTheDocument' does not exist on type 'JestMatchers<HTMLElement>'.
src/components/SidePanel/Agents/Search/ApiKeyDialog.test.tsx(59,71): error TS2339: Property 'toBeInTheDocument' does not exist on type 'JestMatchers<HTMLElement>'.
src/components/SidePanel/Agents/Search/ApiKeyDialog.test.tsx(62,73): error TS2339: Property 'toBeInTheDocument' does not exist on type 'JestMatchers<HTMLElement>'.
src/components/SidePanel/Agents/Search/ApiKeyDialog.test.tsx(68,67): error TS2339: Property 'toBeInTheDocument' does not exist on type 'JestMatchers<HTMLElement>'.
src/components/SidePanel/Agents/Search/ApiKeyDialog.test.tsx(70,69): error TS2339: Property 'toBeInTheDocument' does not exist on type 'Matchers<void, HTMLElement | null>'.
src/components/SidePanel/Agents/Search/ApiKeyDialog.test.tsx(78,71): error TS2339: Property 'toBeInTheDocument' does not exist on type 'JestMatchers<HTMLElement>'.
src/components/SidePanel/Agents/Search/ApiKeyDialog.test.tsx(79,79): error TS2339: Property 'toBeInTheDocument' does not exist on type 'Matchers<void, HTMLElement | null>'.
src/components/SidePanel/Agents/Search/ApiKeyDialog.test.tsx(87,73): error TS2339: Property 'toBeInTheDocument' does not exist on type 'JestMatchers<HTMLElement>'.
src/components/SidePanel/Agents/Search/ApiKeyDialog.test.tsx(88,77): error TS2339: Property 'toBeInTheDocument' does not exist on type 'Matchers<void, HTMLElement | null>'.
src/components/SidePanel/Agents/Search/ApiKeyDialog.test.tsx(95,69): error TS2339: Property 'toBeInTheDocument' does not exist on type 'JestMatchers<HTMLElement>'.
src/components/SidePanel/Agents/Search/ApiKeyDialog.test.tsx(98,71): error TS2339: Property 'toBeInTheDocument' does not exist on type 'JestMatchers<HTMLElement>'.
src/components/SidePanel/Agents/Search/ApiKeyDialog.test.tsx(112,66): error TS2339: Property 'toBeInTheDocument' does not exist on type 'Matchers<void, HTMLElement | null>'.
src/components/SidePanel/Agents/Search/ApiKeyDialog.test.tsx(113,59): error TS2339: Property 'toBeInTheDocument' does not exist on type 'JestMatchers<HTMLElement>'.
src/components/SidePanel/Agents/Search/ApiKeyDialog.test.tsx(114,60): error TS2339: Property 'toBeInTheDocument' does not exist on type 'JestMatchers<HTMLElement>'.
src/components/SidePanel/Agents/Search/ApiKeyDialog.test.tsx(128,60): error TS2339: Property 'toBeInTheDocument' does not exist on type 'JestMatchers<HTMLElement>'.
src/components/SidePanel/Agents/Search/ApiKeyDialog.test.tsx(129,65): error TS2339: Property 'toBeInTheDocument' does not exist on type 'Matchers<void, HTMLElement | null>'.
src/components/SidePanel/Agents/Search/ApiKeyDialog.test.tsx(130,60): error TS2339: Property 'toBeInTheDocument' does not exist on type 'JestMatchers<HTMLElement>'.
src/components/SidePanel/Agents/Search/ApiKeyDialog.test.tsx(144,60): error TS2339: Property 'toBeInTheDocument' does not exist on type 'JestMatchers<HTMLElement>'.
src/components/SidePanel/Agents/Search/ApiKeyDialog.test.tsx(145,59): error TS2339: Property 'toBeInTheDocument' does not exist on type 'JestMatchers<HTMLElement>'.
src/components/SidePanel/Agents/Search/ApiKeyDialog.test.tsx(146,66): error TS2339: Property 'toBeInTheDocument' does not exist on type 'Matchers<void, HTMLElement | null>'.
src/components/SidePanel/Agents/Search/ApiKeyDialog.tsx(4,3): error TS2614: Module '"librechat-data-provider"' has no exported member 'AuthType'. Did you mean to use 'import AuthType from "librechat-data-provider"' instead?
src/components/SidePanel/Agents/Search/ApiKeyDialog.tsx(5,3): error TS2614: Module '"librechat-data-provider"' has no exported member 'SearchCategories'. Did you mean to use 'import SearchCategories from "librechat-data-provider"' instead?
src/components/SidePanel/Agents/Search/ApiKeyDialog.tsx(6,3): error TS2614: Module '"librechat-data-provider"' has no exported member 'RerankerTypes'. Did you mean to use 'import RerankerTypes from "librechat-data-provider"' instead?
src/components/SidePanel/Agents/Search/ApiKeyDialog.tsx(7,3): error TS2614: Module '"librechat-data-provider"' has no exported member 'SearchProviders'. Did you mean to use 'import SearchProviders from "librechat-data-provider"' instead?
src/components/SidePanel/Agents/Search/ApiKeyDialog.tsx(8,3): error TS2614: Module '"librechat-data-provider"' has no exported member 'ScraperTypes'. Did you mean to use 'import ScraperTypes from "librechat-data-provider"' instead?
src/components/SidePanel/Agents/ShareAgent.tsx(4,10): error TS2614: Module '"librechat-data-provider"' has no exported member 'Permissions'. Did you mean to use 'import Permissions from "librechat-data-provider"' instead?
src/components/SidePanel/Agents/ShareAgent.tsx(15,31): error TS2614: Module '"librechat-data-provider"' has no exported member 'AgentUpdateParams'. Did you mean to use 'import AgentUpdateParams from "librechat-data-provider"' instead?
src/components/SidePanel/Agents/ShareAgent.tsx(64,16): error TS2345: Argument of type 'any' is not assignable to parameter of type 'never'.
src/components/SidePanel/Agents/ShareAgent.tsx(69,14): error TS2345: Argument of type 'any' is not assignable to parameter of type 'never'.
src/components/SidePanel/Agents/ShareAgent.tsx(70,14): error TS2345: Argument of type 'any' is not assignable to parameter of type 'never'.
src/components/SidePanel/Agents/ShareAgent.tsx(74,17): error TS7006: Parameter 'data' implicitly has an 'any' type.
src/components/SidePanel/Agents/ShareAgent.tsx(82,15): error TS7006: Parameter 'err' implicitly has an 'any' type.
src/components/SidePanel/Agents/ShareAgent.tsx(164,16): error TS2322: Type '{ children: string; type: "button"; className: string; disabled: boolean; onClick: () => void; onKeyDown: (e: KeyboardEvent<HTMLButtonElement>) => void; "aria-checked": never[]; role: "checkbox"; }' is not assignable to type 'DetailedHTMLProps<ButtonHTMLAttributes<HTMLButtonElement>, HTMLButtonElement>'.
  Type '{ children: string; type: "button"; className: string; disabled: boolean; onClick: () => void; onKeyDown: (e: KeyboardEvent<HTMLButtonElement>) => void; "aria-checked": never[]; role: "checkbox"; }' is not assignable to type 'ButtonHTMLAttributes<HTMLButtonElement>'.
    Types of property '"aria-checked"' are incompatible.
      Type 'never[]' is not assignable to type 'boolean | "true" | "false" | "mixed" | undefined'.
src/components/SidePanel/Agents/ShareAgent.tsx(169,28): error TS2345: Argument of type 'any' is not assignable to parameter of type 'never'.
src/components/SidePanel/Agents/ShareAgent.tsx(176,30): error TS2345: Argument of type 'any' is not assignable to parameter of type 'never'.
src/components/SidePanel/Agents/ShareAgent.tsx(193,15): error TS2322: Type 'any' is not assignable to type 'never'.
src/components/SidePanel/Agents/ShareAgent.tsx(201,38): error TS2339: Property 'toString' does not exist on type 'never'.
src/components/SidePanel/Agents/ShareAgent.tsx(208,16): error TS2322: Type '{ children: string; type: "button"; className: string; disabled: boolean; onClick: () => void; onKeyDown: (e: KeyboardEvent<HTMLButtonElement>) => void; "aria-checked": never[]; role: "checkbox"; }' is not assignable to type 'DetailedHTMLProps<ButtonHTMLAttributes<HTMLButtonElement>, HTMLButtonElement>'.
  Type '{ children: string; type: "button"; className: string; disabled: boolean; onClick: () => void; onKeyDown: (e: KeyboardEvent<HTMLButtonElement>) => void; "aria-checked": never[]; role: "checkbox"; }' is not assignable to type 'ButtonHTMLAttributes<HTMLButtonElement>'.
    Types of property '"aria-checked"' are incompatible.
      Type 'never[]' is not assignable to type 'boolean | "true" | "false" | "mixed" | undefined'.
src/components/SidePanel/Agents/ShareAgent.tsx(215,28): error TS2345: Argument of type 'any' is not assignable to parameter of type 'never'.
src/components/SidePanel/Agents/ShareAgent.tsx(222,30): error TS2345: Argument of type 'any' is not assignable to parameter of type 'never'.
src/components/SidePanel/Agents/ShareAgent.tsx(239,15): error TS2322: Type 'any' is not assignable to type 'never'.
src/components/SidePanel/Agents/ShareAgent.tsx(249,38): error TS2339: Property 'toString' does not exist on type 'never'.
src/components/SidePanel/Agents/Version/__tests__/isActiveVersion.spec.ts(2,15): error TS2614: Module '"../VersionPanel"' has no exported member 'AgentState'. Did you mean to use 'import AgentState from "../VersionPanel"' instead?
src/components/SidePanel/Agents/Version/__tests__/isActiveVersion.spec.ts(2,27): error TS2614: Module '"../VersionPanel"' has no exported member 'VersionRecord'. Did you mean to use 'import VersionRecord from "../VersionPanel"' instead?
src/components/SidePanel/Agents/Version/__tests__/isActiveVersion.spec.ts(185,13): error TS7034: Variable 'versions' implicitly has type 'any[]' in some locations where its type cannot be determined.
src/components/SidePanel/Agents/Version/__tests__/isActiveVersion.spec.ts(187,53): error TS7005: Variable 'versions' implicitly has an 'any[]' type.
src/components/SidePanel/Agents/Version/__tests__/VersionContent.spec.tsx(4,10): error TS2614: Module '"../VersionPanel"' has no exported member 'VersionContext'. Did you mean to use 'import VersionContext from "../VersionPanel"' instead?
src/components/SidePanel/Agents/Version/__tests__/VersionContent.spec.tsx(23,52): error TS7006: Parameter 'key' implicitly has an 'any' type.
src/components/SidePanel/Agents/Version/__tests__/VersionContent.spec.tsx(31,12): error TS7053: Element implicitly has an 'any' type because expression of type 'any' can't be used to index type '{ com_ui_agent_version_no_agent: string; com_ui_agent_version_error: string; com_ui_agent_version_empty: string; com_ui_agent_version_restore_confirm: string; com_ui_agent_version_restore: string; }'.
src/components/SidePanel/Agents/Version/__tests__/VersionContent.spec.tsx(70,25): error TS7006: Parameter 'props' implicitly has an 'any' type.
src/components/SidePanel/Agents/Version/__tests__/VersionContent.spec.tsx(76,36): error TS2339: Property 'toBeInTheDocument' does not exist on type 'JestMatchers<HTMLElement>'.
src/components/SidePanel/Agents/Version/__tests__/VersionContent.spec.tsx(82,48): error TS2339: Property 'toBeInTheDocument' does not exist on type 'JestMatchers<HTMLElement>'.
src/components/SidePanel/Agents/Version/__tests__/VersionContent.spec.tsx(86,43): error TS2339: Property 'toBeInTheDocument' does not exist on type 'JestMatchers<HTMLElement>'.
src/components/SidePanel/Agents/Version/__tests__/VersionContent.spec.tsx(91,47): error TS2339: Property 'toBeInTheDocument' does not exist on type 'JestMatchers<HTMLElement>'.
src/components/SidePanel/Agents/Version/__tests__/VersionContent.spec.tsx(110,51): error TS2339: Property 'toBeInTheDocument' does not exist on type 'Matchers<void, HTMLElement | null>'.
src/components/SidePanel/Agents/Version/__tests__/VersionContent.spec.tsx(111,47): error TS2339: Property 'toBeInTheDocument' does not exist on type 'JestMatchers<HTMLElement | null>'.
src/components/SidePanel/Agents/Version/__tests__/VersionContent.spec.tsx(112,47): error TS2339: Property 'toBeInTheDocument' does not exist on type 'JestMatchers<HTMLElement | null>'.
src/components/SidePanel/Agents/Version/__tests__/VersionContent.spec.tsx(124,48): error TS2339: Property 'toBeInTheDocument' does not exist on type 'JestMatchers<HTMLElement>'.
src/components/SidePanel/Agents/Version/__tests__/VersionContent.spec.tsx(134,44): error TS2339: Property 'toBeInTheDocument' does not exist on type 'JestMatchers<HTMLElement>'.
src/components/SidePanel/Agents/Version/__tests__/VersionContent.spec.tsx(135,42): error TS2339: Property 'toBeInTheDocument' does not exist on type 'Matchers<void, HTMLElement | null>'.
src/components/SidePanel/Agents/Version/__tests__/VersionContent.spec.tsx(136,55): error TS2339: Property 'toBeInTheDocument' does not exist on type 'Matchers<void, HTMLElement | null>'.
src/components/SidePanel/Agents/Version/__tests__/VersionContent.spec.tsx(139,38): error TS2339: Property 'toBeInTheDocument' does not exist on type 'JestMatchers<HTMLElement | null>'.
src/components/SidePanel/Agents/Version/__tests__/VersionContent.spec.tsx(140,55): error TS2339: Property 'toBeInTheDocument' does not exist on type 'Matchers<void, HTMLElement | null>'.
src/components/SidePanel/Agents/Version/__tests__/VersionItem.spec.tsx(4,10): error TS2614: Module '"../VersionPanel"' has no exported member 'VersionRecord'. Did you mean to use 'import VersionRecord from "../VersionPanel"' instead?
src/components/SidePanel/Agents/Version/__tests__/VersionItem.spec.tsx(7,52): error TS7006: Parameter 'key' implicitly has an 'any' type.
src/components/SidePanel/Agents/Version/__tests__/VersionItem.spec.tsx(7,57): error TS7006: Parameter 'params' implicitly has an 'any' type.
src/components/SidePanel/Agents/Version/__tests__/VersionItem.spec.tsx(18,12): error TS7053: Element implicitly has an 'any' type because expression of type 'any' can't be used to index type '{ com_ui_agent_version_title: string; com_ui_agent_version_active: string; com_ui_agent_version_restore: string; com_ui_agent_version_restore_confirm: string; com_ui_agent_version_unknown_date: string; com_ui_agent_version_no_date: string; }'.
src/components/SidePanel/Agents/Version/__tests__/VersionItem.spec.tsx(45,43): error TS2339: Property 'toBeInTheDocument' does not exist on type 'JestMatchers<HTMLElement>'.
src/components/SidePanel/Agents/Version/__tests__/VersionItem.spec.tsx(47,36): error TS2339: Property 'toBeInTheDocument' does not exist on type 'JestMatchers<HTMLElement>'.
src/components/SidePanel/Agents/Version/__tests__/VersionItem.spec.tsx(52,48): error TS2339: Property 'toBeInTheDocument' does not exist on type 'JestMatchers<HTMLElement>'.
src/components/SidePanel/Agents/Version/__tests__/VersionItem.spec.tsx(53,47): error TS2339: Property 'toBeInTheDocument' does not exist on type 'Matchers<void, HTMLElement | null>'.
src/components/SidePanel/Agents/Version/__tests__/VersionItem.spec.tsx(58,54): error TS2339: Property 'toBeInTheDocument' does not exist on type 'Matchers<void, HTMLElement | null>'.
src/components/SidePanel/Agents/Version/__tests__/VersionItem.spec.tsx(59,41): error TS2339: Property 'toBeInTheDocument' does not exist on type 'JestMatchers<HTMLElement>'.
src/components/SidePanel/Agents/Version/__tests__/VersionItem.spec.tsx(81,46): error TS2339: Property 'toBeInTheDocument' does not exist on type 'JestMatchers<HTMLElement>'.
src/components/SidePanel/Agents/Version/__tests__/VersionItem.spec.tsx(91,41): error TS2339: Property 'toBeInTheDocument' does not exist on type 'JestMatchers<HTMLElement>'.
src/components/SidePanel/Agents/Version/__tests__/VersionItem.spec.tsx(102,43): error TS2339: Property 'toBeInTheDocument' does not exist on type 'JestMatchers<HTMLElement>'.
src/components/SidePanel/Agents/Version/__tests__/VersionItem.spec.tsx(117,43): error TS2339: Property 'toBeInTheDocument' does not exist on type 'JestMatchers<HTMLElement>'.
src/components/SidePanel/Agents/Version/__tests__/VersionItem.spec.tsx(122,41): error TS2339: Property 'toBeInTheDocument' does not exist on type 'JestMatchers<HTMLElement>'.
src/components/SidePanel/Agents/Version/__tests__/VersionPanel.spec.tsx(54,52): error TS7006: Parameter 'key' implicitly has an 'any' type.
src/components/SidePanel/Agents/Version/__tests__/VersionPanel.spec.tsx(91,62): error TS2339: Property 'toBeInTheDocument' does not exist on type 'JestMatchers<HTMLElement>'.
src/components/SidePanel/Agents/Version/__tests__/VersionPanel.spec.tsx(92,51): error TS2339: Property 'toBeInTheDocument' does not exist on type 'JestMatchers<HTMLElement>'.
src/components/SidePanel/Bookmarks/BookmarkTable.tsx(14,15): error TS2724: '"librechat-data-provider"' has no exported member named 'ConversationTagsResponse'. Did you mean 'TConversationTagsResponse'?
src/components/SidePanel/Bookmarks/BookmarkTable.tsx(14,41): error TS2724: '"librechat-data-provider"' has no exported member named 'TConversationTag'. Did you mean 'TConversation'?
src/components/SidePanel/Bookmarks/BookmarkTable.tsx(61,6): error TS7006: Parameter 'row' implicitly has an 'any' type.
src/components/SidePanel/Bookmarks/BookmarkTableRow.tsx(3,15): error TS2724: '"librechat-data-provider"' has no exported member named 'TConversationTag'. Did you mean 'TConversation'?
src/components/SidePanel/Builder/Action.tsx(3,15): error TS2614: Module '"librechat-data-provider"' has no exported member 'Action'. Did you mean to use 'import Action from "librechat-data-provider"' instead?
src/components/SidePanel/Builder/ActionCallback.tsx(4,10): error TS2614: Module '"librechat-data-provider"' has no exported member 'AuthTypeEnum'. Did you mean to use 'import AuthTypeEnum from "librechat-data-provider"' instead?
src/components/SidePanel/Builder/ActionsAuth.tsx(5,3): error TS2614: Module '"librechat-data-provider"' has no exported member 'AuthTypeEnum'. Did you mean to use 'import AuthTypeEnum from "librechat-data-provider"' instead?
src/components/SidePanel/Builder/ActionsAuth.tsx(6,3): error TS2614: Module '"librechat-data-provider"' has no exported member 'AuthorizationTypeEnum'. Did you mean to use 'import AuthorizationTypeEnum from "librechat-data-provider"' instead?
src/components/SidePanel/Builder/ActionsAuth.tsx(7,3): error TS2614: Module '"librechat-data-provider"' has no exported member 'TokenExchangeMethodEnum'. Did you mean to use 'import TokenExchangeMethodEnum from "librechat-data-provider"' instead?
src/components/SidePanel/Builder/ActionsInput.tsx(6,3): error TS2614: Module '"librechat-data-provider"' has no exported member 'validateAndParseOpenAPISpec'. Did you mean to use 'import validateAndParseOpenAPISpec from "librechat-data-provider"' instead?
src/components/SidePanel/Builder/ActionsInput.tsx(7,3): error TS2614: Module '"librechat-data-provider"' has no exported member 'openapiToFunction'. Did you mean to use 'import openapiToFunction from "librechat-data-provider"' instead?
src/components/SidePanel/Builder/ActionsInput.tsx(8,3): error TS2614: Module '"librechat-data-provider"' has no exported member 'AuthTypeEnum'. Did you mean to use 'import AuthTypeEnum from "librechat-data-provider"' instead?
src/components/SidePanel/Builder/ActionsInput.tsx(11,3): error TS2614: Module '"librechat-data-provider"' has no exported member 'Action'. Did you mean to use 'import Action from "librechat-data-provider"' instead?
src/components/SidePanel/Builder/ActionsInput.tsx(12,3): error TS2614: Module '"librechat-data-provider"' has no exported member 'FunctionTool'. Did you mean to use 'import FunctionTool from "librechat-data-provider"' instead?
src/components/SidePanel/Builder/ActionsInput.tsx(13,3): error TS2614: Module '"librechat-data-provider"' has no exported member 'ActionMetadata'. Did you mean to use 'import ActionMetadata from "librechat-data-provider"' instead?
src/components/SidePanel/Builder/ActionsInput.tsx(14,3): error TS2614: Module '"librechat-data-provider"' has no exported member 'ValidationResult'. Did you mean to use 'import ValidationResult from "librechat-data-provider"' instead?
src/components/SidePanel/Builder/ActionsInput.tsx(15,3): error TS2724: '"librechat-data-provider"' has no exported member named 'AssistantsEndpoint'. Did you mean 'isAssistantsEndpoint'?
src/components/SidePanel/Builder/ActionsInput.tsx(82,17): error TS18046: 'props' is of type 'unknown'.
src/components/SidePanel/Builder/ActionsInput.tsx(83,15): error TS18046: 'props' is of type 'unknown'.
src/components/SidePanel/Builder/ActionsInput.tsx(84,17): error TS18046: 'props' is of type 'unknown'.
src/components/SidePanel/Builder/ActionsInput.tsx(90,42): error TS7006: Parameter 'f' implicitly has an 'any' type.
src/components/SidePanel/Builder/ActionsInput.tsx(94,15): error TS7006: Parameter 'data' implicitly has an 'any' type.
src/components/SidePanel/Builder/ActionsInput.tsx(102,13): error TS7006: Parameter 'error' implicitly has an 'any' type.
src/components/SidePanel/Builder/ActionsPanel.tsx(5,3): error TS2614: Module '"librechat-data-provider"' has no exported member 'AuthTypeEnum'. Did you mean to use 'import AuthTypeEnum from "librechat-data-provider"' instead?
src/components/SidePanel/Builder/ActionsPanel.tsx(6,3): error TS2614: Module '"librechat-data-provider"' has no exported member 'AuthorizationTypeEnum'. Did you mean to use 'import AuthorizationTypeEnum from "librechat-data-provider"' instead?
src/components/SidePanel/Builder/ActionsPanel.tsx(7,3): error TS2614: Module '"librechat-data-provider"' has no exported member 'TokenExchangeMethodEnum'. Did you mean to use 'import TokenExchangeMethodEnum from "librechat-data-provider"' instead?
src/components/SidePanel/Builder/ActionsPanel.tsx(46,13): error TS7006: Parameter 'error' implicitly has an 'any' type.
src/components/SidePanel/Builder/AssistantAvatar.tsx(12,3): error TS2614: Module '"librechat-data-provider"' has no exported member 'Metadata'. Did you mean to use 'import Metadata from "librechat-data-provider"' instead?
src/components/SidePanel/Builder/AssistantAvatar.tsx(14,3): error TS2724: '"librechat-data-provider"' has no exported member named 'AssistantsEndpoint'. Did you mean 'isAssistantsEndpoint'?
src/components/SidePanel/Builder/AssistantAvatar.tsx(16,3): error TS2614: Module '"librechat-data-provider"' has no exported member 'AssistantListResponse'. Did you mean to use 'import AssistantListResponse from "librechat-data-provider"' instead?
src/components/SidePanel/Builder/AssistantAvatar.tsx(62,17): error TS7006: Parameter 'data' implicitly has an 'any' type.
src/components/SidePanel/Builder/AssistantAvatar.tsx(62,23): error TS7006: Parameter 'vars' implicitly has an 'any' type.
src/components/SidePanel/Builder/AssistantAvatar.tsx(82,40): error TS7006: Parameter 'assistant' implicitly has an 'any' type.
src/components/SidePanel/Builder/AssistantAvatar.tsx(102,15): error TS7006: Parameter 'error' implicitly has an 'any' type.
src/components/SidePanel/Builder/AssistantConversationStarters.tsx(4,28): error TS7016: Could not find a declaration file for module 'react-transition-group'. '/Users/msc/Desktop/SIGMACODE/sigmacodeai/node_modules/.pnpm/react-transition-group@4.4.5_react-dom@18.3.1_react@18.3.1__react@18.3.1/node_modules/react-transition-group/cjs/index.js' implicitly has an 'any' type.
  Try `npm i --save-dev @types/react-transition-group` if it exists or add a new declaration (.d.ts) file containing `declare module 'react-transition-group';`
src/components/SidePanel/Builder/AssistantPanel.tsx(7,3): error TS2614: Module '"librechat-data-provider"' has no exported member 'Capabilities'. Did you mean to use 'import Capabilities from "librechat-data-provider"' instead?
src/components/SidePanel/Builder/AssistantPanel.tsx(8,3): error TS2614: Module '"librechat-data-provider"' has no exported member 'actionDelimiter'. Did you mean to use 'import actionDelimiter from "librechat-data-provider"' instead?
src/components/SidePanel/Builder/AssistantPanel.tsx(9,3): error TS2614: Module '"librechat-data-provider"' has no exported member 'ImageVisionTool'. Did you mean to use 'import ImageVisionTool from "librechat-data-provider"' instead?
src/components/SidePanel/Builder/AssistantPanel.tsx(10,3): error TS2614: Module '"librechat-data-provider"' has no exported member 'defaultAssistantFormValues'. Did you mean to use 'import defaultAssistantFormValues from "librechat-data-provider"' instead?
src/components/SidePanel/Builder/AssistantPanel.tsx(12,15): error TS2614: Module '"librechat-data-provider"' has no exported member 'FunctionTool'. Did you mean to use 'import FunctionTool from "librechat-data-provider"' instead?
src/components/SidePanel/Builder/AssistantPanel.tsx(95,17): error TS7006: Parameter 'data' implicitly has an 'any' type.
src/components/SidePanel/Builder/AssistantPanel.tsx(102,15): error TS7006: Parameter 'err' implicitly has an 'any' type.
src/components/SidePanel/Builder/AssistantPanel.tsx(114,17): error TS7006: Parameter 'data' implicitly has an 'any' type.
src/components/SidePanel/Builder/AssistantPanel.tsx(122,15): error TS7006: Parameter 'err' implicitly has an 'any' type.
src/components/SidePanel/Builder/AssistantPanel.tsx(146,46): error TS7006: Parameter 'tool' implicitly has an 'any' type.
src/components/SidePanel/Builder/AssistantPanel.tsx(155,14): error TS2339: Property 'code_interpreter' does not exist on type 'AssistantForm'.
src/components/SidePanel/Builder/AssistantPanel.tsx(158,14): error TS2339: Property 'retrieval' does not exist on type 'AssistantForm'.
src/components/SidePanel/Builder/AssistantPanel.tsx(161,14): error TS2339: Property 'image_vision' does not exist on type 'AssistantForm'.
src/components/SidePanel/Builder/AssistantSelect.tsx(6,3): error TS2614: Module '"librechat-data-provider"' has no exported member 'FileSources'. Did you mean to use 'import FileSources from "librechat-data-provider"' instead?
src/components/SidePanel/Builder/AssistantSelect.tsx(7,3): error TS2614: Module '"librechat-data-provider"' has no exported member 'Capabilities'. Did you mean to use 'import Capabilities from "librechat-data-provider"' instead?
src/components/SidePanel/Builder/AssistantSelect.tsx(10,3): error TS2614: Module '"librechat-data-provider"' has no exported member 'isImageVisionTool'. Did you mean to use 'import isImageVisionTool from "librechat-data-provider"' instead?
src/components/SidePanel/Builder/AssistantSelect.tsx(11,3): error TS2614: Module '"librechat-data-provider"' has no exported member 'defaultAssistantFormValues'. Did you mean to use 'import defaultAssistantFormValues from "librechat-data-provider"' instead?
src/components/SidePanel/Builder/AssistantSelect.tsx(16,3): error TS2614: Module '"librechat-data-provider"' has no exported member 'AssistantDocument'. Did you mean to use 'import AssistantDocument from "librechat-data-provider"' instead?
src/components/SidePanel/Builder/AssistantSelect.tsx(17,3): error TS2724: '"librechat-data-provider"' has no exported member named 'AssistantsEndpoint'. Did you mean 'isAssistantsEndpoint'?
src/components/SidePanel/Builder/AssistantSelect.tsx(78,21): error TS7006: Parameter '_assistant' implicitly has an 'any' type.
src/components/SidePanel/Builder/AssistantSelect.tsx(126,40): error TS7006: Parameter 'file_id' implicitly has an 'any' type.
src/components/SidePanel/Builder/AssistantSelect.tsx(130,72): error TS7006: Parameter 'file_id' implicitly has an 'any' type.
src/components/SidePanel/Builder/AssistantSelect.tsx(150,43): error TS7006: Parameter 'assistant' implicitly has an 'any' type.
src/components/SidePanel/Builder/AssistantSelect.tsx(174,18): error TS7006: Parameter 'tool' implicitly has an 'any' type.
src/components/SidePanel/Builder/AssistantSelect.tsx(175,15): error TS7006: Parameter 'tool' implicitly has an 'any' type.
src/components/SidePanel/Builder/AssistantSelect.tsx(176,19): error TS7006: Parameter 'tool' implicitly has an 'any' type.
src/components/SidePanel/Builder/AssistantSelect.tsx(185,18): error TS7006: Parameter 'tool' implicitly has an 'any' type.
src/components/SidePanel/Builder/AssistantSelect.tsx(186,15): error TS7006: Parameter 'tool' implicitly has an 'any' type.
src/components/SidePanel/Builder/AssistantSelect.tsx(187,18): error TS7006: Parameter 'fnName' implicitly has an 'any' type.
src/components/SidePanel/Builder/AssistantSelect.tsx(227,22): error TS7015: Element implicitly has an 'any' type because index expression is not of type 'number'.
src/components/SidePanel/Builder/AssistantTool.tsx(41,56): error TS7006: Parameter 'fn' implicitly has an 'any' type.
src/components/SidePanel/Builder/CapabilitiesForm.tsx(2,10): error TS2614: Module '"librechat-data-provider"' has no exported member 'Capabilities'. Did you mean to use 'import Capabilities from "librechat-data-provider"' instead?
src/components/SidePanel/Builder/CapabilitiesForm.tsx(4,24): error TS2724: '"librechat-data-provider"' has no exported member named 'AssistantsEndpoint'. Did you mean 'isAssistantsEndpoint'?
src/components/SidePanel/Builder/CapabilitiesForm.tsx(59,60): error TS2322: Type 'Set<unknown>' is not assignable to type 'Set<string>'.
  Type 'unknown' is not assignable to type 'string'.
src/components/SidePanel/Builder/Code.tsx(1,10): error TS2614: Module '"librechat-data-provider"' has no exported member 'Capabilities'. Did you mean to use 'import Capabilities from "librechat-data-provider"' instead?
src/components/SidePanel/Builder/CodeFiles.tsx(3,3): error TS2614: Module '"librechat-data-provider"' has no exported member 'EToolResources'. Did you mean to use 'import EToolResources from "librechat-data-provider"' instead?
src/components/SidePanel/Builder/CodeFiles.tsx(7,15): error TS2724: '"librechat-data-provider"' has no exported member named 'AssistantsEndpoint'. Did you mean 'isAssistantsEndpoint'?
src/components/SidePanel/Builder/CodeFiles.tsx(7,35): error TS2724: '"librechat-data-provider"' has no exported member named 'EndpointFileConfig'. Did you mean 'TEndpointsConfig'?
src/components/SidePanel/Builder/ContextButton.tsx(9,49): error TS2724: '"librechat-data-provider"' has no exported member named 'AssistantsEndpoint'. Did you mean 'isAssistantsEndpoint'?
src/components/SidePanel/Builder/ContextButton.tsx(35,17): error TS7006: Parameter '_' implicitly has an 'any' type.
src/components/SidePanel/Builder/ContextButton.tsx(35,20): error TS7006: Parameter 'vars' implicitly has an 'any' type.
src/components/SidePanel/Builder/ContextButton.tsx(35,26): error TS7006: Parameter 'context' implicitly has an 'any' type.
src/components/SidePanel/Builder/ContextButton.tsx(70,15): error TS7006: Parameter 'error' implicitly has an 'any' type.
src/components/SidePanel/Builder/ImageVision.tsx(2,10): error TS2614: Module '"librechat-data-provider"' has no exported member 'Capabilities'. Did you mean to use 'import Capabilities from "librechat-data-provider"' instead?
src/components/SidePanel/Builder/Knowledge.tsx(4,3): error TS2614: Module '"librechat-data-provider"' has no exported member 'retrievalMimeTypes'. Did you mean to use 'import retrievalMimeTypes from "librechat-data-provider"' instead?
src/components/SidePanel/Builder/Knowledge.tsx(7,15): error TS2724: '"librechat-data-provider"' has no exported member named 'AssistantsEndpoint'. Did you mean 'isAssistantsEndpoint'?
src/components/SidePanel/Builder/Knowledge.tsx(7,35): error TS2724: '"librechat-data-provider"' has no exported member named 'EndpointFileConfig'. Did you mean 'TEndpointsConfig'?
src/components/SidePanel/Builder/Knowledge.tsx(93,38): error TS7006: Parameter 'regex' implicitly has an 'any' type.
src/components/SidePanel/Builder/Knowledge.tsx(103,39): error TS7006: Parameter 'regex' implicitly has an 'any' type.
src/components/SidePanel/Builder/MCP.tsx(3,15): error TS2614: Module '"librechat-data-provider"' has no exported member 'MCP'. Did you mean to use 'import MCP from "librechat-data-provider"' instead?
src/components/SidePanel/Builder/MCPAuth.tsx(4,3): error TS2614: Module '"librechat-data-provider"' has no exported member 'AuthorizationTypeEnum'. Did you mean to use 'import AuthorizationTypeEnum from "librechat-data-provider"' instead?
src/components/SidePanel/Builder/MCPAuth.tsx(5,3): error TS2614: Module '"librechat-data-provider"' has no exported member 'TokenExchangeMethodEnum'. Did you mean to use 'import TokenExchangeMethodEnum from "librechat-data-provider"' instead?
src/components/SidePanel/Builder/MCPAuth.tsx(6,3): error TS2614: Module '"librechat-data-provider"' has no exported member 'AuthTypeEnum'. Did you mean to use 'import AuthTypeEnum from "librechat-data-provider"' instead?
src/components/SidePanel/Builder/MCPAuth.tsx(38,27): error TS2345: Argument of type '""' is not assignable to parameter of type 'never'.
src/components/SidePanel/Builder/MCPAuth.tsx(39,38): error TS2345: Argument of type 'any' is not assignable to parameter of type 'never'.
src/components/SidePanel/Builder/MCPAuth.tsx(40,38): error TS2345: Argument of type '""' is not assignable to parameter of type 'never'.
src/components/SidePanel/Builder/MCPAuth.tsx(41,35): error TS2345: Argument of type '""' is not assignable to parameter of type 'never'.
src/components/SidePanel/Builder/MCPAuth.tsx(42,39): error TS2345: Argument of type '""' is not assignable to parameter of type 'never'.
src/components/SidePanel/Builder/MCPAuth.tsx(43,37): error TS2345: Argument of type '""' is not assignable to parameter of type 'never'.
src/components/SidePanel/Builder/MCPAuth.tsx(44,30): error TS2345: Argument of type '""' is not assignable to parameter of type 'never'.
src/components/SidePanel/Builder/MCPAuth.tsx(45,25): error TS2345: Argument of type '""' is not assignable to parameter of type 'never'.
src/components/SidePanel/Builder/MCPAuth.tsx(46,41): error TS2345: Argument of type 'any' is not assignable to parameter of type 'never'.
src/components/SidePanel/Builder/PanelSwitch.tsx(3,15): error TS2614: Module '"librechat-data-provider"' has no exported member 'Action'. Did you mean to use 'import Action from "librechat-data-provider"' instead?
src/components/SidePanel/Builder/PanelSwitch.tsx(3,41): error TS2724: '"librechat-data-provider"' has no exported member named 'AssistantsEndpoint'. Did you mean 'isAssistantsEndpoint'?
src/components/SidePanel/Builder/Retrieval.tsx(2,10): error TS2614: Module '"librechat-data-provider"' has no exported member 'Capabilities'. Did you mean to use 'import Capabilities from "librechat-data-provider"' instead?
src/components/SidePanel/Builder/Retrieval.tsx(3,15): error TS2724: '"librechat-data-provider"' has no exported member named 'AssistantsEndpoint'. Did you mean 'isAssistantsEndpoint'?
src/components/SidePanel/Files/Panel.tsx(1,15): error TS2614: Module '"librechat-data-provider"' has no exported member 'TFile'. Did you mean to use 'import TFile from "librechat-data-provider"' instead?
src/components/SidePanel/Files/PanelColumns.tsx(5,15): error TS2614: Module '"librechat-data-provider"' has no exported member 'TFile'. Did you mean to use 'import TFile from "librechat-data-provider"' instead?
src/components/SidePanel/Files/PanelFileCell.tsx(2,15): error TS2614: Module '"librechat-data-provider"' has no exported member 'TFile'. Did you mean to use 'import TFile from "librechat-data-provider"' instead?
src/components/SidePanel/Files/PanelTable.tsx(29,3): error TS2614: Module '"librechat-data-provider"' has no exported member 'checkOpenAIStorage'. Did you mean to use 'import checkOpenAIStorage from "librechat-data-provider"' instead?
src/components/SidePanel/Files/PanelTable.tsx(31,3): error TS2614: Module '"librechat-data-provider"' has no exported member 'megabyte'. Did you mean to use 'import megabyte from "librechat-data-provider"' instead?
src/components/SidePanel/Files/PanelTable.tsx(33,8): error TS2614: Module '"librechat-data-provider"' has no exported member 'TFile'. Did you mean to use 'import TFile from "librechat-data-provider"' instead?
src/components/SidePanel/MCP/MCPPanel.tsx(7,15): error TS2614: Module '"librechat-data-provider"' has no exported member 'TUpdateUserPlugins'. Did you mean to use 'import TUpdateUserPlugins from "librechat-data-provider"' instead?
src/components/SidePanel/MCP/MCPPanel.tsx(53,9): error TS2698: Spread types may only be created from object types.
src/components/SidePanel/MCP/MCPPanel.tsx(54,25): error TS18046: 'config' is of type 'unknown'.
src/components/SidePanel/Memories/AdminSettings.tsx(5,10): error TS2614: Module '"librechat-data-provider"' has no exported member 'Permissions'. Did you mean to use 'import Permissions from "librechat-data-provider"' instead?
src/components/SidePanel/Memories/AdminSettings.tsx(5,23): error TS2614: Module '"librechat-data-provider"' has no exported member 'SystemRoles'. Did you mean to use 'import SystemRoles from "librechat-data-provider"' instead?
src/components/SidePanel/Memories/AdminSettings.tsx(5,36): error TS2614: Module '"librechat-data-provider"' has no exported member 'roleDefaults'. Did you mean to use 'import roleDefaults from "librechat-data-provider"' instead?
src/components/SidePanel/Memories/AdminSettings.tsx(5,50): error TS2614: Module '"librechat-data-provider"' has no exported member 'PermissionTypes'. Did you mean to use 'import PermissionTypes from "librechat-data-provider"' instead?
src/components/SidePanel/Memories/MemoryCreateDialog.tsx(2,10): error TS2614: Module '"librechat-data-provider"' has no exported member 'PermissionTypes'. Did you mean to use 'import PermissionTypes from "librechat-data-provider"' instead?
src/components/SidePanel/Memories/MemoryCreateDialog.tsx(2,27): error TS2614: Module '"librechat-data-provider"' has no exported member 'Permissions'. Did you mean to use 'import Permissions from "librechat-data-provider"' instead?
src/components/SidePanel/Memories/MemoryEditDialog.tsx(2,10): error TS2614: Module '"librechat-data-provider"' has no exported member 'PermissionTypes'. Did you mean to use 'import PermissionTypes from "librechat-data-provider"' instead?
src/components/SidePanel/Memories/MemoryEditDialog.tsx(2,27): error TS2614: Module '"librechat-data-provider"' has no exported member 'Permissions'. Did you mean to use 'import Permissions from "librechat-data-provider"' instead?
src/components/SidePanel/Memories/MemoryViewer.tsx(5,10): error TS2614: Module '"librechat-data-provider"' has no exported member 'SystemRoles'. Did you mean to use 'import SystemRoles from "librechat-data-provider"' instead?
src/components/SidePanel/Memories/MemoryViewer.tsx(5,23): error TS2614: Module '"librechat-data-provider"' has no exported member 'PermissionTypes'. Did you mean to use 'import PermissionTypes from "librechat-data-provider"' instead?
src/components/SidePanel/Memories/MemoryViewer.tsx(5,40): error TS2614: Module '"librechat-data-provider"' has no exported member 'Permissions'. Did you mean to use 'import Permissions from "librechat-data-provider"' instead?
src/components/SidePanel/Parameters/components.tsx(1,10): error TS2614: Module '"librechat-data-provider"' has no exported member 'ComponentTypes'. Did you mean to use 'import ComponentTypes from "librechat-data-provider"' instead?
src/components/SidePanel/Parameters/components.tsx(2,15): error TS2614: Module '"librechat-data-provider"' has no exported member 'DynamicSettingProps'. Did you mean to use 'import DynamicSettingProps from "librechat-data-provider"' instead?
src/components/SidePanel/Parameters/DynamicCheckbox.tsx(2,10): error TS2614: Module '"librechat-data-provider"' has no exported member 'OptionTypes'. Did you mean to use 'import OptionTypes from "librechat-data-provider"' instead?
src/components/SidePanel/Parameters/DynamicCheckbox.tsx(3,15): error TS2614: Module '"librechat-data-provider"' has no exported member 'DynamicSettingProps'. Did you mean to use 'import DynamicSettingProps from "librechat-data-provider"' instead?
src/components/SidePanel/Parameters/DynamicCombobox.tsx(2,15): error TS2614: Module '"librechat-data-provider"' has no exported member 'DynamicSettingProps'. Did you mean to use 'import DynamicSettingProps from "librechat-data-provider"' instead?
src/components/SidePanel/Parameters/DynamicCombobox.tsx(43,34): error TS7006: Parameter 'option' implicitly has an 'any' type.
src/components/SidePanel/Parameters/DynamicDropdown.tsx(2,10): error TS2614: Module '"librechat-data-provider"' has no exported member 'OptionTypes'. Did you mean to use 'import OptionTypes from "librechat-data-provider"' instead?
src/components/SidePanel/Parameters/DynamicDropdown.tsx(4,15): error TS2614: Module '"librechat-data-provider"' has no exported member 'DynamicSettingProps'. Did you mean to use 'import DynamicSettingProps from "librechat-data-provider"' instead?
src/components/SidePanel/Parameters/DynamicInput.tsx(1,10): error TS2614: Module '"librechat-data-provider"' has no exported member 'OptionTypes'. Did you mean to use 'import OptionTypes from "librechat-data-provider"' instead?
src/components/SidePanel/Parameters/DynamicInput.tsx(3,15): error TS2614: Module '"librechat-data-provider"' has no exported member 'DynamicSettingProps'. Did you mean to use 'import DynamicSettingProps from "librechat-data-provider"' instead?
src/components/SidePanel/Parameters/DynamicSlider.tsx(2,10): error TS2614: Module '"librechat-data-provider"' has no exported member 'OptionTypes'. Did you mean to use 'import OptionTypes from "librechat-data-provider"' instead?
src/components/SidePanel/Parameters/DynamicSlider.tsx(3,15): error TS2614: Module '"librechat-data-provider"' has no exported member 'DynamicSettingProps'. Did you mean to use 'import DynamicSettingProps from "librechat-data-provider"' instead?
src/components/SidePanel/Parameters/DynamicSlider.tsx(65,10): error TS7006: Parameter 'acc' implicitly has an 'any' type.
src/components/SidePanel/Parameters/DynamicSlider.tsx(65,15): error TS7006: Parameter 'mapping' implicitly has an 'any' type.
src/components/SidePanel/Parameters/DynamicSlider.tsx(65,24): error TS7006: Parameter 'index' implicitly has an 'any' type.
src/components/SidePanel/Parameters/DynamicSlider.tsx(78,10): error TS7006: Parameter 'acc' implicitly has an 'any' type.
src/components/SidePanel/Parameters/DynamicSlider.tsx(78,15): error TS7006: Parameter 'option' implicitly has an 'any' type.
src/components/SidePanel/Parameters/DynamicSlider.tsx(78,23): error TS7006: Parameter 'index' implicitly has an 'any' type.
src/components/SidePanel/Parameters/DynamicSwitch.tsx(2,15): error TS2614: Module '"librechat-data-provider"' has no exported member 'DynamicSettingProps'. Did you mean to use 'import DynamicSettingProps from "librechat-data-provider"' instead?
src/components/SidePanel/Parameters/DynamicTags.tsx(2,15): error TS2614: Module '"librechat-data-provider"' has no exported member 'DynamicSettingProps'. Did you mean to use 'import DynamicSettingProps from "librechat-data-provider"' instead?
src/components/SidePanel/Parameters/DynamicTags.tsx(71,42): error TS7006: Parameter '_' implicitly has an 'any' type.
src/components/SidePanel/Parameters/DynamicTags.tsx(71,45): error TS7006: Parameter 'index' implicitly has an 'any' type.
src/components/SidePanel/Parameters/DynamicTextarea.tsx(1,10): error TS2614: Module '"librechat-data-provider"' has no exported member 'OptionTypes'. Did you mean to use 'import OptionTypes from "librechat-data-provider"' instead?
src/components/SidePanel/Parameters/DynamicTextarea.tsx(2,15): error TS2614: Module '"librechat-data-provider"' has no exported member 'DynamicSettingProps'. Did you mean to use 'import DynamicSettingProps from "librechat-data-provider"' instead?
src/components/SidePanel/Parameters/Panel.tsx(5,3): error TS2614: Module '"librechat-data-provider"' has no exported member 'excludedKeys'. Did you mean to use 'import excludedKeys from "librechat-data-provider"' instead?
src/components/SidePanel/Parameters/Panel.tsx(6,3): error TS2614: Module '"librechat-data-provider"' has no exported member 'paramSettings'. Did you mean to use 'import paramSettings from "librechat-data-provider"' instead?
src/components/SidePanel/Parameters/Panel.tsx(7,3): error TS2614: Module '"librechat-data-provider"' has no exported member 'getSettingsKeys'. Did you mean to use 'import getSettingsKeys from "librechat-data-provider"' instead?
src/components/SidePanel/Parameters/Panel.tsx(8,3): error TS2614: Module '"librechat-data-provider"' has no exported member 'SettingDefinition'. Did you mean to use 'import SettingDefinition from "librechat-data-provider"' instead?
src/components/SidePanel/Parameters/Panel.tsx(9,3): error TS2614: Module '"librechat-data-provider"' has no exported member 'tConvoUpdateSchema'. Did you mean to use 'import tConvoUpdateSchema from "librechat-data-provider"' instead?
src/components/SidePanel/Parameters/Panel.tsx(48,8): error TS7006: Parameter 'param' implicitly has an 'any' type.
src/components/SidePanel/Parameters/Panel.tsx(67,22): error TS7006: Parameter 'prev' implicitly has an 'any' type.
src/components/SidePanel/Parameters/Panel.tsx(105,22): error TS7006: Parameter 'prev' implicitly has an 'any' type.
src/components/SidePanel/SidePanel.tsx(4,33): error TS2614: Module '"librechat-data-provider"' has no exported member 'TInterfaceConfig'. Did you mean to use 'import TInterfaceConfig from "librechat-data-provider"' instead?
src/components/SidePanel/SidePanelGroup.tsx(4,10): error TS2614: Module '"librechat-data-provider"' has no exported member 'getConfigDefaults'. Did you mean to use 'import getConfigDefaults from "librechat-data-provider"' instead?
src/components/svg/FileIcon.tsx(1,15): error TS2614: Module '"librechat-data-provider"' has no exported member 'TFile'. Did you mean to use 'import TFile from "librechat-data-provider"' instead?
src/components/Tools/AssistantToolsDialog.tsx(8,3): error TS2724: '"librechat-data-provider"' has no exported member named 'AssistantsEndpoint'. Did you mean 'isAssistantsEndpoint'?
src/components/Tools/AssistantToolsDialog.tsx(10,3): error TS2614: Module '"librechat-data-provider"' has no exported member 'TPluginAction'. Did you mean to use 'import TPluginAction from "librechat-data-provider"' instead?
src/components/Tools/AssistantToolsDialog.tsx(11,3): error TS2614: Module '"librechat-data-provider"' has no exported member 'TError'. Did you mean to use 'import TError from "librechat-data-provider"' instead?
src/components/Tools/AssistantToolsDialog.tsx(25,34): error TS2503: Cannot find namespace 'EModelEndpoint'.
src/components/Tools/ToolItem.tsx(2,24): error TS2614: Module '"librechat-data-provider"' has no exported member 'AgentToolType'. Did you mean to use 'import AgentToolType from "librechat-data-provider"' instead?
src/components/Tools/ToolSelectDialog.tsx(8,3): error TS2724: '"librechat-data-provider"' has no exported member named 'AssistantsEndpoint'. Did you mean 'isAssistantsEndpoint'?
src/components/Tools/ToolSelectDialog.tsx(10,3): error TS2614: Module '"librechat-data-provider"' has no exported member 'TPluginAction'. Did you mean to use 'import TPluginAction from "librechat-data-provider"' instead?
src/components/Tools/ToolSelectDialog.tsx(11,3): error TS2614: Module '"librechat-data-provider"' has no exported member 'AgentToolType'. Did you mean to use 'import AgentToolType from "librechat-data-provider"' instead?
src/components/Tools/ToolSelectDialog.tsx(12,3): error TS2614: Module '"librechat-data-provider"' has no exported member 'TError'. Did you mean to use 'import TError from "librechat-data-provider"' instead?
src/components/Tools/ToolSelectDialog.tsx(26,34): error TS2503: Cannot find namespace 'EModelEndpoint'.
src/components/Tools/ToolSelectDialog.tsx(85,25): error TS2345: Argument of type 'string[]' is not assignable to parameter of type 'never'.
src/components/Tools/ToolSelectDialog.tsx(106,51): error TS7006: Parameter 'sub' implicitly has an 'any' type.
src/components/Tools/ToolSelectDialog.tsx(115,33): error TS2339: Property 'filter' does not exist on type 'never'.
src/components/Tools/ToolSelectDialog.tsx(115,41): error TS7006: Parameter 'toolId' implicitly has an 'any' type.
src/components/Tools/ToolSelectDialog.tsx(116,29): error TS2345: Argument of type 'any' is not assignable to parameter of type 'never'.
src/components/Tools/ToolSelectDialog.tsx(155,33): error TS7006: Parameter 'childTool' implicitly has an 'any' type.
src/components/Tools/ToolSelectDialog.tsx(270,58): error TS2339: Property 'includes' does not exist on type 'never'.
src/components/ui/Section.tsx(88,7): error TS2590: Expression produces a union type that is too complex to represent.
src/components/ui/TermsAndConditionsModal.tsx(3,15): error TS2614: Module '"librechat-data-provider"' has no exported member 'TTermsOfService'. Did you mean to use 'import TTermsOfService from "librechat-data-provider"' instead?
src/components/Web/Context.tsx(2,15): error TS2614: Module '"librechat-data-provider"' has no exported member 'SearchRefType'. Did you mean to use 'import SearchRefType from "librechat-data-provider"' instead?
src/components/Web/Context.tsx(2,30): error TS2614: Module '"librechat-data-provider"' has no exported member 'ValidSource'. Did you mean to use 'import ValidSource from "librechat-data-provider"' instead?
src/components/Web/Context.tsx(2,43): error TS2614: Module '"librechat-data-provider"' has no exported member 'ResultReference'. Did you mean to use 'import ResultReference from "librechat-data-provider"' instead?
src/components/Web/Sources.tsx(13,15): error TS2614: Module '"librechat-data-provider"' has no exported member 'ValidSource'. Did you mean to use 'import ValidSource from "librechat-data-provider"' instead?
src/components/Web/Sources.tsx(13,28): error TS2614: Module '"librechat-data-provider"' has no exported member 'ImageResult'. Did you mean to use 'import ImageResult from "librechat-data-provider"' instead?
src/components/Web/Sources.tsx(302,33): error TS7006: Parameter 'source' implicitly has an 'any' type.
src/components/Web/Sources.tsx(309,36): error TS7006: Parameter 'source' implicitly has an 'any' type.
src/components/Web/Sources.tsx(323,36): error TS7006: Parameter 'source' implicitly has an 'any' type.
src/components/Web/Sources.tsx(330,32): error TS7006: Parameter 'image' implicitly has an 'any' type.
src/components/Web/types.ts(1,15): error TS2614: Module '"librechat-data-provider"' has no exported member 'SearchRefType'. Did you mean to use 'import SearchRefType from "librechat-data-provider"' instead?
src/data-provider/Agents/mutations.ts(14,15): error TS2724: '"librechat-data-provider"' has no exported member named 'CreateAgentMutationOptions'. Did you mean 'CreateAssistantMutationOptions'?
src/data-provider/Agents/mutations.ts(15,40): error TS2694: Namespace '"librechat-data-provider"' has no exported member 'AgentCreateParams'.
src/data-provider/Agents/mutations.ts(17,39): error TS2694: Namespace '"librechat-data-provider"' has no exported member 'AgentCreateParams'.
src/data-provider/Agents/mutations.ts(21,50): error TS2724: '"librechat-data-provider"' has no exported member named 'AgentListResponse'. Did you mean 'TGenTitleResponse'?
src/data-provider/Agents/mutations.ts(32,34): error TS2724: '"librechat-data-provider"' has no exported member named 'AgentListResponse'. Did you mean 'TGenTitleResponse'?
src/data-provider/Agents/mutations.ts(45,15): error TS2724: '"librechat-data-provider"' has no exported member named 'UpdateAgentMutationOptions'. Did you mean 'UpdateAssistantMutationOptions'?
src/data-provider/Agents/mutations.ts(46,66): error TS2694: Namespace '"librechat-data-provider"' has no exported member 'AgentUpdateParams'.
src/data-provider/Agents/mutations.ts(49,54): error TS2694: Namespace '"librechat-data-provider"' has no exported member 'AgentUpdateParams'.
src/data-provider/Agents/mutations.ts(61,52): error TS2724: '"librechat-data-provider"' has no exported member named 'AgentListResponse'. Did you mean 'TGenTitleResponse'?
src/data-provider/Agents/mutations.ts(70,36): error TS2724: '"librechat-data-provider"' has no exported member named 'AgentListResponse'. Did you mean 'TGenTitleResponse'?
src/data-provider/Agents/mutations.ts(72,35): error TS7006: Parameter 'agent' implicitly has an 'any' type.
src/data-provider/Agents/mutations.ts(91,15): error TS2724: '"librechat-data-provider"' has no exported member named 'DeleteAgentMutationOptions'. Did you mean 'DeleteAssistantMutationOptions'?
src/data-provider/Agents/mutations.ts(92,37): error TS2694: Namespace '"librechat-data-provider"' has no exported member 'DeleteAgentBody'.
src/data-provider/Agents/mutations.ts(95,22): error TS2694: Namespace '"librechat-data-provider"' has no exported member 'DeleteAgentBody'.
src/data-provider/Agents/mutations.ts(102,52): error TS2724: '"librechat-data-provider"' has no exported member named 'AgentListResponse'. Did you mean 'TGenTitleResponse'?
src/data-provider/Agents/mutations.ts(111,43): error TS7006: Parameter 'agent' implicitly has an 'any' type.
src/data-provider/Agents/mutations.ts(113,36): error TS2724: '"librechat-data-provider"' has no exported member named 'AgentListResponse'. Did you mean 'TGenTitleResponse'?
src/data-provider/Agents/mutations.ts(130,15): error TS2694: Namespace '"librechat-data-provider"' has no exported member 'DuplicateAgentMutationOptions'.
src/data-provider/Agents/mutations.ts(131,51): error TS2694: Namespace '"librechat-data-provider"' has no exported member 'Action'.
src/data-provider/Agents/mutations.ts(131,72): error TS2694: Namespace '"librechat-data-provider"' has no exported member 'DuplicateAgentBody'.
src/data-provider/Agents/mutations.ts(134,51): error TS2694: Namespace '"librechat-data-provider"' has no exported member 'Action'.
src/data-provider/Agents/mutations.ts(134,72): error TS2694: Namespace '"librechat-data-provider"' has no exported member 'DuplicateAgentBody'.
src/data-provider/Agents/mutations.ts(135,16): error TS2694: Namespace '"librechat-data-provider"' has no exported member 'DuplicateAgentBody'.
src/data-provider/Agents/mutations.ts(140,52): error TS2724: '"librechat-data-provider"' has no exported member named 'AgentListResponse'. Did you mean 'TGenTitleResponse'?
src/data-provider/Agents/mutations.ts(147,38): error TS2724: '"librechat-data-provider"' has no exported member named 'AgentListResponse'. Did you mean 'TGenTitleResponse'?
src/data-provider/Agents/mutations.ts(153,60): error TS2694: Namespace '"librechat-data-provider"' has no exported member 'Action'.
src/data-provider/Agents/mutations.ts(155,36): error TS2694: Namespace '"librechat-data-provider"' has no exported member 'Action'.
src/data-provider/Agents/mutations.ts(167,15): error TS2724: '"librechat-data-provider"' has no exported member named 'UploadAgentAvatarOptions'. Did you mean 'UploadAvatarOptions'?
src/data-provider/Agents/mutations.ts(171,5): error TS2724: '"librechat-data-provider"' has no exported member named 'AgentAvatarVariables'. Did you mean 'AssistantAvatarVariables'?
src/data-provider/Agents/mutations.ts(175,52): error TS2724: '"librechat-data-provider"' has no exported member named 'AgentAvatarVariables'. Did you mean 'AssistantAvatarVariables'?
src/data-provider/Agents/mutations.ts(185,15): error TS2724: '"librechat-data-provider"' has no exported member named 'UpdateAgentActionOptions'. Did you mean 'UpdateActionOptions'?
src/data-provider/Agents/mutations.ts(187,5): error TS2724: '"librechat-data-provider"' has no exported member named 'UpdateAgentActionResponse'. Did you mean 'UpdateActionResponse'?
src/data-provider/Agents/mutations.ts(189,5): error TS2724: '"librechat-data-provider"' has no exported member named 'UpdateAgentActionVariables'. Did you mean 'UpdateActionVariables'?
src/data-provider/Agents/mutations.ts(194,31): error TS2724: '"librechat-data-provider"' has no exported member named 'UpdateAgentActionVariables'. Did you mean 'UpdateActionVariables'?
src/data-provider/Agents/mutations.ts(200,50): error TS2724: '"librechat-data-provider"' has no exported member named 'AgentListResponse'. Did you mean 'TGenTitleResponse'?
src/data-provider/Agents/mutations.ts(211,34): error TS2724: '"librechat-data-provider"' has no exported member named 'AgentListResponse'. Did you mean 'TGenTitleResponse'?
src/data-provider/Agents/mutations.ts(213,33): error TS7006: Parameter 'agent' implicitly has an 'any' type.
src/data-provider/Agents/mutations.ts(221,34): error TS2694: Namespace '"librechat-data-provider"' has no exported member 'Action'.
src/data-provider/Agents/mutations.ts(249,15): error TS2724: '"librechat-data-provider"' has no exported member named 'DeleteAgentActionOptions'. Did you mean 'DeleteActionOptions'?
src/data-provider/Agents/mutations.ts(250,37): error TS2724: '"librechat-data-provider"' has no exported member named 'DeleteAgentActionVariables'. Did you mean 'DeleteActionVariables'?
src/data-provider/Agents/mutations.ts(253,31): error TS2724: '"librechat-data-provider"' has no exported member named 'DeleteAgentActionVariables'. Did you mean 'DeleteActionVariables'?
src/data-provider/Agents/mutations.ts(263,34): error TS2694: Namespace '"librechat-data-provider"' has no exported member 'Action'.
src/data-provider/Agents/mutations.ts(270,34): error TS2724: '"librechat-data-provider"' has no exported member named 'AgentListResponse'. Did you mean 'TGenTitleResponse'?
src/data-provider/Agents/mutations.ts(272,10): error TS7006: Parameter 'prev' implicitly has an 'any' type.
src/data-provider/Agents/mutations.ts(279,34): error TS7006: Parameter 'agent' implicitly has an 'any' type.
src/data-provider/Agents/mutations.ts(283,47): error TS7006: Parameter 'tool' implicitly has an 'any' type.
src/data-provider/Agents/mutations.ts(292,81): error TS7006: Parameter 'prev' implicitly has an 'any' type.
src/data-provider/Agents/mutations.ts(299,38): error TS7006: Parameter 'tool' implicitly has an 'any' type.
src/data-provider/Agents/mutations.ts(311,15): error TS2694: Namespace '"librechat-data-provider"' has no exported member 'RevertAgentVersionOptions'.
src/data-provider/Agents/mutations.ts(327,52): error TS2724: '"librechat-data-provider"' has no exported member named 'AgentListResponse'. Did you mean 'TGenTitleResponse'?
src/data-provider/Agents/mutations.ts(333,38): error TS2724: '"librechat-data-provider"' has no exported member named 'AgentListResponse'. Did you mean 'TGenTitleResponse'?
src/data-provider/Agents/mutations.ts(335,37): error TS7006: Parameter 'agent' implicitly has an 'any' type.
src/data-provider/Agents/queries.ts(13,68): error TS2503: Cannot find namespace 't'.
src/data-provider/Agents/queries.ts(15,52): error TS2503: Cannot find namespace 't'.
src/data-provider/Agents/queries.ts(18,19): error TS2503: Cannot find namespace 't'.
src/data-provider/Agents/queries.ts(29,44): error TS2503: Cannot find namespace 't'.
src/data-provider/Agents/queries.ts(30,11): error TS2503: Cannot find namespace 't'.
src/data-provider/Agents/queries.ts(31,28): error TS2503: Cannot find namespace 't'.
src/data-provider/Agents/queries.ts(34,52): error TS2503: Cannot find namespace 't'.
src/data-provider/Agents/queries.ts(37,19): error TS2503: Cannot find namespace 't'.
src/data-provider/Agents/queries.ts(61,28): error TS2503: Cannot find namespace 't'.
src/data-provider/Agents/queries.ts(62,24): error TS2503: Cannot find namespace 't'.
src/data-provider/Agents/queries.ts(63,19): error TS2503: Cannot find namespace 't'.
src/data-provider/Auth/mutations.ts(12,15): error TS2694: Namespace '"librechat-data-provider"' has no exported member 'LogoutOptions'.
src/data-provider/Auth/mutations.ts(13,24): error TS2694: Namespace '"librechat-data-provider"' has no exported member 'TLogoutResponse'.
src/data-provider/Auth/mutations.ts(33,13): error TS2707: Generic type 'MutationOptions' requires between 0 and 2 type arguments.
src/data-provider/Auth/mutations.ts(33,33): error TS2694: Namespace '"librechat-data-provider"' has no exported member 'TLoginResponse'.
src/data-provider/Auth/mutations.ts(33,51): error TS2694: Namespace '"librechat-data-provider"' has no exported member 'TLoginUser'.
src/data-provider/Auth/mutations.ts(34,24): error TS2694: Namespace '"librechat-data-provider"' has no exported member 'TLoginResponse'.
src/data-provider/Auth/mutations.ts(34,51): error TS2694: Namespace '"librechat-data-provider"' has no exported member 'TLoginUser'.
src/data-provider/Auth/mutations.ts(40,29): error TS2694: Namespace '"librechat-data-provider"' has no exported member 'TLoginUser'.
src/data-provider/Auth/mutations.ts(56,13): error TS2707: Generic type 'MutationOptions' requires between 0 and 2 type arguments.
src/data-provider/Auth/mutations.ts(56,33): error TS2694: Namespace '"librechat-data-provider"' has no exported member 'TRefreshTokenResponse'.
src/data-provider/Auth/mutations.ts(57,24): error TS2694: Namespace '"librechat-data-provider"' has no exported member 'TRefreshTokenResponse'.
src/data-provider/Auth/mutations.ts(93,5): error TS2694: Namespace '"librechat-data-provider"' has no exported member 'TEnable2FAResponse'.
src/data-provider/Auth/mutations.ts(107,5): error TS2724: '"librechat-data-provider"' has no exported member named 'TVerify2FAResponse'. Did you mean 'VerifyEmailResponse'?
src/data-provider/Auth/mutations.ts(109,5): error TS2694: Namespace '"librechat-data-provider"' has no exported member 'TVerify2FARequest'.
src/data-provider/Auth/mutations.ts(113,34): error TS2694: Namespace '"librechat-data-provider"' has no exported member 'TVerify2FARequest'.
src/data-provider/Auth/mutations.ts(121,5): error TS2724: '"librechat-data-provider"' has no exported member named 'TVerify2FAResponse'. Did you mean 'VerifyEmailResponse'?
src/data-provider/Auth/mutations.ts(123,5): error TS2694: Namespace '"librechat-data-provider"' has no exported member 'TVerify2FARequest'.
src/data-provider/Auth/mutations.ts(127,34): error TS2694: Namespace '"librechat-data-provider"' has no exported member 'TVerify2FARequest'.
src/data-provider/Auth/mutations.ts(135,5): error TS2694: Namespace '"librechat-data-provider"' has no exported member 'TDisable2FAResponse'.
src/data-provider/Auth/mutations.ts(149,5): error TS2694: Namespace '"librechat-data-provider"' has no exported member 'TRegenerateBackupCodesResponse'.
src/data-provider/Auth/mutations.ts(163,13): error TS2707: Generic type 'MutationOptions' requires between 0 and 2 type arguments.
src/data-provider/Auth/mutations.ts(163,33): error TS2694: Namespace '"librechat-data-provider"' has no exported member 'TVerify2FATempResponse'.
src/data-provider/Auth/mutations.ts(163,59): error TS2694: Namespace '"librechat-data-provider"' has no exported member 'TVerify2FATempRequest'.
src/data-provider/Auth/mutations.ts(164,24): error TS2694: Namespace '"librechat-data-provider"' has no exported member 'TVerify2FATempResponse'.
src/data-provider/Auth/mutations.ts(164,59): error TS2694: Namespace '"librechat-data-provider"' has no exported member 'TVerify2FATempRequest'.
src/data-provider/Auth/mutations.ts(167,17): error TS2694: Namespace '"librechat-data-provider"' has no exported member 'TVerify2FATempRequest'.
src/data-provider/Auth/queries.ts(9,28): error TS2503: Cannot find namespace 't'.
src/data-provider/Auth/queries.ts(10,24): error TS2503: Cannot find namespace 't'.
src/data-provider/Auth/queries.ts(12,19): error TS2503: Cannot find namespace 't'.
src/data-provider/Endpoints/queries.ts(8,46): error TS2503: Cannot find namespace 't'.
src/data-provider/Endpoints/queries.ts(9,28): error TS2503: Cannot find namespace 't'.
src/data-provider/Endpoints/queries.ts(12,19): error TS2503: Cannot find namespace 't'.
src/data-provider/Endpoints/queries.ts(27,28): error TS2503: Cannot find namespace 't'.
src/data-provider/Endpoints/queries.ts(28,24): error TS2503: Cannot find namespace 't'.
src/data-provider/Endpoints/queries.ts(30,19): error TS2503: Cannot find namespace 't'.
src/data-provider/Files/mutations.ts(2,10): error TS2614: Module '"librechat-data-provider"' has no exported member 'EToolResources'. Did you mean to use 'import EToolResources from "librechat-data-provider"' instead?
src/data-provider/Files/mutations.ts(16,16): error TS2724: '"librechat-data-provider"' has no exported member named 'UploadMutationOptions'. Did you mean 'MutationOptions'?
src/data-provider/Files/mutations.ts(19,5): error TS2694: Namespace '"librechat-data-provider"' has no exported member 'TFileUpload'.
src/data-provider/Files/mutations.ts(44,34): error TS2694: Namespace '"librechat-data-provider"' has no exported member 'TFile'.
src/data-provider/Files/mutations.ts(61,73): error TS7006: Parameter 'agent' implicitly has an 'any' type.
src/data-provider/Files/mutations.ts(68,33): error TS2694: Namespace '"librechat-data-provider"' has no exported member 'ExecuteCodeResource'.
src/data-provider/Files/mutations.ts(68,57): error TS2694: Namespace '"librechat-data-provider"' has no exported member 'AgentFileResource'.
src/data-provider/Files/mutations.ts(77,11): error TS7053: Element implicitly has an 'any' type because expression of type '"tool_resources"' can't be used to index type '{}'.
  Property 'tool_resources' does not exist on type '{}'.
src/data-provider/Files/mutations.ts(82,13): error TS7053: Element implicitly has an 'any' type because expression of type '"tools"' can't be used to index type '{}'.
  Property 'tools' does not exist on type '{}'.
src/data-provider/Files/mutations.ts(96,34): error TS2694: Namespace '"librechat-data-provider"' has no exported member 'AssistantListResponse'.
src/data-provider/Files/mutations.ts(98,10): error TS7006: Parameter 'prev' implicitly has an 'any' type.
src/data-provider/Files/mutations.ts(105,34): error TS7006: Parameter 'assistant' implicitly has an 'any' type.
src/data-provider/Files/mutations.ts(112,17): error TS7053: Element implicitly has an 'any' type because expression of type '"file_ids"' can't be used to index type '{}'.
  Property 'file_ids' does not exist on type '{}'.
src/data-provider/Files/mutations.ts(123,17): error TS7053: Element implicitly has an 'any' type because expression of type '"tool_resources"' can't be used to index type '{}'.
  Property 'tool_resources' does not exist on type '{}'.
src/data-provider/Files/mutations.ts(142,16): error TS2724: '"librechat-data-provider"' has no exported member named 'DeleteMutationOptions'. Did you mean 'DeleteActionOptions'?
src/data-provider/Files/mutations.ts(144,5): error TS2694: Namespace '"librechat-data-provider"' has no exported member 'DeleteFilesResponse'.
src/data-provider/Files/mutations.ts(146,5): error TS2694: Namespace '"librechat-data-provider"' has no exported member 'DeleteFilesBody'.
src/data-provider/Files/mutations.ts(154,26): error TS2694: Namespace '"librechat-data-provider"' has no exported member 'DeleteFilesBody'.
src/data-provider/Files/mutations.ts(169,34): error TS2694: Namespace '"librechat-data-provider"' has no exported member 'TFile'.
src/data-provider/Files/mutations.ts(172,46): error TS7006: Parameter 'acc' implicitly has an 'any' type.
src/data-provider/Files/mutations.ts(172,51): error TS7006: Parameter 'file' implicitly has an 'any' type.
src/data-provider/Files/mutations.ts(175,30): error TS2694: Namespace '"librechat-data-provider"' has no exported member 'BatchFile'.
src/data-provider/Files/queries.ts(9,37): error TS2503: Cannot find namespace 't'.
src/data-provider/Files/queries.ts(10,28): error TS2503: Cannot find namespace 't'.
src/data-provider/Files/queries.ts(13,19): error TS2503: Cannot find namespace 't'.
src/data-provider/Files/queries.ts(22,42): error TS2503: Cannot find namespace 't'.
src/data-provider/Files/queries.ts(24,28): error TS2503: Cannot find namespace 't'.
src/data-provider/Files/queries.ts(27,19): error TS2503: Cannot find namespace 't'.
src/data-provider/Files/queries.ts(40,42): error TS2503: Cannot find namespace 't'.
src/data-provider/Files/queries.ts(41,28): error TS2503: Cannot find namespace 't'.
src/data-provider/Files/queries.ts(43,19): error TS2503: Cannot find namespace 't'.
src/data-provider/Files/queries.ts(68,25): error TS2503: Cannot find namespace 't'.
src/data-provider/Memories/queries.ts(89,75): error TS7006: Parameter 'oldData' implicitly has an 'any' type.
src/data-provider/Messages/mutations.ts(7,16): error TS2694: Namespace '"librechat-data-provider"' has no exported member 'EditArtifactOptions'.
src/data-provider/Messages/mutations.ts(8,24): error TS2694: Namespace '"librechat-data-provider"' has no exported member 'TEditArtifactResponse'.
src/data-provider/Messages/mutations.ts(8,56): error TS2694: Namespace '"librechat-data-provider"' has no exported member 'TEditArtifactRequest'.
src/data-provider/Messages/mutations.ts(12,31): error TS2694: Namespace '"librechat-data-provider"' has no exported member 'TEditArtifactRequest'.
src/data-provider/Misc/queries.ts(9,28): error TS2503: Cannot find namespace 't'.
src/data-provider/Misc/queries.ts(10,24): error TS2503: Cannot find namespace 't'.
src/data-provider/Misc/queries.ts(12,19): error TS2503: Cannot find namespace 't'.
src/data-provider/Misc/queries.ts(22,28): error TS2503: Cannot find namespace 't'.
src/data-provider/Misc/queries.ts(23,24): error TS2503: Cannot find namespace 't'.
src/data-provider/Misc/queries.ts(25,19): error TS2503: Cannot find namespace 't'.
src/data-provider/mutations.ts(115,49): error TS2749: 'ConversationListResponse' refers to a value, but is being used as a type here. Did you mean 'typeof ConversationListResponse'?
src/data-provider/mutations.ts(138,24): error TS7006: Parameter 'conv' implicitly has an 'any' type.
src/data-provider/mutations.ts(244,36): error TS2694: Namespace '"librechat-data-provider"' has no exported member 'SharedLinkQueryData'.
src/data-provider/mutations.ts(244,74): error TS7006: Parameter 'old' implicitly has an 'any' type.
src/data-provider/mutations.ts(249,47): error TS7006: Parameter 'page' implicitly has an 'any' type.
src/data-provider/mutations.ts(251,39): error TS7006: Parameter 'link' implicitly has an 'any' type.
src/data-provider/mutations.ts(254,54): error TS7006: Parameter 'page' implicitly has an 'any' type.
src/data-provider/mutations.ts(306,48): error TS7006: Parameter '_data' implicitly has an 'any' type.
src/data-provider/mutations.ts(306,55): error TS7006: Parameter 'vars' implicitly has an 'any' type.
src/data-provider/mutations.ts(307,32): error TS2724: '"librechat-data-provider"' has no exported member named 'TConversationTag'. Did you mean 'TConversation'?
src/data-provider/mutations.ts(317,16): error TS2724: '"librechat-data-provider"' has no exported member named 'TConversationTag'. Did you mean 'TConversation'?
src/data-provider/mutations.ts(387,56): error TS2749: 'ConversationListResponse' refers to a value, but is being used as a type here. Did you mean 'typeof ConversationListResponse'?
src/data-provider/mutations.ts(394,70): error TS2749: 'ConversationListResponse' refers to a value, but is being used as a type here. Did you mean 'typeof ConversationListResponse'?
src/data-provider/mutations.ts(397,52): error TS7006: Parameter 'conversation' implicitly has an 'any' type.
src/data-provider/mutations.ts(410,43): error TS2749: 'ConversationListResponse' refers to a value, but is being used as a type here. Did you mean 'typeof ConversationListResponse'?
src/data-provider/mutations.ts(444,34): error TS2724: '"librechat-data-provider"' has no exported member named 'TConversationTag'. Did you mean 'TConversation'?
src/data-provider/mutations.ts(491,49): error TS2749: 'ConversationListResponse' refers to a value, but is being used as a type here. Did you mean 'typeof ConversationListResponse'?
src/data-provider/mutations.ts(503,24): error TS7006: Parameter 'conv' implicitly has an 'any' type.
src/data-provider/mutations.ts(706,52): error TS2694: Namespace '"librechat-data-provider"' has no exported member 'AssistantListResponse'.
src/data-provider/mutations.ts(718,36): error TS2694: Namespace '"librechat-data-provider"' has no exported member 'AssistantListResponse'.
src/data-provider/mutations.ts(758,52): error TS2694: Namespace '"librechat-data-provider"' has no exported member 'AssistantListResponse'.
src/data-provider/mutations.ts(768,36): error TS2694: Namespace '"librechat-data-provider"' has no exported member 'AssistantDocument'.
src/data-provider/mutations.ts(787,36): error TS2694: Namespace '"librechat-data-provider"' has no exported member 'AssistantListResponse'.
src/data-provider/mutations.ts(791,37): error TS7006: Parameter 'assistant' implicitly has an 'any' type.
src/data-provider/mutations.ts(822,52): error TS2694: Namespace '"librechat-data-provider"' has no exported member 'AssistantListResponse'.
src/data-provider/mutations.ts(832,43): error TS7006: Parameter 'assistant' implicitly has an 'any' type.
src/data-provider/mutations.ts(834,36): error TS2694: Namespace '"librechat-data-provider"' has no exported member 'AssistantListResponse'.
src/data-provider/mutations.ts(884,50): error TS2694: Namespace '"librechat-data-provider"' has no exported member 'AssistantListResponse'.
src/data-provider/mutations.ts(896,34): error TS2694: Namespace '"librechat-data-provider"' has no exported member 'AssistantListResponse'.
src/data-provider/mutations.ts(900,35): error TS7006: Parameter 'assistant' implicitly has an 'any' type.
src/data-provider/mutations.ts(909,34): error TS2694: Namespace '"librechat-data-provider"' has no exported member 'Action'.
src/data-provider/mutations.ts(954,34): error TS2694: Namespace '"librechat-data-provider"' has no exported member 'Action'.
src/data-provider/mutations.ts(961,34): error TS2694: Namespace '"librechat-data-provider"' has no exported member 'AssistantListResponse'.
src/data-provider/mutations.ts(963,10): error TS7006: Parameter 'prev' implicitly has an 'any' type.
src/data-provider/mutations.ts(970,34): error TS7006: Parameter 'assistant' implicitly has an 'any' type.
src/data-provider/mutations.ts(975,22): error TS7006: Parameter 'tool' implicitly has an 'any' type.
src/data-provider/mutations.ts(1021,34): error TS2694: Namespace '"librechat-data-provider"' has no exported member 'TUserTermsResponse'.
src/data-provider/prompts.ts(18,13): error TS2503: Cannot find namespace 't'.
src/data-provider/prompts.ts(20,3): error TS2503: Cannot find namespace 't'.
src/data-provider/prompts.ts(22,3): error TS2503: Cannot find namespace 't'.
src/data-provider/prompts.ts(32,29): error TS2503: Cannot find namespace 't'.
src/data-provider/prompts.ts(34,27): error TS2503: Cannot find namespace 't'.
src/data-provider/prompts.ts(35,50): error TS2503: Cannot find namespace 't'.
src/data-provider/prompts.ts(41,54): error TS2503: Cannot find namespace 't'.
src/data-provider/prompts.ts(52,54): error TS7006: Parameter 'id' implicitly has an 'any' type.
src/data-provider/prompts.ts(65,34): error TS2503: Cannot find namespace 't'.
src/data-provider/prompts.ts(82,34): error TS2503: Cannot find namespace 't'.
src/data-provider/prompts.ts(101,13): error TS2503: Cannot find namespace 't'.
src/data-provider/prompts.ts(102,22): error TS2503: Cannot find namespace 't'.
src/data-provider/prompts.ts(102,56): error TS2503: Cannot find namespace 't'.
src/data-provider/prompts.ts(110,27): error TS2503: Cannot find namespace 't'.
src/data-provider/prompts.ts(116,19): error TS2503: Cannot find namespace 't'.
src/data-provider/prompts.ts(122,34): error TS2503: Cannot find namespace 't'.
src/data-provider/prompts.ts(124,12): error TS7006: Parameter 'data' implicitly has an 'any' type.
src/data-provider/prompts.ts(143,13): error TS2503: Cannot find namespace 't'.
src/data-provider/prompts.ts(144,22): error TS2503: Cannot find namespace 't'.
src/data-provider/prompts.ts(144,56): error TS2503: Cannot find namespace 't'.
src/data-provider/prompts.ts(152,27): error TS2503: Cannot find namespace 't'.
src/data-provider/prompts.ts(157,34): error TS2503: Cannot find namespace 't'.
src/data-provider/prompts.ts(159,12): error TS7006: Parameter 'data' implicitly has an 'any' type.
src/data-provider/prompts.ts(169,34): error TS2503: Cannot find namespace 't'.
src/data-provider/prompts.ts(171,22): error TS2503: Cannot find namespace 't'.
src/data-provider/prompts.ts(173,38): error TS2503: Cannot find namespace 't'.
src/data-provider/prompts.ts(175,16): error TS7006: Parameter 'data' implicitly has an 'any' type.
src/data-provider/prompts.ts(197,13): error TS2503: Cannot find namespace 't'.
src/data-provider/prompts.ts(199,3): error TS2503: Cannot find namespace 't'.
src/data-provider/prompts.ts(201,3): error TS2503: Cannot find namespace 't'.
src/data-provider/prompts.ts(211,29): error TS2503: Cannot find namespace 't'.
src/data-provider/prompts.ts(215,32): error TS2503: Cannot find namespace 't'.
src/data-provider/prompts.ts(217,10): error TS7006: Parameter 'data' implicitly has an 'any' type.
src/data-provider/prompts.ts(235,13): error TS2503: Cannot find namespace 't'.
src/data-provider/prompts.ts(237,3): error TS2503: Cannot find namespace 't'.
src/data-provider/prompts.ts(239,3): error TS2503: Cannot find namespace 't'.
src/data-provider/prompts.ts(244,29): error TS2503: Cannot find namespace 't'.
src/data-provider/prompts.ts(255,51): error TS2503: Cannot find namespace 't'.
src/data-provider/prompts.ts(263,29): error TS2503: Cannot find namespace 't'.
src/data-provider/prompts.ts(265,27): error TS2503: Cannot find namespace 't'.
src/data-provider/prompts.ts(268,36): error TS2503: Cannot find namespace 't'.
src/data-provider/prompts.ts(270,12): error TS2503: Cannot find namespace 't'.
src/data-provider/prompts.ts(271,50): error TS2503: Cannot find namespace 't'.
src/data-provider/prompts.ts(277,73): error TS2503: Cannot find namespace 't'.
src/data-provider/prompts.ts(292,34): error TS2503: Cannot find namespace 't'.
src/data-provider/prompts.ts(309,34): error TS2503: Cannot find namespace 't'.
src/data-provider/queries.ts(18,3): error TS2614: Module '"librechat-data-provider"' has no exported member 'Action'. Did you mean to use 'import Action from "librechat-data-provider"' instead?
src/data-provider/queries.ts(21,3): error TS2614: Module '"librechat-data-provider"' has no exported member 'ConversationListParams'. Did you mean to use 'import ConversationListParams from "librechat-data-provider"' instead?
src/data-provider/queries.ts(22,3): error TS2614: Module '"librechat-data-provider"' has no exported member 'MessagesListParams'. Did you mean to use 'import MessagesListParams from "librechat-data-provider"' instead?
src/data-provider/queries.ts(23,3): error TS2614: Module '"librechat-data-provider"' has no exported member 'MessagesListResponse'. Did you mean to use 'import MessagesListResponse from "librechat-data-provider"' instead?
src/data-provider/queries.ts(25,3): error TS2614: Module '"librechat-data-provider"' has no exported member 'AssistantListParams'. Did you mean to use 'import AssistantListParams from "librechat-data-provider"' instead?
src/data-provider/queries.ts(26,3): error TS2614: Module '"librechat-data-provider"' has no exported member 'AssistantListResponse'. Did you mean to use 'import AssistantListResponse from "librechat-data-provider"' instead?
src/data-provider/queries.ts(27,3): error TS2614: Module '"librechat-data-provider"' has no exported member 'AssistantDocument'. Did you mean to use 'import AssistantDocument from "librechat-data-provider"' instead?
src/data-provider/queries.ts(29,3): error TS2614: Module '"librechat-data-provider"' has no exported member 'TCheckUserKeyResponse'. Did you mean to use 'import TCheckUserKeyResponse from "librechat-data-provider"' instead?
src/data-provider/queries.ts(31,3): error TS2724: '"librechat-data-provider"' has no exported member named 'SharedLinksResponse'. Did you mean 'TSharedLinkResponse'?
src/data-provider/queries.ts(65,28): error TS2503: Cannot find namespace 't'.
src/data-provider/queries.ts(66,24): error TS2503: Cannot find namespace 't'.
src/data-provider/queries.ts(69,19): error TS2503: Cannot find namespace 't'.
src/data-provider/queries.ts(96,36): error TS2749: 'ConversationListResponse' refers to a value, but is being used as a type here. Did you mean 'typeof ConversationListResponse'?
src/data-provider/queries.ts(100,27): error TS2749: 'ConversationListResponse' refers to a value, but is being used as a type here. Did you mean 'typeof ConversationListResponse'?
src/data-provider/queries.ts(177,28): error TS2503: Cannot find namespace 't'.
src/data-provider/queries.ts(178,24): error TS2503: Cannot find namespace 't'.
src/data-provider/queries.ts(179,19): error TS2503: Cannot find namespace 't'.
src/data-provider/queries.ts(198,48): error TS2503: Cannot find namespace 't'.
src/data-provider/queries.ts(199,13): error TS2503: Cannot find namespace 't'.
src/data-provider/queries.ts(199,36): error TS2503: Cannot find namespace 'EModelEndpoint'.
src/data-provider/queries.ts(200,28): error TS2503: Cannot find namespace 't'.
src/data-provider/queries.ts(210,19): error TS2503: Cannot find namespace 't'.
src/data-provider/queries.ts(227,13): error TS2503: Cannot find namespace 't'.
src/data-provider/queries.ts(293,13): error TS2503: Cannot find namespace 't'.
src/data-provider/queries.ts(328,13): error TS2503: Cannot find namespace 't'.
src/data-provider/queries.ts(328,36): error TS2503: Cannot find namespace 'EModelEndpoint'.
src/data-provider/queries.ts(352,13): error TS2503: Cannot find namespace 't'.
src/data-provider/queries.ts(384,28): error TS2503: Cannot find namespace 't'.
src/data-provider/queries.ts(385,24): error TS2503: Cannot find namespace 't'.
src/data-provider/queries.ts(386,19): error TS2503: Cannot find namespace 't'.
src/data-provider/queries.ts(397,28): error TS2503: Cannot find namespace 't'.
src/data-provider/queries.ts(398,24): error TS2503: Cannot find namespace 't'.
src/data-provider/queries.ts(399,19): error TS2503: Cannot find namespace 't'.
src/data-provider/queries.ts(415,12): error TS2503: Cannot find namespace 't'.
src/data-provider/queries.ts(416,36): error TS2503: Cannot find namespace 't'.
src/data-provider/queries.ts(419,27): error TS2503: Cannot find namespace 't'.
src/data-provider/queries.ts(445,28): error TS2503: Cannot find namespace 't'.
src/data-provider/queries.ts(446,24): error TS2503: Cannot find namespace 't'.
src/data-provider/queries.ts(447,19): error TS2503: Cannot find namespace 't'.
src/data-provider/queries.ts(462,11): error TS2503: Cannot find namespace 't'.
src/data-provider/queries.ts(463,28): error TS2503: Cannot find namespace 't'.
src/data-provider/queries.ts(464,24): error TS2503: Cannot find namespace 't'.
src/data-provider/queries.ts(465,19): error TS2503: Cannot find namespace 't'.
src/data-provider/queries.ts(479,47): error TS2503: Cannot find namespace 't'.
src/data-provider/queries.ts(480,12): error TS2503: Cannot find namespace 't'.
src/data-provider/queries.ts(481,28): error TS2503: Cannot find namespace 't'.
src/data-provider/queries.ts(483,19): error TS2503: Cannot find namespace 't'.
src/data-provider/queries.ts(496,42): error TS2503: Cannot find namespace 't'.
src/data-provider/queries.ts(497,28): error TS2503: Cannot find namespace 't'.
src/data-provider/queries.ts(499,19): error TS2503: Cannot find namespace 't'.
src/data-provider/queries.ts(514,11): error TS2503: Cannot find namespace 't'.
src/data-provider/queries.ts(515,28): error TS2503: Cannot find namespace 't'.
src/data-provider/queries.ts(516,24): error TS2503: Cannot find namespace 't'.
src/data-provider/queries.ts(517,19): error TS2503: Cannot find namespace 't'.
src/data-provider/queries.ts(532,28): error TS2503: Cannot find namespace 't'.
src/data-provider/queries.ts(533,24): error TS2503: Cannot find namespace 't'.
src/data-provider/queries.ts(534,19): error TS2503: Cannot find namespace 't'.
src/data-provider/roles.ts(5,3): error TS2614: Module '"librechat-data-provider"' has no exported member 'promptPermissionsSchema'. Did you mean to use 'import promptPermissionsSchema from "librechat-data-provider"' instead?
src/data-provider/roles.ts(6,3): error TS2614: Module '"librechat-data-provider"' has no exported member 'memoryPermissionsSchema'. Did you mean to use 'import memoryPermissionsSchema from "librechat-data-provider"' instead?
src/data-provider/roles.ts(17,30): error TS2694: Namespace '"librechat-data-provider"' has no exported member 'TRole'.
src/data-provider/roles.ts(18,26): error TS2694: Namespace '"librechat-data-provider"' has no exported member 'TRole'.
src/data-provider/roles.ts(19,21): error TS2694: Namespace '"librechat-data-provider"' has no exported member 'TRole'.
src/data-provider/roles.ts(29,15): error TS2694: Namespace '"librechat-data-provider"' has no exported member 'UpdatePromptPermOptions'.
src/data-provider/roles.ts(31,5): error TS2694: Namespace '"librechat-data-provider"' has no exported member 'UpdatePermResponse'.
src/data-provider/roles.ts(32,5): error TS2694: Namespace '"librechat-data-provider"' has no exported member 'TError'.
src/data-provider/roles.ts(33,5): error TS2694: Namespace '"librechat-data-provider"' has no exported member 'UpdatePromptPermVars'.
src/data-provider/roles.ts(65,15): error TS2694: Namespace '"librechat-data-provider"' has no exported member 'UpdateAgentPermOptions'.
src/data-provider/roles.ts(67,5): error TS2694: Namespace '"librechat-data-provider"' has no exported member 'UpdatePermResponse'.
src/data-provider/roles.ts(68,5): error TS2694: Namespace '"librechat-data-provider"' has no exported member 'TError'.
src/data-provider/roles.ts(69,5): error TS2694: Namespace '"librechat-data-provider"' has no exported member 'UpdateAgentPermVars'.
src/data-provider/roles.ts(101,15): error TS2694: Namespace '"librechat-data-provider"' has no exported member 'UpdateMemoryPermOptions'.
src/data-provider/roles.ts(103,5): error TS2694: Namespace '"librechat-data-provider"' has no exported member 'UpdatePermResponse'.
src/data-provider/roles.ts(104,5): error TS2694: Namespace '"librechat-data-provider"' has no exported member 'TError'.
src/data-provider/roles.ts(105,5): error TS2694: Namespace '"librechat-data-provider"' has no exported member 'UpdateMemoryPermVars'.
src/data-provider/Tools/mutations.ts(6,49): error TS2694: Namespace '"librechat-data-provider"' has no exported member 'ToolId'.
src/data-provider/Tools/mutations.ts(8,15): error TS2694: Namespace '"librechat-data-provider"' has no exported member 'ToolCallMutationOptions'.
src/data-provider/Tools/mutations.ts(9,24): error TS2694: Namespace '"librechat-data-provider"' has no exported member 'ToolCallResponse'.
src/data-provider/Tools/mutations.ts(9,51): error TS2694: Namespace '"librechat-data-provider"' has no exported member 'ToolParams'.
src/data-provider/Tools/mutations.ts(12,20): error TS2694: Namespace '"librechat-data-provider"' has no exported member 'ToolParams'.
src/data-provider/Tools/mutations.ts(22,36): error TS2694: Namespace '"librechat-data-provider"' has no exported member 'ToolCallResults'.
src/data-provider/Tools/mutations.ts(24,12): error TS7006: Parameter 'prev' implicitly has an 'any' type.
src/data-provider/Tools/queries.ts(7,11): error TS2503: Cannot find namespace 't'.
src/data-provider/Tools/queries.ts(8,28): error TS2503: Cannot find namespace 't'.
src/data-provider/Tools/queries.ts(9,24): error TS2503: Cannot find namespace 't'.
src/data-provider/Tools/queries.ts(10,19): error TS2503: Cannot find namespace 't'.
src/data-provider/Tools/queries.ts(22,41): error TS2503: Cannot find namespace 't'.
src/data-provider/Tools/queries.ts(23,11): error TS2503: Cannot find namespace 't'.
src/data-provider/Tools/queries.ts(24,28): error TS2503: Cannot find namespace 't'.
src/data-provider/Tools/queries.ts(27,19): error TS2503: Cannot find namespace 't'.
src/data-provider/Tools/queries.ts(45,28): error TS2503: Cannot find namespace 't'.
src/data-provider/Tools/queries.ts(46,24): error TS2503: Cannot find namespace 't'.
src/data-provider/Tools/queries.ts(47,19): error TS2503: Cannot find namespace 't'.
src/data-provider/Tools/queries.ts(62,28): error TS2503: Cannot find namespace 't'.
src/data-provider/Tools/queries.ts(63,24): error TS2503: Cannot find namespace 't'.
src/data-provider/Tools/queries.ts(64,19): error TS2503: Cannot find namespace 't'.
src/features/analytics/__tests__/AdminSettings.test.tsx(126,65): error TS2339: Property 'toBeInTheDocument' does not exist on type 'JestMatchers<HTMLElement>'.
src/features/analytics/__tests__/AdminSettings.test.tsx(129,63): error TS2339: Property 'toBeInTheDocument' does not exist on type 'JestMatchers<HTMLElement>'.
src/features/analytics/__tests__/AdminSettings.test.tsx(130,64): error TS2339: Property 'toBeInTheDocument' does not exist on type 'JestMatchers<HTMLElement>'.
src/features/analytics/__tests__/AdminSettings.test.tsx(131,62): error TS2339: Property 'toBeInTheDocument' does not exist on type 'JestMatchers<HTMLElement>'.
src/features/analytics/__tests__/AdminSettings.test.tsx(132,62): error TS2339: Property 'toBeInTheDocument' does not exist on type 'JestMatchers<HTMLElement>'.
src/features/analytics/__tests__/AdminSettings.test.tsx(139,52): error TS2339: Property 'toBeInTheDocument' does not exist on type 'JestMatchers<HTMLElement>'.
src/features/analytics/__tests__/AdminSettings.test.tsx(141,53): error TS2339: Property 'toBeInTheDocument' does not exist on type 'JestMatchers<HTMLElement>'.
src/features/analytics/__tests__/AdminSettings.test.tsx(142,68): error TS2339: Property 'toBeInTheDocument' does not exist on type 'JestMatchers<HTMLElement>'.
src/features/analytics/__tests__/AdminSettings.test.tsx(143,58): error TS2339: Property 'toBeInTheDocument' does not exist on type 'JestMatchers<HTMLElement>'.
src/features/analytics/__tests__/AdminSettings.test.tsx(153,43): error TS2339: Property 'toBeInTheDocument' does not exist on type 'JestMatchers<HTMLElement>'.
src/features/analytics/__tests__/AdminSettings.test.tsx(154,42): error TS2339: Property 'toBeInTheDocument' does not exist on type 'JestMatchers<HTMLElement>'.
src/features/analytics/__tests__/AdminSettings.test.tsx(155,43): error TS2339: Property 'toBeInTheDocument' does not exist on type 'JestMatchers<HTMLElement>'.
src/features/analytics/__tests__/AdminSettings.test.tsx(159,66): error TS2339: Property 'toBeInTheDocument' does not exist on type 'JestMatchers<HTMLElement>'.
src/features/analytics/__tests__/AdminSettings.test.tsx(160,57): error TS2339: Property 'toBeInTheDocument' does not exist on type 'JestMatchers<HTMLElement>'.
src/features/analytics/__tests__/AdminSettings.test.tsx(170,39): error TS2339: Property 'toBeInTheDocument' does not exist on type 'JestMatchers<HTMLElement>'.
src/features/analytics/__tests__/AdminSettings.test.tsx(171,41): error TS2339: Property 'toBeInTheDocument' does not exist on type 'JestMatchers<HTMLElement>'.
src/features/analytics/__tests__/AdminSettings.test.tsx(172,43): error TS2339: Property 'toBeInTheDocument' does not exist on type 'JestMatchers<HTMLElement>'.
src/features/analytics/__tests__/AdminSettings.test.tsx(173,43): error TS2339: Property 'toBeInTheDocument' does not exist on type 'JestMatchers<HTMLElement>'.
src/features/analytics/__tests__/AdminSettings.test.tsx(174,62): error TS2339: Property 'toBeInTheDocument' does not exist on type 'JestMatchers<HTMLElement>'.
src/features/analytics/__tests__/AdminSettings.test.tsx(185,41): error TS2339: Property 'toBeInTheDocument' does not exist on type 'JestMatchers<HTMLElement>'.
src/features/analytics/__tests__/AdminSettings.test.tsx(186,41): error TS2339: Property 'toBeInTheDocument' does not exist on type 'JestMatchers<HTMLElement>'.
src/features/analytics/__tests__/AdminSettings.test.tsx(187,42): error TS2339: Property 'toBeInTheDocument' does not exist on type 'JestMatchers<HTMLElement>'.
src/features/analytics/__tests__/AdminSettings.test.tsx(188,70): error TS2339: Property 'toBeInTheDocument' does not exist on type 'JestMatchers<HTMLElement>'.
src/features/analytics/__tests__/AdminSettings.test.tsx(224,61): error TS2339: Property 'toBeInTheDocument' does not exist on type 'JestMatchers<HTMLElement>'.
src/features/analytics/__tests__/AdminSettings.test.tsx(225,66): error TS2339: Property 'toBeInTheDocument' does not exist on type 'Matchers<void, HTMLElement | null>'.
src/features/analytics/__tests__/AdminSettings.test.tsx(228,57): error TS2339: Property 'toBeInTheDocument' does not exist on type 'JestMatchers<HTMLElement>'.
src/features/analytics/__tests__/AdminSettings.test.tsx(229,66): error TS2339: Property 'toBeInTheDocument' does not exist on type 'Matchers<void, HTMLElement | null>'.
src/features/analytics/__tests__/AdminSettings.test.tsx(232,59): error TS2339: Property 'toBeInTheDocument' does not exist on type 'JestMatchers<HTMLElement>'.
src/features/analytics/__tests__/AdminSettings.test.tsx(233,66): error TS2339: Property 'toBeInTheDocument' does not exist on type 'Matchers<void, HTMLElement | null>'.
src/features/analytics/__tests__/AdminSettings.test.tsx(271,68): error TS2339: Property 'toBeInTheDocument' does not exist on type 'JestMatchers<HTMLElement>'.
src/features/analytics/__tests__/AdminSettings.test.tsx(274,68): error TS2339: Property 'toBeInTheDocument' does not exist on type 'JestMatchers<HTMLElement>'.
src/features/analytics/__tests__/AdminSettings.test.tsx(277,68): error TS2339: Property 'toBeInTheDocument' does not exist on type 'JestMatchers<HTMLElement>'.
src/features/analytics/__tests__/AdminSettings.test.tsx(316,20): error TS2339: Property 'toBeDisabled' does not exist on type 'JestMatchers<HTMLElement>'.
src/features/analytics/__tests__/AdminSettings.test.tsx(320,44): error TS2339: Property 'toBeDisabled' does not exist on type 'Matchers<void, HTMLElement>'.
src/hooks/Agents/useAgentCapabilities.ts(2,10): error TS2614: Module '"librechat-data-provider"' has no exported member 'AgentCapabilities'. Did you mean to use 'import AgentCapabilities from "librechat-data-provider"' instead?
src/hooks/Agents/useGetAgentsConfig.ts(2,26): error TS2614: Module '"librechat-data-provider"' has no exported member 'AgentCapabilities'. Did you mean to use 'import AgentCapabilities from "librechat-data-provider"' instead?
src/hooks/Agents/useGetAgentsConfig.ts(3,15): error TS2724: '"librechat-data-provider"' has no exported member named 'TAgentsEndpoint'. Did you mean 'isAgentsEndpoint'?
src/hooks/Agents/useGetAgentsConfig.ts(29,36): error TS7006: Parameter 'cap' implicitly has an 'any' type.
src/hooks/ApiErrorBoundaryContext.tsx(2,10): error TS2614: Module '"librechat-data-provider"' has no exported member 'TError'. Did you mean to use 'import TError from "librechat-data-provider"' instead?
src/hooks/Artifacts/useArtifactProps.ts(2,10): error TS2614: Module '"librechat-data-provider"' has no exported member 'removeNullishValues'. Did you mean to use 'import removeNullishValues from "librechat-data-provider"' instead?
src/hooks/Assistants/useAssistantListMap.ts(3,15): error TS2614: Module '"librechat-data-provider"' has no exported member 'AssistantListResponse'. Did you mean to use 'import AssistantListResponse from "librechat-data-provider"' instead?
src/hooks/Assistants/useAssistantListMap.ts(3,38): error TS2724: '"librechat-data-provider"' has no exported member named 'AssistantsEndpoint'. Did you mean 'isAssistantsEndpoint'?
src/hooks/Assistants/useAssistantListMap.ts(8,19): error TS7031: Binding element 'id' implicitly has an 'any' type.
src/hooks/Assistants/useAssistantListMap.ts(8,23): error TS7031: Binding element 'name' implicitly has an 'any' type.
src/hooks/Assistants/useAssistantListMap.ts(8,29): error TS7031: Binding element 'metadata' implicitly has an 'any' type.
src/hooks/Assistants/useAssistantListMap.ts(8,39): error TS7031: Binding element 'model' implicitly has an 'any' type.
src/hooks/Assistants/useSelectAssistant.ts(3,15): error TS2724: '"librechat-data-provider"' has no exported member named 'AssistantsEndpoint'. Did you mean 'isAssistantsEndpoint'?
src/hooks/Audio/useTTSBrowser.ts(4,10): error TS2614: Module '"librechat-data-provider"' has no exported member 'parseTextParts'. Did you mean to use 'import parseTextParts from "librechat-data-provider"' instead?
src/hooks/Audio/useTTSBrowser.ts(5,15): error TS2614: Module '"librechat-data-provider"' has no exported member 'TMessageContentParts'. Did you mean to use 'import TMessageContentParts from "librechat-data-provider"' instead?
src/hooks/Audio/useTTSExternal.ts(4,10): error TS2614: Module '"librechat-data-provider"' has no exported member 'parseTextParts'. Did you mean to use 'import parseTextParts from "librechat-data-provider"' instead?
src/hooks/Audio/useTTSExternal.ts(5,15): error TS2614: Module '"librechat-data-provider"' has no exported member 'TMessageContentParts'. Did you mean to use 'import TMessageContentParts from "librechat-data-provider"' instead?
src/hooks/Audio/useTTSExternal.ts(48,46): error TS7006: Parameter 'v' implicitly has an 'any' type.
src/hooks/AuthContext.tsx(14,10): error TS2614: Module '"librechat-data-provider"' has no exported member 'setTokenHeader'. Did you mean to use 'import setTokenHeader from "librechat-data-provider"' instead?
src/hooks/AuthContext.tsx(14,26): error TS2614: Module '"librechat-data-provider"' has no exported member 'SystemRoles'. Did you mean to use 'import SystemRoles from "librechat-data-provider"' instead?
src/hooks/AuthContext.tsx(81,25): error TS2694: Namespace '"librechat-data-provider"' has no exported member 'TLoginResponse'.
src/hooks/AuthContext.tsx(98,17): error TS7006: Parameter 'data' implicitly has an 'any' type.
src/hooks/AuthContext.tsx(106,15): error TS7006: Parameter 'error' implicitly has an 'any' type.
src/hooks/AuthContext.tsx(130,26): error TS2694: Namespace '"librechat-data-provider"' has no exported member 'TLoginUser'.
src/hooks/AuthContext.tsx(140,27): error TS2694: Namespace '"librechat-data-provider"' has no exported member 'TRefreshTokenResponse'.
src/hooks/AuthContext.tsx(189,32): error TS7006: Parameter 'event' implicitly has an 'any' type.
src/hooks/Chat/useChatFunctions.ts(7,3): error TS2614: Module '"librechat-data-provider"' has no exported member 'ContentTypes'. Did you mean to use 'import ContentTypes from "librechat-data-provider"' instead?
src/hooks/Chat/useChatFunctions.ts(10,3): error TS2614: Module '"librechat-data-provider"' has no exported member 'parseCompactConvo'. Did you mean to use 'import parseCompactConvo from "librechat-data-provider"' instead?
src/hooks/Chat/useChatFunctions.ts(11,3): error TS2614: Module '"librechat-data-provider"' has no exported member 'replaceSpecialVars'. Did you mean to use 'import replaceSpecialVars from "librechat-data-provider"' instead?
src/hooks/Chat/useChatFunctions.ts(19,3): error TS2614: Module '"librechat-data-provider"' has no exported member 'TEndpointOption'. Did you mean to use 'import TEndpointOption from "librechat-data-provider"' instead?
src/hooks/Chat/useChatFunctions.ts(21,3): error TS2614: Module '"librechat-data-provider"' has no exported member 'EndpointSchemaKey'. Did you mean to use 'import EndpointSchemaKey from "librechat-data-provider"' instead?
src/hooks/Chat/useChatFunctions.ts(84,7): error TS2339: Property 'editedContent' does not exist on type 'TOptions'.
src/hooks/Chat/useChatFunctions.ts(331,25): error TS7031: Binding element 'parentMessageId' implicitly has an 'any' type.
src/hooks/Config/useAppStartup.ts(59,42): error TS7006: Parameter 'spec' implicitly has an 'any' type.
src/hooks/Config/useConfigOverride.ts(4,33): error TS2614: Module '"librechat-data-provider"' has no exported member 'TModelsConfig'. Did you mean to use 'import TModelsConfig from "librechat-data-provider"' instead?
src/hooks/Conversations/useDefaultConvo.ts(1,10): error TS2614: Module '"librechat-data-provider"' has no exported member 'excludedKeys'. Did you mean to use 'import excludedKeys from "librechat-data-provider"' instead?
src/hooks/Conversations/useDefaultConvo.ts(5,3): error TS2614: Module '"librechat-data-provider"' has no exported member 'TModelsConfig'. Did you mean to use 'import TModelsConfig from "librechat-data-provider"' instead?
src/hooks/Conversations/useExportConversation.ts(1,22): error TS7016: Could not find a declaration file for module 'downloadjs'. '/Users/msc/Desktop/SIGMACODE/sigmacodeai/node_modules/.pnpm/downloadjs@1.4.7/node_modules/downloadjs/download.js' implicitly has an 'any' type.
  Try `npm i --save-dev @types/downloadjs` if it exists or add a new declaration (.d.ts) file containing `declare module 'downloadjs';`
src/hooks/Conversations/useExportConversation.ts(7,3): error TS2614: Module '"librechat-data-provider"' has no exported member 'ContentTypes'. Did you mean to use 'import ContentTypes from "librechat-data-provider"' instead?
src/hooks/Conversations/useExportConversation.ts(8,3): error TS2614: Module '"librechat-data-provider"' has no exported member 'ToolCallTypes'. Did you mean to use 'import ToolCallTypes from "librechat-data-provider"' instead?
src/hooks/Conversations/useExportConversation.ts(9,3): error TS2614: Module '"librechat-data-provider"' has no exported member 'imageGenTools'. Did you mean to use 'import imageGenTools from "librechat-data-provider"' instead?
src/hooks/Conversations/useExportConversation.ts(10,3): error TS2614: Module '"librechat-data-provider"' has no exported member 'isImageVisionTool'. Did you mean to use 'import isImageVisionTool from "librechat-data-provider"' instead?
src/hooks/Conversations/useExportConversation.ts(16,3): error TS2614: Module '"librechat-data-provider"' has no exported member 'TMessageContentParts'. Did you mean to use 'import TMessageContentParts from "librechat-data-provider"' instead?
src/hooks/Conversations/useExportConversation.ts(75,13): error TS7006: Parameter 'content' implicitly has an 'any' type.
src/hooks/Conversations/useExportConversation.ts(76,13): error TS7006: Parameter 'text' implicitly has an 'any' type.
src/hooks/Conversations/useExportConversation.ts(342,7): error TS7053: Element implicitly has an 'any' type because expression of type '"options"' can't be used to index type '{ conversationId: any; endpoint: any; title: any; exportAt: string; branches: boolean | "indeterminate"; recursive: boolean | "indeterminate"; }'.
  Property 'options' does not exist on type '{ conversationId: any; endpoint: any; title: any; exportAt: string; branches: boolean | "indeterminate"; recursive: boolean | "indeterminate"; }'.
src/hooks/Conversations/useExportConversation.ts(354,7): error TS7053: Element implicitly has an 'any' type because expression of type '"messagesTree"' can't be used to index type '{ conversationId: any; endpoint: any; title: any; exportAt: string; branches: boolean | "indeterminate"; recursive: boolean | "indeterminate"; }'.
  Property 'messagesTree' does not exist on type '{ conversationId: any; endpoint: any; title: any; exportAt: string; branches: boolean | "indeterminate"; recursive: boolean | "indeterminate"; }'.
src/hooks/Conversations/useExportConversation.ts(356,7): error TS7053: Element implicitly has an 'any' type because expression of type '"messages"' can't be used to index type '{ conversationId: any; endpoint: any; title: any; exportAt: string; branches: boolean | "indeterminate"; recursive: boolean | "indeterminate"; }'.
  Property 'messages' does not exist on type '{ conversationId: any; endpoint: any; title: any; exportAt: string; branches: boolean | "indeterminate"; recursive: boolean | "indeterminate"; }'.
src/hooks/Conversations/useGenerateConvo.ts(7,3): error TS2614: Module '"librechat-data-provider"' has no exported member 'TModelsConfig'. Did you mean to use 'import TModelsConfig from "librechat-data-provider"' instead?
src/hooks/Conversations/useGenerateConvo.ts(38,24): error TS7006: Parameter 'prevState' implicitly has an 'any' type.
src/hooks/Conversations/useGenerateConvo.ts(84,25): error TS2551: Property 'endpointType' does not exist on type '{ createdAt: string; updatedAt: string; conversationId: string; title: string; endpoint: null; }'. Did you mean 'endpoint'?
src/hooks/Conversations/useGenerateConvo.ts(85,22): error TS2551: Property 'endpointType' does not exist on type '{ createdAt: string; updatedAt: string; conversationId: string; title: string; endpoint: null; }'. Did you mean 'endpoint'?
src/hooks/Conversations/useGenerateConvo.ts(86,31): error TS2551: Property 'endpointType' does not exist on type '{ createdAt: string; updatedAt: string; conversationId: string; title: string; endpoint: null; }'. Did you mean 'endpoint'?
src/hooks/Conversations/useGenerateConvo.ts(87,22): error TS2551: Property 'endpointType' does not exist on type '{ createdAt: string; updatedAt: string; conversationId: string; title: string; endpoint: null; }'. Did you mean 'endpoint'?
src/hooks/Conversations/useGenerateConvo.ts(91,65): error TS2538: Type 'symbol' cannot be used as an index type.
src/hooks/Conversations/useGenerateConvo.ts(94,22): error TS2339: Property 'assistant_id' does not exist on type '{ createdAt: string; updatedAt: string; conversationId: string; title: string; endpoint: null; }'.
src/hooks/Conversations/useGenerateConvo.ts(95,28): error TS2538: Type 'symbol' cannot be used as an index type.
src/hooks/Conversations/useGenerateConvo.ts(95,66): error TS2339: Property 'assistant_id' does not exist on type '{ createdAt: string; updatedAt: string; conversationId: string; title: string; endpoint: null; }'.
src/hooks/Conversations/useGenerateConvo.ts(97,22): error TS2339: Property 'assistant_id' does not exist on type '{ createdAt: string; updatedAt: string; conversationId: string; title: string; endpoint: null; }'.
src/hooks/Conversations/useGenerateConvo.ts(100,25): error TS2339: Property 'assistant_id' does not exist on type '{ createdAt: string; updatedAt: string; conversationId: string; title: string; endpoint: null; }'.
src/hooks/Conversations/useGenerateConvo.ts(101,22): error TS2339: Property 'assistant_id' does not exist on type '{ createdAt: string; updatedAt: string; conversationId: string; title: string; endpoint: null; }'.
src/hooks/Conversations/useGenerateConvo.ts(102,77): error TS2731: Implicit conversion of a 'symbol' to a 'string' will fail at runtime. Consider wrapping this expression in 'String(...)'.
src/hooks/Conversations/useGenerateConvo.ts(107,22): error TS2339: Property 'assistant_id' does not exist on type '{ createdAt: string; updatedAt: string; conversationId: string; title: string; endpoint: null; }'.
src/hooks/Conversations/useGenerateConvo.ts(111,78): error TS2339: Property 'assistant_id' does not exist on type '{ createdAt: string; updatedAt: string; conversationId: string; title: string; endpoint: null; }'.
src/hooks/Conversations/useGenerateConvo.ts(112,22): error TS2339: Property 'model' does not exist on type '{ createdAt: string; updatedAt: string; conversationId: string; title: string; endpoint: null; }'.
src/hooks/Conversations/useGenerateConvo.ts(115,24): error TS2339: Property 'assistant_id' does not exist on type '{ createdAt: string; updatedAt: string; conversationId: string; title: string; endpoint: null; }'.
src/hooks/Conversations/useGenerateConvo.ts(116,22): error TS2339: Property 'assistant_id' does not exist on type '{ createdAt: string; updatedAt: string; conversationId: string; title: string; endpoint: null; }'.
src/hooks/Conversations/useGenerateConvo.ts(123,45): error TS2749: 'EModelEndpoint' refers to a value, but is being used as a type here. Did you mean 'typeof EModelEndpoint'?
src/hooks/Conversations/useGetSender.ts(2,10): error TS2614: Module '"librechat-data-provider"' has no exported member 'getResponseSender'. Did you mean to use 'import getResponseSender from "librechat-data-provider"' instead?
src/hooks/Conversations/useGetSender.ts(3,15): error TS2614: Module '"librechat-data-provider"' has no exported member 'TEndpointOption'. Did you mean to use 'import TEndpointOption from "librechat-data-provider"' instead?
src/hooks/Conversations/useNavigateToConvo.tsx(5,48): error TS2614: Module '"librechat-data-provider"' has no exported member 'TModelsConfig'. Did you mean to use 'import TModelsConfig from "librechat-data-provider"' instead?
src/hooks/Conversations/useParameterEffects.ts(2,15): error TS2614: Module '"librechat-data-provider"' has no exported member 'DynamicSettingProps'. Did you mean to use 'import DynamicSettingProps from "librechat-data-provider"' instead?
src/hooks/Conversations/usePresetIndexOptions.ts(22,16): error TS7006: Parameter 'prevState' implicitly has an 'any' type.
src/hooks/Conversations/usePresetIndexOptions.ts(32,34): error TS7006: Parameter 'param' implicitly has an 'any' type.
src/hooks/Conversations/usePresetIndexOptions.ts(32,45): error TS7006: Parameter 'newValue' implicitly has an 'any' type.
src/hooks/Conversations/usePresetIndexOptions.ts(34,5): error TS7053: Element implicitly has an 'any' type because expression of type 'any' can't be used to index type '{}'.
src/hooks/Conversations/usePresetIndexOptions.ts(35,16): error TS7006: Parameter 'prevState' implicitly has an 'any' type.
src/hooks/Conversations/usePresetIndexOptions.ts(48,28): error TS2872: This kind of expression is always truthy.
src/hooks/Conversations/usePresetIndexOptions.ts(51,5): error TS7053: Element implicitly has an 'any' type because expression of type '"examples"' can't be used to index type '{}'.
  Property 'examples' does not exist on type '{}'.
src/hooks/Conversations/usePresetIndexOptions.ts(52,16): error TS7006: Parameter 'prevState' implicitly has an 'any' type.
src/hooks/Conversations/usePresetIndexOptions.ts(66,5): error TS7053: Element implicitly has an 'any' type because expression of type '"examples"' can't be used to index type '{}'.
  Property 'examples' does not exist on type '{}'.
src/hooks/Conversations/usePresetIndexOptions.ts(67,16): error TS7006: Parameter 'prevState' implicitly has an 'any' type.
src/hooks/Conversations/usePresetIndexOptions.ts(81,7): error TS7053: Element implicitly has an 'any' type because expression of type '"examples"' can't be used to index type '{}'.
  Property 'examples' does not exist on type '{}'.
src/hooks/Conversations/usePresetIndexOptions.ts(82,18): error TS7006: Parameter 'prevState' implicitly has an 'any' type.
src/hooks/Conversations/usePresetIndexOptions.ts(93,5): error TS7053: Element implicitly has an 'any' type because expression of type '"examples"' can't be used to index type '{}'.
  Property 'examples' does not exist on type '{}'.
src/hooks/Conversations/usePresetIndexOptions.ts(94,16): error TS7006: Parameter 'prevState' implicitly has an 'any' type.
src/hooks/Conversations/usePresetIndexOptions.ts(104,39): error TS7006: Parameter 'param' implicitly has an 'any' type.
src/hooks/Conversations/usePresetIndexOptions.ts(104,50): error TS7006: Parameter 'newValue' implicitly has an 'any' type.
src/hooks/Conversations/usePresetIndexOptions.ts(108,16): error TS7006: Parameter 'prevState' implicitly has an 'any' type.
src/hooks/Conversations/usePresetIndexOptions.ts(122,31): error TS7006: Parameter 'el' implicitly has an 'any' type.
src/hooks/Conversations/usePresetIndexOptions.ts(147,18): error TS7006: Parameter 'el' implicitly has an 'any' type.
src/hooks/Conversations/usePresetIndexOptions.ts(151,7): error TS7053: Element implicitly has an 'any' type because expression of type '"tools"' can't be used to index type '{}'.
  Property 'tools' does not exist on type '{}'.
src/hooks/Conversations/usePresetIndexOptions.ts(151,41): error TS7006: Parameter 'el' implicitly has an 'any' type.
src/hooks/Conversations/usePresetIndexOptions.ts(153,7): error TS7053: Element implicitly has an 'any' type because expression of type '"tools"' can't be used to index type '{}'.
  Property 'tools' does not exist on type '{}'.
src/hooks/Conversations/usePresetIndexOptions.ts(156,16): error TS7006: Parameter 'prevState' implicitly has an 'any' type.
src/hooks/Conversations/usePresets.ts(77,16): error TS7006: Parameter 'preset' implicitly has an 'any' type.
src/hooks/Conversations/usePresets.ts(90,15): error TS7006: Parameter 'error' implicitly has an 'any' type.
src/hooks/Conversations/usePresets.ts(101,17): error TS7006: Parameter 'data' implicitly has an 'any' type.
src/hooks/Conversations/usePresets.ts(101,23): error TS7006: Parameter 'preset' implicitly has an 'any' type.
src/hooks/Conversations/usePresets.ts(117,15): error TS7006: Parameter 'error' implicitly has an 'any' type.
src/hooks/Conversations/useSetIndexOptions.ts(6,3): error TS2614: Module '"librechat-data-provider"' has no exported member 'tConvoUpdateSchema'. Did you mean to use 'import tConvoUpdateSchema from "librechat-data-provider"' instead?
src/hooks/Conversations/useSetIndexOptions.ts(27,34): error TS7006: Parameter 'param' implicitly has an 'any' type.
src/hooks/Conversations/useSetIndexOptions.ts(27,45): error TS7006: Parameter 'newValue' implicitly has an 'any' type.
src/hooks/Conversations/useSetIndexOptions.ts(29,5): error TS7053: Element implicitly has an 'any' type because expression of type 'any' can't be used to index type '{}'.
src/hooks/Conversations/useSetIndexOptions.ts(33,7): error TS7053: Element implicitly has an 'any' type because expression of type '"presetOverride"' can't be used to index type '{}'.
  Property 'presetOverride' does not exist on type '{}'.
src/hooks/Conversations/useSetIndexOptions.ts(50,11): error TS7053: Element implicitly has an 'any' type because expression of type '"useResponsesApi"' can't be used to index type '{}'.
  Property 'useResponsesApi' does not exist on type '{}'.
src/hooks/Conversations/useSetIndexOptions.ts(56,8): error TS7006: Parameter 'prevState' implicitly has an 'any' type.
src/hooks/Conversations/useSetIndexOptions.ts(70,5): error TS7053: Element implicitly has an 'any' type because expression of type '"examples"' can't be used to index type '{}'.
  Property 'examples' does not exist on type '{}'.
src/hooks/Conversations/useSetIndexOptions.ts(72,8): error TS7006: Parameter 'prevState' implicitly has an 'any' type.
src/hooks/Conversations/useSetIndexOptions.ts(84,5): error TS7053: Element implicitly has an 'any' type because expression of type '"examples"' can't be used to index type '{}'.
  Property 'examples' does not exist on type '{}'.
src/hooks/Conversations/useSetIndexOptions.ts(86,8): error TS7006: Parameter 'prevState' implicitly has an 'any' type.
src/hooks/Conversations/useSetIndexOptions.ts(98,7): error TS7053: Element implicitly has an 'any' type because expression of type '"examples"' can't be used to index type '{}'.
  Property 'examples' does not exist on type '{}'.
src/hooks/Conversations/useSetIndexOptions.ts(100,10): error TS7006: Parameter 'prevState' implicitly has an 'any' type.
src/hooks/Conversations/useSetIndexOptions.ts(109,5): error TS7053: Element implicitly has an 'any' type because expression of type '"examples"' can't be used to index type '{}'.
  Property 'examples' does not exist on type '{}'.
src/hooks/Conversations/useSetIndexOptions.ts(111,8): error TS7006: Parameter 'prevState' implicitly has an 'any' type.
src/hooks/Conversations/useSetIndexOptions.ts(123,37): error TS7006: Parameter 'el' implicitly has an 'any' type.
src/hooks/Conversations/useSetIndexOptions.ts(133,39): error TS7006: Parameter 'param' implicitly has an 'any' type.
src/hooks/Conversations/useSetIndexOptions.ts(133,50): error TS7006: Parameter 'newValue' implicitly has an 'any' type.
src/hooks/Conversations/useSetIndexOptions.ts(140,8): error TS7006: Parameter 'prevState' implicitly has an 'any' type.
src/hooks/Conversations/useSetIndexOptions.ts(163,18): error TS7006: Parameter 'el' implicitly has an 'any' type.
src/hooks/Conversations/useSetIndexOptions.ts(167,7): error TS7053: Element implicitly has an 'any' type because expression of type '"tools"' can't be used to index type '{}'.
  Property 'tools' does not exist on type '{}'.
src/hooks/Conversations/useSetIndexOptions.ts(167,41): error TS7006: Parameter 'el' implicitly has an 'any' type.
src/hooks/Conversations/useSetIndexOptions.ts(169,7): error TS7053: Element implicitly has an 'any' type because expression of type '"tools"' can't be used to index type '{}'.
  Property 'tools' does not exist on type '{}'.
src/hooks/Conversations/useSetIndexOptions.ts(173,8): error TS7006: Parameter 'prevState' implicitly has an 'any' type.
src/hooks/Conversations/useUpdateTagsInConvo.ts(14,51): error TS2503: Cannot find namespace 't'.
src/hooks/Conversations/useUpdateTagsInConvo.ts(25,10): error TS2503: Cannot find namespace 't'.
src/hooks/Conversations/useUpdateTagsInConvo.ts(27,43): error TS2749: 'ConversationListResponse' refers to a value, but is being used as a type here. Did you mean 'typeof ConversationListResponse'?
src/hooks/Conversations/useUpdateTagsInConvo.ts(37,52): error TS7006: Parameter 'conversation' implicitly has an 'any' type.
src/hooks/Conversations/useUpdateTagsInConvo.ts(52,56): error TS2749: 'ConversationListResponse' refers to a value, but is being used as a type here. Did you mean 'typeof ConversationListResponse'?
src/hooks/Conversations/useUpdateTagsInConvo.ts(59,70): error TS2749: 'ConversationListResponse' refers to a value, but is being used as a type here. Did you mean 'typeof ConversationListResponse'?
src/hooks/Conversations/useUpdateTagsInConvo.ts(62,52): error TS7006: Parameter 'conversation' implicitly has an 'any' type.
src/hooks/Conversations/useUpdateTagsInConvo.ts(76,43): error TS2749: 'ConversationListResponse' refers to a value, but is being used as a type here. Did you mean 'typeof ConversationListResponse'?
src/hooks/Conversations/useUpdateTagsInConvo.ts(84,53): error TS2503: Cannot find namespace 't'.
src/hooks/Conversations/useUpdateTagsInConvo.ts(91,40): error TS7006: Parameter 't' implicitly has an 'any' type.
src/hooks/Conversations/useUpdateTagsInConvo.ts(92,14): error TS2503: Cannot find namespace 't'.
src/hooks/Conversations/useUpdateTagsInConvo.ts(93,34): error TS2503: Cannot find namespace 't'.
src/hooks/Endpoint/UnknownIcon.tsx(3,26): error TS2614: Module '"librechat-data-provider"' has no exported member 'KnownEndpoints'. Did you mean to use 'import KnownEndpoints from "librechat-data-provider"' instead?
src/hooks/Endpoint/UnknownIcon.tsx(103,38): error TS7015: Element implicitly has an 'any' type because index expression is not of type 'number'.
src/hooks/Endpoint/UnknownIcon.tsx(117,14): error TS2749: 'EModelEndpoint' refers to a value, but is being used as a type here. Did you mean 'typeof EModelEndpoint'?
src/hooks/Endpoint/useEndpoints.ts(5,3): error TS2614: Module '"librechat-data-provider"' has no exported member 'PermissionTypes'. Did you mean to use 'import PermissionTypes from "librechat-data-provider"' instead?
src/hooks/Endpoint/useEndpoints.ts(6,3): error TS2614: Module '"librechat-data-provider"' has no exported member 'Permissions'. Did you mean to use 'import Permissions from "librechat-data-provider"' instead?
src/hooks/Endpoint/useEndpoints.ts(7,3): error TS2614: Module '"librechat-data-provider"' has no exported member 'alternateName'. Did you mean to use 'import alternateName from "librechat-data-provider"' instead?
src/hooks/Endpoint/useEndpoints.ts(56,42): error TS2638: Type '{} | null' may represent a primitive value, which is not permitted as the right operand of the 'in' operator.
src/hooks/Endpoint/useEndpoints.ts(56,42): error TS18047: 'agent' is possibly 'null'.
src/hooks/Endpoint/useEndpoints.ts(75,19): error TS2749: 'EModelEndpoint' refers to a value, but is being used as a type here. Did you mean 'typeof EModelEndpoint'?
src/hooks/Endpoint/useKeyDialog.ts(6,62): error TS2749: 'EModelEndpoint' refers to a value, but is being used as a type here. Did you mean 'typeof EModelEndpoint'?
src/hooks/Endpoint/useKeyDialog.ts(9,10): error TS2749: 'EModelEndpoint' refers to a value, but is being used as a type here. Did you mean 'typeof EModelEndpoint'?
src/hooks/Endpoint/useSelectorEffects.ts(45,33): error TS2538: Type 'null' cannot be used as an index type.
src/hooks/Endpoint/useSelectorEffects.ts(62,59): error TS2538: Type 'null' cannot be used as an index type.
src/hooks/Files/useDeleteFilesFromTable.tsx(3,15): error TS2614: Module '"librechat-data-provider"' has no exported member 'BatchFile'. Did you mean to use 'import BatchFile from "librechat-data-provider"' instead?
src/hooks/Files/useDeleteFilesFromTable.tsx(3,26): error TS2614: Module '"librechat-data-provider"' has no exported member 'TFile'. Did you mean to use 'import TFile from "librechat-data-provider"' instead?
src/hooks/Files/useDeleteFilesFromTable.tsx(10,22): error TS7006: Parameter 'variables' implicitly has an 'any' type.
src/hooks/Files/useDeleteFilesFromTable.tsx(16,46): error TS7006: Parameter 'map' implicitly has an 'any' type.
src/hooks/Files/useDeleteFilesFromTable.tsx(16,51): error TS7006: Parameter 'file' implicitly has an 'any' type.
src/hooks/Files/useDeleteFilesFromTable.tsx(23,17): error TS7006: Parameter 'data' implicitly has an 'any' type.
src/hooks/Files/useDeleteFilesFromTable.tsx(23,23): error TS7006: Parameter 'variables' implicitly has an 'any' type.
src/hooks/Files/useDeleteFilesFromTable.tsx(23,34): error TS7006: Parameter 'context' implicitly has an 'any' type.
src/hooks/Files/useDeleteFilesFromTable.tsx(35,15): error TS7006: Parameter 'error' implicitly has an 'any' type.
src/hooks/Files/useDragHelpers.ts(10,3): error TS2614: Module '"librechat-data-provider"' has no exported member 'EToolResources'. Did you mean to use 'import EToolResources from "librechat-data-provider"' instead?
src/hooks/Files/useDragHelpers.ts(11,3): error TS2614: Module '"librechat-data-provider"' has no exported member 'AgentCapabilities'. Did you mean to use 'import AgentCapabilities from "librechat-data-provider"' instead?
src/hooks/Files/useDragHelpers.ts(13,3): error TS2614: Module '"librechat-data-provider"' has no exported member 'defaultAgentCapabilities'. Did you mean to use 'import defaultAgentCapabilities from "librechat-data-provider"' instead?
src/hooks/Files/useDragHelpers.ts(32,26): error TS7006: Parameter 'prev' implicitly has an 'any' type.
src/hooks/Files/useFileDeletion.ts(2,10): error TS2614: Module '"librechat-data-provider"' has no exported member 'FileSources'. Did you mean to use 'import FileSources from "librechat-data-provider"' instead?
src/hooks/Files/useFileDeletion.ts(2,23): error TS2614: Module '"librechat-data-provider"' has no exported member 'EToolResources'. Did you mean to use 'import EToolResources from "librechat-data-provider"' instead?
src/hooks/Files/useFileDeletion.ts(2,39): error TS2614: Module '"librechat-data-provider"' has no exported member 'removeNullishValues'. Did you mean to use 'import removeNullishValues from "librechat-data-provider"' instead?
src/hooks/Files/useFileDeletion.ts(17,41): error TS2694: Namespace '"librechat-data-provider"' has no exported member 'DeleteFilesResponse'.
src/hooks/Files/useFileDeletion.ts(17,73): error TS2694: Namespace '"librechat-data-provider"' has no exported member 'DeleteFilesBody'.
src/hooks/Files/useFileDeletion.ts(22,51): error TS2694: Namespace '"librechat-data-provider"' has no exported member 'BatchFile'.
src/hooks/Files/useFileDeletion.ts(32,24): error TS2694: Namespace '"librechat-data-provider"' has no exported member 'BatchFile'.
src/hooks/Files/useFileDeletion.ts(58,58): error TS2694: Namespace '"librechat-data-provider"' has no exported member 'TFile'.
src/hooks/Files/useFileDeletion.ts(66,22): error TS2694: Namespace '"librechat-data-provider"' has no exported member 'TFile'.
src/hooks/Files/useFileDeletion.ts(73,21): error TS2694: Namespace '"librechat-data-provider"' has no exported member 'BatchFile'.
src/hooks/Files/useFileDeletion.ts(110,55): error TS2694: Namespace '"librechat-data-provider"' has no exported member 'TFile'.
src/hooks/Files/useFileDeletion.ts(111,27): error TS2694: Namespace '"librechat-data-provider"' has no exported member 'BatchFile'.
src/hooks/Files/useFileHandling.ts(15,15): error TS2724: '"librechat-data-provider"' has no exported member named 'EndpointFileConfig'. Did you mean 'TEndpointsConfig'?
src/hooks/Files/useFileHandling.ts(15,53): error TS2614: Module '"librechat-data-provider"' has no exported member 'TError'. Did you mean to use 'import TError from "librechat-data-provider"' instead?
src/hooks/Files/useFileHandling.ts(28,22): error TS2749: 'EModelEndpoint' refers to a value, but is being used as a type here. Did you mean 'typeof EModelEndpoint'?
src/hooks/Files/useFileHandling.ts(97,19): error TS7006: Parameter 'data' implicitly has an 'any' type.
src/hooks/Files/useFileHandling.ts(132,17): error TS7006: Parameter '_error' implicitly has an 'any' type.
src/hooks/Files/useFileHandling.ts(132,25): error TS7006: Parameter 'body' implicitly has an 'any' type.
src/hooks/index.ts(22,15): error TS2614: Module '"./useLocalize"' has no exported member 'TranslationKeys'. Did you mean to use 'import TranslationKeys from "./useLocalize"' instead?
src/hooks/Input/useAutoSave.ts(5,15): error TS2614: Module '"librechat-data-provider"' has no exported member 'TFile'. Did you mean to use 'import TFile from "librechat-data-provider"' instead?
src/hooks/Input/useHandleKeyUp.ts(3,10): error TS2614: Module '"librechat-data-provider"' has no exported member 'PermissionTypes'. Did you mean to use 'import PermissionTypes from "librechat-data-provider"' instead?
src/hooks/Input/useHandleKeyUp.ts(3,27): error TS2614: Module '"librechat-data-provider"' has no exported member 'Permissions'. Did you mean to use 'import Permissions from "librechat-data-provider"' instead?
src/hooks/Input/useMentions.ts(4,3): error TS2614: Module '"librechat-data-provider"' has no exported member 'Permissions'. Did you mean to use 'import Permissions from "librechat-data-provider"' instead?
src/hooks/Input/useMentions.ts(5,3): error TS2614: Module '"librechat-data-provider"' has no exported member 'alternateName'. Did you mean to use 'import alternateName from "librechat-data-provider"' instead?
src/hooks/Input/useMentions.ts(7,3): error TS2614: Module '"librechat-data-provider"' has no exported member 'PermissionTypes'. Did you mean to use 'import PermissionTypes from "librechat-data-provider"' instead?
src/hooks/Input/useMentions.ts(9,3): error TS2614: Module '"librechat-data-provider"' has no exported member 'getConfigDefaults'. Did you mean to use 'import getConfigDefaults from "librechat-data-provider"' instead?
src/hooks/Input/useMentions.ts(33,15): error TS2749: 'EModelEndpoint' refers to a value, but is being used as a type here. Did you mean 'typeof EModelEndpoint'?
src/hooks/Input/useMentions.ts(37,6): error TS7031: Binding element 'id' implicitly has an 'any' type.
src/hooks/Input/useMentions.ts(37,10): error TS7031: Binding element 'name' implicitly has an 'any' type.
src/hooks/Input/useMentions.ts(37,16): error TS7031: Binding element 'description' implicitly has an 'any' type.
src/hooks/Input/useMentions.ts(72,21): error TS7031: Binding element 'id' implicitly has an 'any' type.
src/hooks/Input/useMentions.ts(72,25): error TS7031: Binding element 'name' implicitly has an 'any' type.
src/hooks/Input/useMentions.ts(72,31): error TS7031: Binding element 'description' implicitly has an 'any' type.
src/hooks/Input/useMentions.ts(86,26): error TS7031: Binding element 'id' implicitly has an 'any' type.
src/hooks/Input/useMentions.ts(86,30): error TS7031: Binding element 'name' implicitly has an 'any' type.
src/hooks/Input/useMentions.ts(86,36): error TS7031: Binding element 'avatar' implicitly has an 'any' type.
src/hooks/Input/useMentions.ts(145,38): error TS2538: Type 'symbol' cannot be used as an index type.
src/hooks/Input/useMentions.ts(160,57): error TS7006: Parameter 'modelSpec' implicitly has an 'any' type.
src/hooks/Input/useMultipleKeys.ts(18,5): error TS7053: Element implicitly has an 'any' type because expression of type 'string' can't be used to index type '{}'.
  No index signature with a parameter of type 'string' was found on type '{}'.
src/hooks/Input/useQueryParams.ts(9,3): error TS2614: Module '"librechat-data-provider"' has no exported member 'tQueryParamsSchema'. Did you mean to use 'import tQueryParamsSchema from "librechat-data-provider"' instead?
src/hooks/Input/useQueryParams.ts(121,39): error TS7006: Parameter 's' implicitly has an 'any' type.
src/hooks/Input/useQueryParams.ts(139,19): error TS2339: Property 'type' does not exist on type '{}'.
src/hooks/Input/useQueryParams.ts(175,52): error TS2749: 'EModelEndpoint' refers to a value, but is being used as a type here. Did you mean 'typeof EModelEndpoint'?
src/hooks/Input/useSelectMention.ts(79,52): error TS2749: 'EModelEndpoint' refers to a value, but is being used as a type here. Did you mean 'typeof EModelEndpoint'?
src/hooks/Input/useSelectMention.ts(124,21): error TS2749: 'EModelEndpoint' refers to a value, but is being used as a type here. Did you mean 'typeof EModelEndpoint'?
src/hooks/Input/useSelectMention.ts(230,52): error TS2749: 'EModelEndpoint' refers to a value, but is being used as a type here. Did you mean 'typeof EModelEndpoint'?
src/hooks/Input/useSpeechToTextBrowser.ts(4,57): error TS7016: Could not find a declaration file for module 'react-speech-recognition'. '/Users/msc/Desktop/SIGMACODE/sigmacodeai/node_modules/.pnpm/react-speech-recognition@3.10.0_react@18.3.1/node_modules/react-speech-recognition/lib/index.js' implicitly has an 'any' type.
  Try `npm i --save-dev @types/react-speech-recognition` if it exists or add a new declaration (.d.ts) file containing `declare module 'react-speech-recognition';`
src/hooks/Input/useSpeechToTextExternal.ts(32,17): error TS7006: Parameter 'data' implicitly has an 'any' type.
src/hooks/Input/useTextarea.ts(4,15): error TS2614: Module '"librechat-data-provider"' has no exported member 'TEndpointOption'. Did you mean to use 'import TEndpointOption from "librechat-data-provider"' instead?
src/hooks/Input/useTextToSpeech.ts(3,10): error TS2614: Module '"librechat-data-provider"' has no exported member 'parseTextParts'. Did you mean to use 'import parseTextParts from "librechat-data-provider"' instead?
src/hooks/Input/useTextToSpeech.ts(4,15): error TS2614: Module '"librechat-data-provider"' has no exported member 'TMessageContentParts'. Did you mean to use 'import TMessageContentParts from "librechat-data-provider"' instead?
src/hooks/Input/useTextToSpeech.ts(61,12): error TS7053: Element implicitly has an 'any' type because expression of type 'string' can't be used to index type '{ browser: (text: string) => void; external: (text: string, download: boolean) => void; }'.
  No index signature with a parameter of type 'string' was found on type '{ browser: (text: string) => void; external: (text: string, download: boolean) => void; }'.
src/hooks/Input/useTextToSpeech.ts(69,12): error TS7053: Element implicitly has an 'any' type because expression of type 'string' can't be used to index type '{ browser: () => void; external: () => void; }'.
  No index signature with a parameter of type 'string' was found on type '{ browser: () => void; external: () => void; }'.
src/hooks/Input/useTextToSpeech.ts(77,12): error TS7053: Element implicitly has an 'any' type because expression of type 'string' can't be used to index type '{ browser: boolean; external: boolean; }'.
  No index signature with a parameter of type 'string' was found on type '{ browser: boolean; external: boolean; }'.
src/hooks/Input/useTextToSpeech.ts(86,12): error TS7053: Element implicitly has an 'any' type because expression of type 'string' can't be used to index type '{ browser: VoiceOption[]; external: any; }'.
  No index signature with a parameter of type 'string' was found on type '{ browser: VoiceOption[]; external: any; }'.
src/hooks/Input/useTextToSpeechExternal.ts(94,16): error TS7006: Parameter 'variables' implicitly has an 'any' type.
src/hooks/Input/useTextToSpeechExternal.ts(103,42): error TS7006: Parameter 'variables' implicitly has an 'any' type.
src/hooks/MCP/useMCPServerManager.ts(10,15): error TS2614: Module '"librechat-data-provider"' has no exported member 'TUpdateUserPlugins'. Did you mean to use 'import TUpdateUserPlugins from "librechat-data-provider"' instead?
src/hooks/MCP/useMCPServerManager.ts(46,31): error TS18046: 'config' is of type 'unknown'.
src/hooks/MCP/useMCPServerManager.ts(450,24): error TS18046: 'config' is of type 'unknown'.
src/hooks/MCP/useMCPServerManager.ts(451,30): error TS18046: 'config' is of type 'unknown'.
src/hooks/MCP/useMCPServerManager.ts(495,49): error TS7006: Parameter 'field' implicitly has an 'any' type.
src/hooks/MCP/useMCPServerManager.ts(505,49): error TS7006: Parameter 'field' implicitly has an 'any' type.
src/hooks/Messages/useCopyToClipboard.spec.ts(3,10): error TS2614: Module '"librechat-data-provider"' has no exported member 'ContentTypes'. Did you mean to use 'import ContentTypes from "librechat-data-provider"' instead?
src/hooks/Messages/useCopyToClipboard.spec.ts(5,3): error TS2614: Module '"librechat-data-provider"' has no exported member 'SearchResultData'. Did you mean to use 'import SearchResultData from "librechat-data-provider"' instead?
src/hooks/Messages/useCopyToClipboard.spec.ts(6,3): error TS2614: Module '"librechat-data-provider"' has no exported member 'ProcessedOrganic'. Did you mean to use 'import ProcessedOrganic from "librechat-data-provider"' instead?
src/hooks/Messages/useCopyToClipboard.spec.ts(7,3): error TS2614: Module '"librechat-data-provider"' has no exported member 'TMessageContentParts'. Did you mean to use 'import TMessageContentParts from "librechat-data-provider"' instead?
src/hooks/Messages/useCopyToClipboard.ts(3,10): error TS2614: Module '"librechat-data-provider"' has no exported member 'ContentTypes'. Did you mean to use 'import ContentTypes from "librechat-data-provider"' instead?
src/hooks/Messages/useCopyToClipboard.ts(3,24): error TS2614: Module '"librechat-data-provider"' has no exported member 'SearchResultData'. Did you mean to use 'import SearchResultData from "librechat-data-provider"' instead?
src/hooks/Messages/useCopyToClipboard.ts(57,39): error TS7006: Parameter 'acc' implicitly has an 'any' type.
src/hooks/Messages/useCopyToClipboard.ts(57,44): error TS7006: Parameter 'curr' implicitly has an 'any' type.
src/hooks/Messages/useCopyToClipboard.ts(57,50): error TS7006: Parameter 'i' implicitly has an 'any' type.
src/hooks/Messages/useMessageActions.tsx(7,3): error TS2614: Module '"librechat-data-provider"' has no exported member 'TUpdateFeedbackRequest'. Did you mean to use 'import TUpdateFeedbackRequest from "librechat-data-provider"' instead?
src/hooks/Messages/useMessageActions.tsx(8,3): error TS2614: Module '"librechat-data-provider"' has no exported member 'getTagByKey'. Did you mean to use 'import getTagByKey from "librechat-data-provider"' instead?
src/hooks/Messages/useMessageActions.tsx(9,3): error TS2614: Module '"librechat-data-provider"' has no exported member 'TFeedback'. Did you mean to use 'import TFeedback from "librechat-data-provider"' instead?
src/hooks/Messages/useMessageActions.tsx(10,3): error TS2614: Module '"librechat-data-provider"' has no exported member 'toMinimalFeedback'. Did you mean to use 'import toMinimalFeedback from "librechat-data-provider"' instead?
src/hooks/Messages/useMessageActions.tsx(11,3): error TS2614: Module '"librechat-data-provider"' has no exported member 'SearchResultData'. Did you mean to use 'import SearchResultData from "librechat-data-provider"' instead?
src/hooks/Messages/useSearchResultsByTurn.ts(2,30): error TS2614: Module '"librechat-data-provider"' has no exported member 'SearchResultData'. Did you mean to use 'import SearchResultData from "librechat-data-provider"' instead?
src/hooks/Messages/useSubmitMessage.ts(4,21): error TS2614: Module '"librechat-data-provider"' has no exported member 'replaceSpecialVars'. Did you mean to use 'import replaceSpecialVars from "librechat-data-provider"' instead?
src/hooks/Nav/useSideNavLinks.ts(7,3): error TS2614: Module '"librechat-data-provider"' has no exported member 'PermissionTypes'. Did you mean to use 'import PermissionTypes from "librechat-data-provider"' instead?
src/hooks/Nav/useSideNavLinks.ts(8,3): error TS2614: Module '"librechat-data-provider"' has no exported member 'isParamEndpoint'. Did you mean to use 'import isParamEndpoint from "librechat-data-provider"' instead?
src/hooks/Nav/useSideNavLinks.ts(10,3): error TS2614: Module '"librechat-data-provider"' has no exported member 'Permissions'. Did you mean to use 'import Permissions from "librechat-data-provider"' instead?
src/hooks/Nav/useSideNavLinks.ts(12,15): error TS2614: Module '"librechat-data-provider"' has no exported member 'TInterfaceConfig'. Did you mean to use 'import TInterfaceConfig from "librechat-data-provider"' instead?
src/hooks/Nav/useSideNavLinks.ts(35,14): error TS2749: 'EModelEndpoint' refers to a value, but is being used as a type here. Did you mean 'typeof EModelEndpoint'?
src/hooks/Nav/useSideNavLinks.ts(36,18): error TS2749: 'EModelEndpoint' refers to a value, but is being used as a type here. Did you mean 'typeof EModelEndpoint'?
src/hooks/Plugins/useAuthCodeTool.ts(3,10): error TS2614: Module '"librechat-data-provider"' has no exported member 'AuthType'. Did you mean to use 'import AuthType from "librechat-data-provider"' instead?
src/hooks/Plugins/useAuthSearchTool.ts(3,10): error TS2614: Module '"librechat-data-provider"' has no exported member 'AuthType'. Did you mean to use 'import AuthType from "librechat-data-provider"' instead?
src/hooks/Plugins/useMCPSelect.ts(76,26): error TS7006: Parameter 'prev' implicitly has an 'any' type.
src/hooks/Plugins/usePluginInstall.ts(5,3): error TS2614: Module '"librechat-data-provider"' has no exported member 'TError'. Did you mean to use 'import TError from "librechat-data-provider"' instead?
src/hooks/Plugins/usePluginInstall.ts(7,3): error TS2614: Module '"librechat-data-provider"' has no exported member 'TUpdateUserPlugins'. Did you mean to use 'import TUpdateUserPlugins from "librechat-data-provider"' instead?
src/hooks/Plugins/usePluginInstall.ts(9,3): error TS2614: Module '"librechat-data-provider"' has no exported member 'TPluginAction'. Did you mean to use 'import TPluginAction from "librechat-data-provider"' instead?
src/hooks/Plugins/useToolCallsMap.ts(1,10): error TS2614: Module '"librechat-data-provider"' has no exported member 'ToolCallResult'. Did you mean to use 'import ToolCallResult from "librechat-data-provider"' instead?
src/hooks/Plugins/useToolToggle.ts(5,15): error TS2614: Module '"librechat-data-provider"' has no exported member 'VerifyToolAuthResponse'. Did you mean to use 'import VerifyToolAuthResponse from "librechat-data-provider"' instead?
src/hooks/Plugins/useToolToggle.ts(29,20): error TS2749: 'LocalStorageKeys' refers to a value, but is being used as a type here. Did you mean 'typeof LocalStorageKeys'?
src/hooks/Plugins/useToolToggle.ts(107,26): error TS7006: Parameter 'prev' implicitly has an 'any' type.
src/hooks/Prompts/useCategories.tsx(22,17): error TS7006: Parameter 'category' implicitly has an 'any' type.
src/hooks/Prompts/usePromptGroupsNav.ts(38,36): error TS7015: Element implicitly has an 'any' type because index expression is not of type 'number'.
src/hooks/Roles/useHasAccess.ts(2,22): error TS2614: Module '"librechat-data-provider"' has no exported member 'PermissionTypes'. Did you mean to use 'import PermissionTypes from "librechat-data-provider"' instead?
src/hooks/Roles/useHasAccess.ts(2,39): error TS2614: Module '"librechat-data-provider"' has no exported member 'Permissions'. Did you mean to use 'import Permissions from "librechat-data-provider"' instead?
src/hooks/ScreenshotContext.tsx(66,38): error TS7031: Binding element 'children' implicitly has an 'any' type.
src/hooks/SSE/useAttachmentHandler.ts(4,28): error TS2724: '"librechat-data-provider"' has no exported member named 'EventSubmission'. Did you mean 'TSubmission'?
src/hooks/SSE/useContentHandler.ts(2,10): error TS2614: Module '"librechat-data-provider"' has no exported member 'ContentTypes'. Did you mean to use 'import ContentTypes from "librechat-data-provider"' instead?
src/hooks/SSE/useContentHandler.ts(6,3): error TS2614: Module '"librechat-data-provider"' has no exported member 'Text'. Did you mean to use 'import Text from "librechat-data-provider"' instead?
src/hooks/SSE/useContentHandler.ts(8,3): error TS2614: Module '"librechat-data-provider"' has no exported member 'ImageFile'. Did you mean to use 'import ImageFile from "librechat-data-provider"' instead?
src/hooks/SSE/useContentHandler.ts(9,3): error TS2614: Module '"librechat-data-provider"' has no exported member 'ContentPart'. Did you mean to use 'import ContentPart from "librechat-data-provider"' instead?
src/hooks/SSE/useContentHandler.ts(10,3): error TS2614: Module '"librechat-data-provider"' has no exported member 'PartMetadata'. Did you mean to use 'import PartMetadata from "librechat-data-provider"' instead?
src/hooks/SSE/useContentHandler.ts(11,3): error TS2614: Module '"librechat-data-provider"' has no exported member 'TContentData'. Did you mean to use 'import TContentData from "librechat-data-provider"' instead?
src/hooks/SSE/useContentHandler.ts(12,3): error TS2724: '"librechat-data-provider"' has no exported member named 'EventSubmission'. Did you mean 'TSubmission'?
src/hooks/SSE/useContentHandler.ts(13,3): error TS2614: Module '"librechat-data-provider"' has no exported member 'TMessageContentParts'. Did you mean to use 'import TMessageContentParts from "librechat-data-provider"' instead?
src/hooks/SSE/useEventHandlers.ts(9,3): error TS2614: Module '"librechat-data-provider"' has no exported member 'EndpointURLs'. Did you mean to use 'import EndpointURLs from "librechat-data-provider"' instead?
src/hooks/SSE/useEventHandlers.ts(10,3): error TS2614: Module '"librechat-data-provider"' has no exported member 'ContentTypes'. Did you mean to use 'import ContentTypes from "librechat-data-provider"' instead?
src/hooks/SSE/useEventHandlers.ts(11,3): error TS2614: Module '"librechat-data-provider"' has no exported member 'tPresetSchema'. Did you mean to use 'import tPresetSchema from "librechat-data-provider"' instead?
src/hooks/SSE/useEventHandlers.ts(12,3): error TS2614: Module '"librechat-data-provider"' has no exported member 'tMessageSchema'. Did you mean to use 'import tMessageSchema from "librechat-data-provider"' instead?
src/hooks/SSE/useEventHandlers.ts(13,3): error TS2614: Module '"librechat-data-provider"' has no exported member 'tConvoUpdateSchema'. Did you mean to use 'import tConvoUpdateSchema from "librechat-data-provider"' instead?
src/hooks/SSE/useEventHandlers.ts(16,40): error TS2724: '"librechat-data-provider"' has no exported member named 'EventSubmission'. Did you mean 'TSubmission'?
src/hooks/SSE/useEventHandlers.ts(272,26): error TS7006: Parameter 'prevState' implicitly has an 'any' type.
src/hooks/SSE/useEventHandlers.ts(287,42): error TS7006: Parameter 'msg' implicitly has an 'any' type.
src/hooks/SSE/useEventHandlers.ts(305,26): error TS7006: Parameter 'prevState' implicitly has an 'any' type.
src/hooks/SSE/useEventHandlers.ts(329,26): error TS7006: Parameter 'prevState' implicitly has an 'any' type.
src/hooks/SSE/useEventHandlers.ts(379,26): error TS7006: Parameter 'prevState' implicitly has an 'any' type.
src/hooks/SSE/useEventHandlers.ts(403,26): error TS7006: Parameter 'prevState' implicitly has an 'any' type.
src/hooks/SSE/useEventHandlers.ts(532,26): error TS7006: Parameter 'prevState' implicitly has an 'any' type.
src/hooks/SSE/useSSE.ts(11,3): error TS2614: Module '"librechat-data-provider"' has no exported member 'removeNullishValues'. Did you mean to use 'import removeNullishValues from "librechat-data-provider"' instead?
src/hooks/SSE/useSSE.ts(13,25): error TS2614: Module '"librechat-data-provider"' has no exported member 'TPayload'. Did you mean to use 'import TPayload from "librechat-data-provider"' instead?
src/hooks/SSE/useSSE.ts(13,48): error TS2724: '"librechat-data-provider"' has no exported member named 'EventSubmission'. Did you mean 'TSubmission'?
src/hooks/SSE/useSSE.ts(103,9): error TS7034: Variable 'textIndex' implicitly has type 'any' in some locations where its type cannot be determined.
src/hooks/SSE/useSSE.ts(148,39): error TS7005: Variable 'textIndex' implicitly has an 'any' type.
src/hooks/SSE/useStepHandler.ts(2,10): error TS2614: Module '"librechat-data-provider"' has no exported member 'StepTypes'. Did you mean to use 'import StepTypes from "librechat-data-provider"' instead?
src/hooks/SSE/useStepHandler.ts(2,21): error TS2614: Module '"librechat-data-provider"' has no exported member 'ContentTypes'. Did you mean to use 'import ContentTypes from "librechat-data-provider"' instead?
src/hooks/SSE/useStepHandler.ts(2,35): error TS2614: Module '"librechat-data-provider"' has no exported member 'ToolCallTypes'. Did you mean to use 'import ToolCallTypes from "librechat-data-provider"' instead?
src/hooks/SSE/useStepHandler.ts(2,50): error TS2614: Module '"librechat-data-provider"' has no exported member 'getNonEmptyValue'. Did you mean to use 'import getNonEmptyValue from "librechat-data-provider"' instead?
src/hooks/SSE/useStepHandler.ts(4,3): error TS2724: '"librechat-data-provider"' has no exported member named 'Agents'. Did you mean 'Agent'?
src/hooks/SSE/useStepHandler.ts(6,3): error TS2614: Module '"librechat-data-provider"' has no exported member 'PartMetadata'. Did you mean to use 'import PartMetadata from "librechat-data-provider"' instead?
src/hooks/SSE/useStepHandler.ts(7,3): error TS2724: '"librechat-data-provider"' has no exported member named 'EventSubmission'. Did you mean 'TSubmission'?
src/hooks/SSE/useStepHandler.ts(8,3): error TS2614: Module '"librechat-data-provider"' has no exported member 'TMessageContentParts'. Did you mean to use 'import TMessageContentParts from "librechat-data-provider"' instead?
src/hooks/SSE/useStepHandler.ts(345,50): error TS7006: Parameter 'toolCallDelta' implicitly has an 'any' type.
src/hooks/useNewConvo.ts(6,3): error TS2614: Module '"librechat-data-provider"' has no exported member 'FileSources'. Did you mean to use 'import FileSources from "librechat-data-provider"' instead?
src/hooks/useNewConvo.ts(8,3): error TS2614: Module '"librechat-data-provider"' has no exported member 'isParamEndpoint'. Did you mean to use 'import isParamEndpoint from "librechat-data-provider"' instead?
src/hooks/useNewConvo.ts(16,3): error TS2614: Module '"librechat-data-provider"' has no exported member 'TModelsConfig'. Did you mean to use 'import TModelsConfig from "librechat-data-provider"' instead?
src/hooks/useNewConvo.ts(59,15): error TS7006: Parameter 'error' implicitly has an 'any' type.
src/hooks/useNewConvo.ts(104,72): error TS2749: 'EModelEndpoint' refers to a value, but is being used as a type here. Did you mean 'typeof EModelEndpoint'?
src/hooks/useNewConvo.ts(115,69): error TS2538: Type 'symbol' cannot be used as an index type.
src/hooks/useNewConvo.ts(115,69): error TS2538: Type 'undefined' cannot be used as an index type.
src/hooks/useNewConvo.ts(117,54): error TS2538: Type 'symbol' cannot be used as an index type.
src/hooks/useNewConvo.ts(117,54): error TS2538: Type 'undefined' cannot be used as an index type.
src/hooks/useNewConvo.ts(128,62): error TS2731: Implicit conversion of a 'symbol' to a 'string' will fail at runtime. Consider wrapping this expression in 'String(...)'.
src/hooks/useNewConvo.ts(140,15): error TS2322: Type 'string | number | symbol | undefined' is not assignable to type 'string'.
  Type 'undefined' is not assignable to type 'string'.
src/hooks/usePersonalizationAccess.ts(1,10): error TS2614: Module '"librechat-data-provider"' has no exported member 'PermissionTypes'. Did you mean to use 'import PermissionTypes from "librechat-data-provider"' instead?
src/hooks/usePersonalizationAccess.ts(1,27): error TS2614: Module '"librechat-data-provider"' has no exported member 'Permissions'. Did you mean to use 'import Permissions from "librechat-data-provider"' instead?
src/locales/Translation.spec.ts(3,20): error TS2307: Cannot find module './fr/translation.json' or its corresponding type declarations.
src/locales/Translation.spec.ts(4,21): error TS2307: Cannot find module './es/translation.json' or its corresponding type declarations.
src/locales/Translation.spec.ts(17,19): error TS2345: Argument of type '"com_ui_examples"' is not assignable to parameter of type '"com_auth_error_login_server" | TemplateStringsArray | "com_ui_cancel" | "com_ui_oauth_meta_title" | "com_ui_oauth_meta_description" | "com_ui_oauth_success_title" | ... 533 more ... | ("com_auth_error_login_server" | ... 537 more ... | "landing:uspDeepDive.subtitle")[]'.
src/locales/Translation.spec.ts(17,52): error TS2339: Property 'com_ui_examples' does not exist on type '{ com_auth_click_here: string; com_auth_create_account: string; com_auth_email_verification_redirecting: string; com_auth_error_create: string; com_auth_error_invalid_reset_token: string; ... 33 more ...; admin: { ...; }; }'.
src/locales/Translation.spec.ts(22,19): error TS2345: Argument of type '"com_ui_examples"' is not assignable to parameter of type '"com_auth_error_login_server" | TemplateStringsArray | "com_ui_cancel" | "com_ui_oauth_meta_title" | "com_ui_oauth_meta_description" | "com_ui_oauth_success_title" | ... 533 more ... | ("com_auth_error_login_server" | ... 537 more ... | "landing:uspDeepDive.subtitle")[]'.
src/locales/Translation.spec.ts(27,19): error TS2345: Argument of type '"com_ui_examples"' is not assignable to parameter of type '"com_auth_error_login_server" | TemplateStringsArray | "com_ui_cancel" | "com_ui_oauth_meta_title" | "com_ui_oauth_meta_description" | "com_ui_oauth_success_title" | ... 533 more ... | ("com_auth_error_login_server" | ... 537 more ... | "landing:uspDeepDive.subtitle")[]'.
src/locales/Translation.spec.ts(33,19): error TS2345: Argument of type '"com_ui_examples"' is not assignable to parameter of type '"com_auth_error_login_server" | TemplateStringsArray | "com_ui_cancel" | "com_ui_oauth_meta_title" | "com_ui_oauth_meta_description" | "com_ui_oauth_success_title" | ... 533 more ... | ("com_auth_error_login_server" | ... 537 more ... | "landing:uspDeepDive.subtitle")[]'.
src/locales/Translation.spec.ts(33,52): error TS2339: Property 'com_ui_examples' does not exist on type '{ com_auth_click_here: string; com_auth_create_account: string; com_auth_email_verification_redirecting: string; com_auth_error_create: string; com_auth_error_invalid_reset_token: string; ... 33 more ...; admin: { ...; }; }'.
src/locales/Translation.spec.ts(43,19): error TS2769: No overload matches this call.
  Overload 1 of 2, '(key: "com_auth_error_login_server" | TemplateStringsArray | "com_ui_cancel" | "com_ui_oauth_meta_title" | "com_ui_oauth_meta_description" | "com_ui_oauth_success_title" | ... 533 more ... | ("com_auth_error_login_server" | ... 537 more ... | "landing:uspDeepDive.subtitle")[], options?: { ...; } | undefined): unknown', gave the following error.
    Argument of type '"com_endpoint_default_with_num"' is not assignable to parameter of type '"com_auth_error_login_server" | TemplateStringsArray | "com_ui_cancel" | "com_ui_oauth_meta_title" | "com_ui_oauth_meta_description" | "com_ui_oauth_success_title" | ... 533 more ... | ("com_auth_error_login_server" | ... 537 more ... | "landing:uspDeepDive.subtitle")[]'.
  Overload 2 of 2, '(key: "com_auth_error_login_server" | TemplateStringsArray | "com_ui_cancel" | "com_ui_oauth_meta_title" | "com_ui_oauth_meta_description" | "com_ui_oauth_success_title" | ... 533 more ... | ("com_auth_error_login_server" | ... 537 more ... | "landing:uspDeepDive.subtitle")[], defaultValue: string, options?: (TOptionsBase & $Dictionary) | undefined): unknown', gave the following error.
    Argument of type '"com_endpoint_default_with_num"' is not assignable to parameter of type '"com_auth_error_login_server" | TemplateStringsArray | "com_ui_cancel" | "com_ui_oauth_meta_title" | "com_ui_oauth_meta_description" | "com_ui_oauth_success_title" | ... 533 more ... | ("com_auth_error_login_server" | ... 537 more ... | "landing:uspDeepDive.subtitle")[]'.
src/locales/Translation.spec.ts(46,19): error TS2769: No overload matches this call.
  Overload 1 of 2, '(key: "com_auth_error_login_server" | TemplateStringsArray | "com_ui_cancel" | "com_ui_oauth_meta_title" | "com_ui_oauth_meta_description" | "com_ui_oauth_success_title" | ... 533 more ... | ("com_auth_error_login_server" | ... 537 more ... | "landing:uspDeepDive.subtitle")[], options?: { ...; } | undefined): unknown', gave the following error.
    Argument of type '"com_endpoint_default_with_num"' is not assignable to parameter of type '"com_auth_error_login_server" | TemplateStringsArray | "com_ui_cancel" | "com_ui_oauth_meta_title" | "com_ui_oauth_meta_description" | "com_ui_oauth_success_title" | ... 533 more ... | ("com_auth_error_login_server" | ... 537 more ... | "landing:uspDeepDive.subtitle")[]'.
  Overload 2 of 2, '(key: "com_auth_error_login_server" | TemplateStringsArray | "com_ui_cancel" | "com_ui_oauth_meta_title" | "com_ui_oauth_meta_description" | "com_ui_oauth_success_title" | ... 533 more ... | ("com_auth_error_login_server" | ... 537 more ... | "landing:uspDeepDive.subtitle")[], defaultValue: string, options?: (TOptionsBase & $Dictionary) | undefined): unknown', gave the following error.
    Argument of type '"com_endpoint_default_with_num"' is not assignable to parameter of type '"com_auth_error_login_server" | TemplateStringsArray | "com_ui_cancel" | "com_ui_oauth_meta_title" | "com_ui_oauth_meta_description" | "com_ui_oauth_success_title" | ... 533 more ... | ("com_auth_error_login_server" | ... 537 more ... | "landing:uspDeepDive.subtitle")[]'.
src/Providers/AgentPanelContext.tsx(3,15): error TS2614: Module '"librechat-data-provider"' has no exported member 'MCP'. Did you mean to use 'import MCP from "librechat-data-provider"' instead?
src/Providers/AgentPanelContext.tsx(3,20): error TS2614: Module '"librechat-data-provider"' has no exported member 'Action'. Did you mean to use 'import Action from "librechat-data-provider"' instead?
src/Providers/AgentPanelContext.tsx(3,37): error TS2614: Module '"librechat-data-provider"' has no exported member 'AgentToolType'. Did you mean to use 'import AgentToolType from "librechat-data-provider"' instead?
src/Providers/AgentPanelContext.tsx(93,5): error TS2353: Object literal may only specify known properties, and 'agentsConfig' does not exist in type 'AgentPanelContextType'.
src/Providers/AgentsContext.tsx(21,42): error TS7031: Binding element 'children' implicitly has an 'any' type.
src/Providers/AssistantsContext.tsx(3,10): error TS2614: Module '"librechat-data-provider"' has no exported member 'defaultAssistantFormValues'. Did you mean to use 'import defaultAssistantFormValues from "librechat-data-provider"' instead?
src/Providers/AssistantsContext.tsx(21,46): error TS7031: Binding element 'children' implicitly has an 'any' type.
src/Providers/BadgeRowContext.tsx(3,46): error TS2614: Module '"librechat-data-provider"' has no exported member 'AgentCapabilities'. Did you mean to use 'import AgentCapabilities from "librechat-data-provider"' instead?
src/Providers/BadgeRowContext.tsx(4,15): error TS2724: '"librechat-data-provider"' has no exported member named 'TAgentsEndpoint'. Did you mean 'isAgentsEndpoint'?
src/Providers/BadgeRowContext.tsx(112,26): error TS7006: Parameter 'prev' implicitly has an 'any' type.
src/Providers/BookmarkContext.tsx(2,15): error TS2724: '"librechat-data-provider"' has no exported member named 'TConversationTag'. Did you mean 'TConversation'?
src/Providers/SearchContext.tsx(2,15): error TS2614: Module '"librechat-data-provider"' has no exported member 'SearchResultData'. Did you mean to use 'import SearchResultData from "librechat-data-provider"' instead?
src/Providers/SidePanelContext.tsx(6,14): error TS2749: 'EModelEndpoint' refers to a value, but is being used as a type here. Did you mean 'typeof EModelEndpoint'?
src/routes/Layouts/DashBreadcrumb.tsx(3,10): error TS2614: Module '"librechat-data-provider"' has no exported member 'SystemRoles'. Did you mean to use 'import SystemRoles from "librechat-data-provider"' instead?
src/routes/RequireAdmin.tsx(4,10): error TS2614: Module '"librechat-data-provider"' has no exported member 'SystemRoles'. Did you mean to use 'import SystemRoles from "librechat-data-provider"' instead?
src/store/families.ts(95,51): error TS7006: Parameter 'el' implicitly has an 'any' type.
src/store/settings.ts(13,29): error TS2749: 'SettingsViews' refers to a value, but is being used as a type here. Did you mean 'typeof SettingsViews'?
src/utils/artifacts.ts(2,10): error TS2614: Module '"librechat-data-provider"' has no exported member 'shadcnComponents'. Did you mean to use 'import shadcnComponents from "librechat-data-provider"' instead?
src/utils/artifacts.ts(64,10): error TS7053: Element implicitly has an 'any' type because expression of type 'string' can't be used to index type '{ 'application/vnd.mermaid': string; 'application/vnd.react': string; 'text/html': string; 'application/vnd.code-html': string; default: string; }'.
  No index signature with a parameter of type 'string' was found on type '{ 'application/vnd.mermaid': string; 'application/vnd.react': string; 'text/html': string; 'application/vnd.code-html': string; default: string; }'.
src/utils/artifacts.ts(69,10): error TS7053: Element implicitly has an 'any' type because expression of type 'string' can't be used to index type 'Record<"default" | "text/html" | "application/vnd.mermaid" | "application/vnd.react" | "application/vnd.code-html", "react" | "node" | "solid" | "static" | "angular" | "react-ts" | ... 17 more ... | undefined>'.
  No index signature with a parameter of type 'string' was found on type 'Record<"default" | "text/html" | "application/vnd.mermaid" | "application/vnd.react" | "application/vnd.code-html", "react" | "node" | "solid" | "static" | "angular" | "react-ts" | ... 17 more ... | undefined>'.
src/utils/artifacts.ts(129,10): error TS7053: Element implicitly has an 'any' type because expression of type 'string' can't be used to index type 'Record<"default" | "text/html" | "application/vnd.mermaid" | "application/vnd.react" | "application/vnd.code-html", object>'.
  No index signature with a parameter of type 'string' was found on type 'Record<"default" | "text/html" | "application/vnd.mermaid" | "application/vnd.react" | "application/vnd.code-html", object>'.
src/utils/buildDefaultConvo.ts(2,3): error TS2614: Module '"librechat-data-provider"' has no exported member 'parseConvo'. Did you mean to use 'import parseConvo from "librechat-data-provider"' instead?
src/utils/buildDefaultConvo.ts(7,30): error TS2614: Module '"librechat-data-provider"' has no exported member 'EndpointSchemaKey'. Did you mean to use 'import EndpointSchemaKey from "librechat-data-provider"' instead?
src/utils/buildDefaultConvo.ts(18,14): error TS2749: 'EModelEndpoint' refers to a value, but is being used as a type here. Did you mean 'typeof EModelEndpoint'?
src/utils/buildTree.ts(1,10): error TS2614: Module '"librechat-data-provider"' has no exported member 'TFile'. Did you mean to use 'import TFile from "librechat-data-provider"' instead?
src/utils/buildTree.ts(31,50): error TS7006: Parameter 'file' implicitly has an 'any' type.
src/utils/cleanupPreset.ts(1,10): error TS2614: Module '"librechat-data-provider"' has no exported member 'parseConvo'. Did you mean to use 'import parseConvo from "librechat-data-provider"' instead?
src/utils/collection.ts(15,3): error TS7053: Element implicitly has an 'any' type because expression of type 'string' can't be used to index type 'unknown'.
  No index signature with a parameter of type 'string' was found on type 'unknown'.
src/utils/collection.ts(30,5): error TS7053: Element implicitly has an 'any' type because expression of type 'string' can't be used to index type 'unknown'.
  No index signature with a parameter of type 'string' was found on type 'unknown'.
src/utils/collection.ts(35,12): error TS7053: Element implicitly has an 'any' type because expression of type 'string' can't be used to index type 'unknown'.
  No index signature with a parameter of type 'string' was found on type 'unknown'.
src/utils/collection.ts(64,5): error TS7053: Element implicitly has an 'any' type because expression of type 'string' can't be used to index type 'unknown'.
  No index signature with a parameter of type 'string' was found on type 'unknown'.
src/utils/collection.ts(66,5): error TS7053: Element implicitly has an 'any' type because expression of type 'string' can't be used to index type 'unknown'.
  No index signature with a parameter of type 'string' was found on type 'unknown'.
src/utils/collection.ts(108,57): error TS7053: Element implicitly has an 'any' type because expression of type 'string' can't be used to index type 'unknown'.
  No index signature with a parameter of type 'string' was found on type 'unknown'.
src/utils/collection.ts(147,5): error TS7053: Element implicitly has an 'any' type because expression of type 'string' can't be used to index type 'unknown'.
  No index signature with a parameter of type 'string' was found on type 'unknown'.
src/utils/collection.ts(153,21): error TS7053: Element implicitly has an 'any' type because expression of type 'string' can't be used to index type 'unknown'.
  No index signature with a parameter of type 'string' was found on type 'unknown'.
src/utils/collection.ts(163,5): error TS7053: Element implicitly has an 'any' type because expression of type 'string' can't be used to index type 'unknown'.
  No index signature with a parameter of type 'string' was found on type 'unknown'.
src/utils/conversationTags.ts(16,36): error TS7006: Parameter 't' implicitly has an 'any' type.
src/utils/conversationTags.ts(29,43): error TS7006: Parameter 't' implicitly has an 'any' type.
src/utils/conversationTags.ts(33,28): error TS7006: Parameter 't' implicitly has an 'any' type.
src/utils/convos.spec.ts(68,49): error TS7031: Binding element 'convs' implicitly has an 'any' type.
src/utils/convos.spec.ts(68,71): error TS7006: Parameter 'c' implicitly has an 'any' type.
src/utils/convos.spec.ts(86,28): error TS7031: Binding element 'key' implicitly has an 'any' type.
src/utils/convos.spec.ts(111,28): error TS7031: Binding element 'key' implicitly has an 'any' type.
src/utils/convos.spec.ts(112,33): error TS7006: Parameter 'c' implicitly has an 'any' type.
src/utils/convos.spec.ts(113,33): error TS7006: Parameter 'c' implicitly has an 'any' type.
src/utils/convos.spec.ts(114,33): error TS7006: Parameter 'c' implicitly has an 'any' type.
src/utils/convos.spec.ts(128,33): error TS7006: Parameter 'c' implicitly has an 'any' type.
src/utils/convos.spec.ts(178,40): error TS7031: Binding element 'key' implicitly has an 'any' type.
src/utils/convos.spec.ts(183,40): error TS7031: Binding element 'key' implicitly has an 'any' type.
src/utils/convos.spec.ts(189,10): error TS7006: Parameter 'total' implicitly has an 'any' type.
src/utils/convos.spec.ts(189,18): error TS7031: Binding element '_' implicitly has an 'any' type.
src/utils/convos.spec.ts(189,21): error TS7031: Binding element 'convos' implicitly has an 'any' type.
src/utils/convos.ts(13,30): error TS2614: Module '"librechat-data-provider"' has no exported member 'GroupedConversations'. Did you mean to use 'import GroupedConversations from "librechat-data-provider"' instead?
src/utils/createChatSearchParams.ts(4,3): error TS2614: Module '"librechat-data-provider"' has no exported member 'tQueryParamsSchema'. Did you mean to use 'import tQueryParamsSchema from "librechat-data-provider"' instead?
src/utils/forms.tsx(3,3): error TS2614: Module '"librechat-data-provider"' has no exported member 'FileSources'. Did you mean to use 'import FileSources from "librechat-data-provider"' instead?
src/utils/forms.tsx(4,3): error TS2614: Module '"librechat-data-provider"' has no exported member 'alternateName'. Did you mean to use 'import alternateName from "librechat-data-provider"' instead?
src/utils/forms.tsx(6,3): error TS2614: Module '"librechat-data-provider"' has no exported member 'EToolResources'. Did you mean to use 'import EToolResources from "librechat-data-provider"' instead?
src/utils/forms.tsx(8,3): error TS2614: Module '"librechat-data-provider"' has no exported member 'defaultAgentFormValues'. Did you mean to use 'import defaultAgentFormValues from "librechat-data-provider"' instead?
src/utils/forms.tsx(10,22): error TS2614: Module '"librechat-data-provider"' has no exported member 'TFile'. Did you mean to use 'import TFile from "librechat-data-provider"' instead?
src/utils/forms.tsx(137,49): error TS7006: Parameter 'file_id' implicitly has an 'any' type.
src/utils/forms.tsx(147,57): error TS7006: Parameter 'file_id' implicitly has an 'any' type.
src/utils/forms.tsx(157,58): error TS7006: Parameter 'file_id' implicitly has an 'any' type.
src/utils/index.ts(27,33): error TS7016: Could not find a declaration file for module './getThemeFromEnv'. '/Users/msc/Desktop/SIGMACODE/sigmacodeai/client/src/utils/getThemeFromEnv.js' implicitly has an 'any' type.
src/utils/localStorage.ts(1,43): error TS2614: Module '"librechat-data-provider"' has no exported member 'isUUID'. Did you mean to use 'import isUUID from "librechat-data-provider"' instead?
src/utils/map.ts(28,35): error TS2694: Namespace '"librechat-data-provider"' has no exported member 'TFile'.
src/utils/map.ts(29,42): error TS2694: Namespace '"librechat-data-provider"' has no exported member 'TFile'.
src/utils/map.ts(103,43): error TS2694: Namespace '"librechat-data-provider"' has no exported member 'ToolCallResults'.
src/utils/map.ts(104,20): error TS2694: Namespace '"librechat-data-provider"' has no exported member 'ToolCallResult'.
src/utils/map.ts(107,6): error TS7006: Parameter 'acc' implicitly has an 'any' type.
src/utils/map.ts(107,11): error TS7006: Parameter 'call' implicitly has an 'any' type.
src/utils/map.ts(115,30): error TS2694: Namespace '"librechat-data-provider"' has no exported member 'ToolCallResult'.
src/utils/memory.ts(1,46): error TS2614: Module '"librechat-data-provider"' has no exported member 'MemoryArtifact'. Did you mean to use 'import MemoryArtifact from "librechat-data-provider"' instead?
src/utils/memory.ts(24,45): error TS7006: Parameter 'm' implicitly has an 'any' type.
src/utils/messages.ts(1,10): error TS2614: Module '"librechat-data-provider"' has no exported member 'ContentTypes'. Did you mean to use 'import ContentTypes from "librechat-data-provider"' instead?
src/utils/messages.ts(2,25): error TS2614: Module '"librechat-data-provider"' has no exported member 'TMessageContentParts'. Did you mean to use 'import TMessageContentParts from "librechat-data-provider"' instead?
src/utils/messages.ts(54,16): error TS7006: Parameter 'part' implicitly has an 'any' type.
src/utils/messages.ts(55,13): error TS7006: Parameter 'part' implicitly has an 'any' type.
src/utils/messages.ts(56,16): error TS7006: Parameter 'text' implicitly has an 'any' type.
src/utils/presets.ts(4,34): error TS2749: 'EModelEndpoint' refers to a value, but is being used as a type here. Did you mean 'typeof EModelEndpoint'?
src/utils/presets.ts(65,16): error TS7006: Parameter 'tool' implicitly has an 'any' type.
src/utils/presets.ts(75,13): error TS7006: Parameter 'tool' implicitly has an 'any' type.
src/utils/promptGroups.ts(1,10): error TS2614: Module '"librechat-data-provider"' has no exported member 'InfiniteCollections'. Did you mean to use 'import InfiniteCollections from "librechat-data-provider"' instead?
src/utils/promptGroups.ts(4,3): error TS2614: Module '"librechat-data-provider"' has no exported member 'PromptGroupListResponse'. Did you mean to use 'import PromptGroupListResponse from "librechat-data-provider"' instead?
src/utils/promptGroups.ts(5,3): error TS2614: Module '"librechat-data-provider"' has no exported member 'PromptGroupListData'. Did you mean to use 'import PromptGroupListData from "librechat-data-provider"' instead?
src/utils/promptGroups.ts(6,3): error TS2614: Module '"librechat-data-provider"' has no exported member 'TPromptGroup'. Did you mean to use 'import TPromptGroup from "librechat-data-provider"' instead?
src/utils/promptGroups.ts(27,44): error TS7006: Parameter 'group' implicitly has an 'any' type.
src/utils/promptGroups.ts(39,44): error TS7006: Parameter 'group' implicitly has an 'any' type.
src/utils/promptGroups.ts(50,44): error TS7006: Parameter 'group' implicitly has an 'any' type.
src/utils/prompts.ts(1,10): error TS2614: Module '"librechat-data-provider"' has no exported member 'specialVariables'. Did you mean to use 'import specialVariables from "librechat-data-provider"' instead?
src/utils/prompts.ts(2,15): error TS2614: Module '"librechat-data-provider"' has no exported member 'TPromptGroup'. Did you mean to use 'import TPromptGroup from "librechat-data-provider"' instead?
